C:/Users/mames/Documents/progetti_stm32/skyArm_v2/ili9341/ili9341.c:39:13:ILI9341_SetAddressWindow	40	static
C:/Users/mames/Documents/progetti_stm32/skyArm_v2/ili9341/ili9341.c:9:6:ILI9341_Unselect	0	static
C:/Users/mames/Documents/progetti_stm32/skyArm_v2/ili9341/ili9341.c:58:6:ILI9341_Init	48	static
C:/Users/mames/Documents/progetti_stm32/skyArm_v2/ili9341/ili9341.c:213:6:ILI9341_SetOrientation	24	static
C:/Users/mames/Documents/progetti_stm32/skyArm_v2/ili9341/ili9341.c:225:6:ILI9341_DrawPixel	24	static
C:/Users/mames/Documents/progetti_stm32/skyArm_v2/ili9341/ili9341.c:257:6:ILI9341_WriteString	96	static
C:/Users/mames/Documents/progetti_stm32/skyArm_v2/ili9341/ili9341.c:283:6:ILI9341_FillRectangle	56	static
C:/Users/mames/Documents/progetti_stm32/skyArm_v2/ili9341/ili9341.c:303:6:ILI9341_FillScreen	24	static
C:/Users/mames/Documents/progetti_stm32/skyArm_v2/ili9341/ili9341.c:307:6:ILI9341_DrawImage	24	static
C:/Users/mames/Documents/progetti_stm32/skyArm_v2/ili9341/ili9341.c:318:6:ILI9341_InvertColors	16	static
