C:/Users/mames/Documents/progetti_stm32/skyArm_v2/graphics/tilesFunctions.c:48:6:noop	0	static
C:/Users/mames/Documents/progetti_stm32/skyArm_v2/graphics/tilesFunctions.c:50:6:rotateScreen	8	static
C:/Users/mames/Documents/progetti_stm32/skyArm_v2/graphics/tilesFunctions.c:65:6:displayAcqStatus	0	static
C:/Users/mames/Documents/progetti_stm32/skyArm_v2/graphics/tilesFunctions.c:78:6:pauseAcq	56	static
C:/Users/mames/Documents/progetti_stm32/skyArm_v2/graphics/tilesFunctions.c:97:6:dispMeasInTiles	64	static
C:/Users/mames/Documents/progetti_stm32/skyArm_v2/graphics/tilesFunctions.c:115:6:showMeas	0	static
C:/Users/mames/Documents/progetti_stm32/skyArm_v2/graphics/tilesFunctions.c:125:6:calibrateDist	32	static
C:/Users/mames/Documents/progetti_stm32/skyArm_v2/graphics/tilesFunctions.c:148:6:saveConfigs	8	static
C:/Users/mames/Documents/progetti_stm32/skyArm_v2/graphics/tilesFunctions.c:162:6:defaultConfigs	16	static
C:/Users/mames/Documents/progetti_stm32/skyArm_v2/graphics/tilesFunctions.c:185:6:setZero	16	static
C:/Users/mames/Documents/progetti_stm32/skyArm_v2/graphics/tilesFunctions.c:200:6:showLogStatus	0	static
C:/Users/mames/Documents/progetti_stm32/skyArm_v2/graphics/tilesFunctions.c:213:6:enableLog	0	static
C:/Users/mames/Documents/progetti_stm32/skyArm_v2/graphics/tilesFunctions.c:221:6:disableLog	4	static
C:/Users/mames/Documents/progetti_stm32/skyArm_v2/graphics/tilesFunctions.c:229:6:resetLogFile	8	static
C:/Users/mames/Documents/progetti_stm32/skyArm_v2/graphics/tilesFunctions.c:235:6:dumpLog	200	static
C:/Users/mames/Documents/progetti_stm32/skyArm_v2/graphics/tilesFunctions.c:254:6:displayMonStatus	0	static
C:/Users/mames/Documents/progetti_stm32/skyArm_v2/graphics/tilesFunctions.c:267:6:enableMon	0	static
C:/Users/mames/Documents/progetti_stm32/skyArm_v2/graphics/tilesFunctions.c:275:6:disableMon	0	static
C:/Users/mames/Documents/progetti_stm32/skyArm_v2/graphics/tilesFunctions.c:308:6:calibrateAng	0	static
