C:/Users/mames/Documents/progetti_stm32/skyArm_v2/graphics/tilesFunctions.c:49:6:noop	0	static
C:/Users/mames/Documents/progetti_stm32/skyArm_v2/graphics/tilesFunctions.c:51:6:rotateScreen	8	static
C:/Users/mames/Documents/progetti_stm32/skyArm_v2/graphics/tilesFunctions.c:66:6:displayAcqStatus	0	static
C:/Users/mames/Documents/progetti_stm32/skyArm_v2/graphics/tilesFunctions.c:79:6:pauseAcq	56	static
C:/Users/mames/Documents/progetti_stm32/skyArm_v2/graphics/tilesFunctions.c:98:6:dispMeasInTiles	64	static
C:/Users/mames/Documents/progetti_stm32/skyArm_v2/graphics/tilesFunctions.c:116:6:showMeas	0	static
C:/Users/mames/Documents/progetti_stm32/skyArm_v2/graphics/tilesFunctions.c:126:6:calibrateDist	32	static
C:/Users/mames/Documents/progetti_stm32/skyArm_v2/graphics/tilesFunctions.c:153:6:crossTalkCalib	32	static
C:/Users/mames/Documents/progetti_stm32/skyArm_v2/graphics/tilesFunctions.c:180:6:saveConfigs	8	static
C:/Users/mames/Documents/progetti_stm32/skyArm_v2/graphics/tilesFunctions.c:194:6:defaultConfigs	16	static
C:/Users/mames/Documents/progetti_stm32/skyArm_v2/graphics/tilesFunctions.c:223:6:setZero	16	static
C:/Users/mames/Documents/progetti_stm32/skyArm_v2/graphics/tilesFunctions.c:238:6:showLogStatus	0	static
C:/Users/mames/Documents/progetti_stm32/skyArm_v2/graphics/tilesFunctions.c:251:6:enableLog	0	static
C:/Users/mames/Documents/progetti_stm32/skyArm_v2/graphics/tilesFunctions.c:259:6:disableLog	4	static
C:/Users/mames/Documents/progetti_stm32/skyArm_v2/graphics/tilesFunctions.c:267:6:resetLogFile	8	static
C:/Users/mames/Documents/progetti_stm32/skyArm_v2/graphics/tilesFunctions.c:273:6:dumpLog	200	static
C:/Users/mames/Documents/progetti_stm32/skyArm_v2/graphics/tilesFunctions.c:292:6:displayMonStatus	0	static
C:/Users/mames/Documents/progetti_stm32/skyArm_v2/graphics/tilesFunctions.c:305:6:enableMon	0	static
C:/Users/mames/Documents/progetti_stm32/skyArm_v2/graphics/tilesFunctions.c:313:6:disableMon	0	static
C:/Users/mames/Documents/progetti_stm32/skyArm_v2/graphics/tilesFunctions.c:346:6:calibrateAng	0	static
