C:/Users/mames/Documents/progetti_stm32/skyArm_v2/graphics/tilesFunctions.c:49:6:noop	0	static
C:/Users/mames/Documents/progetti_stm32/skyArm_v2/graphics/tilesFunctions.c:51:6:rotateScreen	8	static
C:/Users/mames/Documents/progetti_stm32/skyArm_v2/graphics/tilesFunctions.c:67:6:displayAcqStatus	0	static
C:/Users/mames/Documents/progetti_stm32/skyArm_v2/graphics/tilesFunctions.c:80:6:pauseAcq	56	static
C:/Users/mames/Documents/progetti_stm32/skyArm_v2/graphics/tilesFunctions.c:99:6:dispMeasInTiles	64	static
C:/Users/mames/Documents/progetti_stm32/skyArm_v2/graphics/tilesFunctions.c:117:6:showMeas	0	static
C:/Users/mames/Documents/progetti_stm32/skyArm_v2/graphics/tilesFunctions.c:127:6:calibrateDist	32	static
C:/Users/mames/Documents/progetti_stm32/skyArm_v2/graphics/tilesFunctions.c:155:6:crossTalkCalib	32	static
C:/Users/mames/Documents/progetti_stm32/skyArm_v2/graphics/tilesFunctions.c:183:6:saveConfigs	8	static
C:/Users/mames/Documents/progetti_stm32/skyArm_v2/graphics/tilesFunctions.c:197:6:defaultConfigs	16	static
C:/Users/mames/Documents/progetti_stm32/skyArm_v2/graphics/tilesFunctions.c:226:6:setZero	16	static
C:/Users/mames/Documents/progetti_stm32/skyArm_v2/graphics/tilesFunctions.c:241:6:showLogStatus	0	static
C:/Users/mames/Documents/progetti_stm32/skyArm_v2/graphics/tilesFunctions.c:254:6:enableLog	0	static
C:/Users/mames/Documents/progetti_stm32/skyArm_v2/graphics/tilesFunctions.c:262:6:disableLog	4	static
C:/Users/mames/Documents/progetti_stm32/skyArm_v2/graphics/tilesFunctions.c:270:6:resetLogFile	8	static
C:/Users/mames/Documents/progetti_stm32/skyArm_v2/graphics/tilesFunctions.c:276:6:dumpLog	200	static
C:/Users/mames/Documents/progetti_stm32/skyArm_v2/graphics/tilesFunctions.c:295:6:displayMonStatus	0	static
C:/Users/mames/Documents/progetti_stm32/skyArm_v2/graphics/tilesFunctions.c:308:6:enableMon	0	static
C:/Users/mames/Documents/progetti_stm32/skyArm_v2/graphics/tilesFunctions.c:316:6:disableMon	0	static
C:/Users/mames/Documents/progetti_stm32/skyArm_v2/graphics/tilesFunctions.c:349:6:calibrateAng	0	static
