C:/Users/mames/Documents/progetti_stm32/skyArm/sh1106/sh1106.c:8:6:sh1106_Reset	8	static
C:/Users/mames/Documents/progetti_stm32/skyArm/sh1106/sh1106.c:19:6:sh1106_WriteCommand	32	static
C:/Users/mames/Documents/progetti_stm32/skyArm/sh1106/sh1106.c:30:6:sh1106_WriteData	288	static
C:/Users/mames/Documents/progetti_stm32/skyArm/sh1106/sh1106.c:86:16:sh1106_FillBuffer	24	static
C:/Users/mames/Documents/progetti_stm32/skyArm/sh1106/sh1106.c:98:6:sh1106_Init	8	static
C:/Users/mames/Documents/progetti_stm32/skyArm/sh1106/sh1106.c:207:6:sh1106_Fill	24	static
C:/Users/mames/Documents/progetti_stm32/skyArm/sh1106/sh1106.c:219:6:sh1106_UpdateScreen	16	static
C:/Users/mames/Documents/progetti_stm32/skyArm/sh1106/sh1106.c:240:6:sh1106_DrawPixel	16	static
C:/Users/mames/Documents/progetti_stm32/skyArm/sh1106/sh1106.c:263:6:sh1106_WriteChar	48	static
C:/Users/mames/Documents/progetti_stm32/skyArm/sh1106/sh1106.c:304:6:sh1106_WriteString	24	static
C:/Users/mames/Documents/progetti_stm32/skyArm/sh1106/sh1106.c:324:6:sh1106_SetCursor	16	static
C:/Users/mames/Documents/progetti_stm32/skyArm/sh1106/sh1106.c:331:6:sh1106_Line	48	static
C:/Users/mames/Documents/progetti_stm32/skyArm/sh1106/sh1106.c:368:6:sh1106_Polyline	40	static
C:/Users/mames/Documents/progetti_stm32/skyArm/sh1106/sh1106.c:385:14:sh1106_DegToRad	16	static
C:/Users/mames/Documents/progetti_stm32/skyArm/sh1106/sh1106.c:390:17:sh1106_NormalizeTo0_360	24	static
C:/Users/mames/Documents/progetti_stm32/skyArm/sh1106/sh1106.c:408:6:sh1106_DrawArc	56	static
C:/Users/mames/Documents/progetti_stm32/skyArm/sh1106/sh1106.c:446:6:sh1106_DrawCircle	40	static
C:/Users/mames/Documents/progetti_stm32/skyArm/sh1106/sh1106.c:497:6:sh1106_DrawRectangle	32	static
C:/Users/mames/Documents/progetti_stm32/skyArm/sh1106/sh1106.c:509:6:sh1106_DrawBitmap	24	static
C:/Users/mames/Documents/progetti_stm32/skyArm/sh1106/sh1106.c:534:6:sh1106_SetContrast	24	static
C:/Users/mames/Documents/progetti_stm32/skyArm/sh1106/sh1106.c:541:6:sh1106_SetDisplayOn	24	static
C:/Users/mames/Documents/progetti_stm32/skyArm/sh1106/sh1106.c:557:9:sh1106_GetDisplayOn	4	static
