../icm20948Lib/Invn/Devices/Drivers/Icm20948/Icm20948Transport.h:63:19:inv_icm20948_read_reg_one	24	static
../icm20948Lib/Invn/Devices/Drivers/Icm20948/Icm20948Setup.c:51:16:sensor_type_2_android_sensor	16	static
../icm20948Lib/Invn/Devices/Drivers/Icm20948/Icm20948Setup.c:78:26:inv_icm20948_sensor_android_2_sensor_type	16	static
../icm20948Lib/Invn/Devices/Drivers/Icm20948/Icm20948Setup.c:105:12:skip_sensor	24	static
../icm20948Lib/Invn/Devices/Drivers/Icm20948/Icm20948Setup.c:117:5:inv_icm20948_get_whoami	16	static
../icm20948Lib/Invn/Devices/Drivers/Icm20948/Icm20948Setup.c:122:6:inv_icm20948_init_matrix	16	static
../icm20948Lib/Invn/Devices/Drivers/Icm20948/Icm20948Setup.c:142:5:inv_icm20948_init_structure	24	static
../icm20948Lib/Invn/Devices/Drivers/Icm20948/Icm20948Setup.c:157:5:inv_icm20948_initialize	24	static
../icm20948Lib/Invn/Devices/Drivers/Icm20948/Icm20948Setup.c:176:5:inv_icm20948_init_scale	16	static
../icm20948Lib/Invn/Devices/Drivers/Icm20948/Icm20948Setup.c:185:5:inv_icm20948_set_fsr	40	static
../icm20948Lib/Invn/Devices/Drivers/Icm20948/Icm20948Setup.c:223:5:inv_icm20948_get_fsr	40	static
../icm20948Lib/Invn/Devices/Drivers/Icm20948/Icm20948Setup.c:265:5:inv_icm20948_set_bias	56	static
../icm20948Lib/Invn/Devices/Drivers/Icm20948/Icm20948Setup.c:308:5:inv_icm20948_get_bias	56	static
../icm20948Lib/Invn/Devices/Drivers/Icm20948/Icm20948Setup.c:351:5:inv_icm20948_set_lowpower_or_highperformance	16	static
../icm20948Lib/Invn/Devices/Drivers/Icm20948/Icm20948Setup.c:361:5:inv_icm20948_get_lowpower_or_highperformance	16	static
../icm20948Lib/Invn/Devices/Drivers/Icm20948/Icm20948Setup.c:368:13:DmpDriver_convertion	24	static
../icm20948Lib/Invn/Devices/Drivers/Icm20948/Icm20948Setup.c:377:5:inv_icm20948_set_matrix	104	static
../icm20948Lib/Invn/Devices/Drivers/Icm20948/Icm20948Setup.c:412:5:inv_icm20948_initialize_auxiliary	16	static
../icm20948Lib/Invn/Devices/Drivers/Icm20948/Icm20948Setup.c:419:5:inv_icm20948_soft_reset	24	static
../icm20948Lib/Invn/Devices/Drivers/Icm20948/Icm20948Setup.c:428:5:inv_icm20948_enable_sensor	32	static
../icm20948Lib/Invn/Devices/Drivers/Icm20948/Icm20948Setup.c:442:5:inv_icm20948_set_sensor_period	40	static
../icm20948Lib/Invn/Devices/Drivers/Icm20948/Icm20948Setup.c:455:5:inv_icm20948_enable_batch_timeout	24	static
../icm20948Lib/Invn/Devices/Drivers/Icm20948/Icm20948Setup.c:471:5:inv_icm20948_load	24	static
../icm20948Lib/Invn/Devices/Drivers/Icm20948/Icm20948Setup.c:477:12:inv_icm20948_is_streamed_sensor	16	static
../icm20948Lib/Invn/Devices/Drivers/Icm20948/Icm20948Setup.c:496:16:inv_icm20948_updateTs	224	static
../icm20948Lib/Invn/Devices/Drivers/Icm20948/Icm20948Setup.c:551:5:inv_icm20948_poll_sensor	680	static
