../Core/Src/main.c:888:13:msgPrinter	8	static
../Core/Src/main.c:990:13:sensor_event_cb	48	static
../Core/Src/main.c:975:6:check_rc.part.0	8	static
C:/Users/mames/Documents/progetti_stm32/skyArm_v2/icm20948Lib/Invn/Devices/Device.h:380:19:inv_device_set_sensor_period_us.constprop	8	static
C:/Users/mames/Documents/progetti_stm32/skyArm_v2/icm20948Lib/Invn/Devices/Device.h:335:19:inv_device_start_sensor.constprop	8	static
../Core/Src/main.c:339:6:SystemClock_Config	104	static,ignoring_inline_asm
../Core/Src/main.c:147:5:main	776	static,ignoring_inline_asm
../Core/Src/main.c:850:6:HAL_TIM_PeriodElapsedCallback	8	static
../Core/Src/main.c:875:6:HAL_GPIO_EXTI_Callback	0	static
../Core/Src/main.c:975:6:check_rc	8	static
../Core/Src/main.c:1050:6:Error_Handler	0	static,ignoring_inline_asm
