../Core/Src/main.c:921:13:msgPrinter	8	static
../Core/Src/main.c:1016:13:sensor_event_cb	80	static
../Core/Src/main.c:1009:6:check_rc.part.0	8	static
C:/Users/mames/Documents/progetti_stm32/skyArm_v2/icm20948Lib/Invn/Devices/Device.h:380:19:inv_device_set_sensor_period_us.constprop	8	static
C:/Users/mames/Documents/progetti_stm32/skyArm_v2/icm20948Lib/Invn/Devices/Device.h:335:19:inv_device_start_sensor.constprop	8	static
../Core/Src/main.c:370:6:SystemClock_Config	104	static,ignoring_inline_asm
../Core/Src/main.c:158:5:main	760	static,ignoring_inline_asm
../Core/Src/main.c:854:6:HAL_ADC_ConvCpltCallback	16	static
../Core/Src/main.c:886:6:HAL_TIM_PeriodElapsedCallback	16	static
../Core/Src/main.c:908:6:HAL_GPIO_EXTI_Callback	0	static
../Core/Src/main.c:1009:6:check_rc	8	static
../Core/Src/main.c:1089:6:Error_Handler	0	static,ignoring_inline_asm
