C:/Users/mames/Documents/progetti_stm32/skyArm/icm20948Lib/Invn/Devices/Device.h:199:19:inv_device_poll	16	static
C:/Users/mames/Documents/progetti_stm32/skyArm/icm20948Lib/Invn/Devices/Device.h:335:19:inv_device_start_sensor	16	static
C:/Users/mames/Documents/progetti_stm32/skyArm/icm20948Lib/Invn/Devices/Device.h:380:19:inv_device_set_sensor_period_us	24	static
C:/Users/mames/Documents/progetti_stm32/skyArm/icm20948Lib/Invn/Devices/DeviceIcm20948.h:101:30:inv_device_icm20948_get_base	16	static
../Core/Src/main.c:168:5:main	72	static
../Core/Src/main.c:287:6:SystemClock_Config	96	static
../Core/Src/main.c:337:13:MX_ADC1_Init	32	static
../Core/Src/main.c:413:13:MX_DAC1_Init	48	static
../Core/Src/main.c:464:13:MX_I2C1_Init	8	static
../Core/Src/main.c:512:13:MX_I2C3_Init	8	static
../Core/Src/main.c:560:13:MX_TIM2_Init	40	static
../Core/Src/main.c:605:13:MX_TIM6_Init	24	static
../Core/Src/main.c:643:13:MX_TIM7_Init	24	static
../Core/Src/main.c:681:13:MX_USART2_UART_Init	8	static
../Core/Src/main.c:714:13:MX_DMA_Init	16	static
../Core/Src/main.c:732:13:MX_GPIO_Init	40	static
../Core/Src/main.c:783:6:HAL_GPIO_EXTI_Callback	16	static
../Core/Src/main.c:831:6:HAL_TIM_PeriodElapsedCallback	16	static
../Core/Src/main.c:853:22:initVL53L1X	16	static
../Core/Src/main.c:882:13:msgPrinter	24	static
../Core/Src/main.c:887:22:initICM20948	32	static
../Core/Src/main.c:956:13:check_rc	16	static
../Core/Src/main.c:963:13:sensor_event_cb	48	static
../Core/Src/main.c:1018:16:selectScreen	16	static
../Core/Src/main.c:1031:13:homeAuxFunc	80	static
../Core/Src/main.c:1076:13:updateCursor	24	static
../Core/Src/main.c:1087:13:configAuxFunc	24	static
../Core/Src/main.c:1105:13:infoAuxFunc	16	static
../Core/Src/main.c:1121:13:calibrateVL53L1X	16	static
../Core/Src/main.c:1138:13:calibrateICM20948	16	static
../Core/Src/main.c:1166:13:saveInFlash	4	static
../Core/Src/main.c:1170:13:confFunc	24	static
../Core/Src/main.c:1192:13:joyParseFunc	24	static
../Core/Src/main.c:1221:13:noop	16	static
../Core/Src/main.c:1230:6:Error_Handler	4	static,ignoring_inline_asm
