../Core/Src/main.c:940:13:msgPrinter	8	static
../Core/Src/main.c:1043:13:sensor_event_cb	56	static
../Core/Src/main.c:1028:6:check_rc.part.0	8	static
C:/Users/mames/Documents/progetti_stm32/skyArm_v2/icm20948Lib/Invn/Devices/Device.h:380:19:inv_device_set_sensor_period_us.constprop	8	static
C:/Users/mames/Documents/progetti_stm32/skyArm_v2/icm20948Lib/Invn/Devices/Device.h:335:19:inv_device_start_sensor.constprop	8	static
../Core/Src/main.c:385:6:SystemClock_Config	104	static,ignoring_inline_asm
../Core/Src/main.c:162:5:main	784	static,ignoring_inline_asm
../Core/Src/main.c:869:6:HAL_ADC_ConvCpltCallback	16	static
../Core/Src/main.c:901:7:poly2d	24	static
../Core/Src/main.c:905:6:HAL_TIM_PeriodElapsedCallback	16	static
../Core/Src/main.c:927:6:HAL_GPIO_EXTI_Callback	0	static
../Core/Src/main.c:1028:6:check_rc	8	static
../Core/Src/main.c:1110:6:Error_Handler	0	static,ignoring_inline_asm
