../Core/Src/stm32l4xx_hal_msp.c:66:6:HAL_MspInit	8	static
../Core/Src/stm32l4xx_hal_msp.c:88:6:HAL_ADC_MspInit	112	static
../Core/Src/stm32l4xx_hal_msp.c:150:6:HAL_ADC_MspDeInit	8	static
../Core/Src/stm32l4xx_hal_msp.c:178:6:HAL_DAC_MspInit	40	static
../Core/Src/stm32l4xx_hal_msp.c:212:6:HAL_DAC_MspDeInit	0	static
../Core/Src/stm32l4xx_hal_msp.c:241:6:HAL_I2C_MspInit	120	static
../Core/Src/stm32l4xx_hal_msp.c:287:6:HAL_I2C_MspDeInit	8	static
../Core/Src/stm32l4xx_hal_msp.c:318:6:HAL_SPI_MspInit	48	static
../Core/Src/stm32l4xx_hal_msp.c:376:6:HAL_SPI_MspDeInit	8	static
../Core/Src/stm32l4xx_hal_msp.c:411:6:HAL_TIM_Base_MspInit	24	static
../Core/Src/stm32l4xx_hal_msp.c:461:6:HAL_TIM_Base_MspDeInit	0	static
../Core/Src/stm32l4xx_hal_msp.c:511:6:HAL_UART_MspInit	128	static
../Core/Src/stm32l4xx_hal_msp.c:565:6:HAL_UART_MspDeInit	0	static
