../icm20948Lib/Invn/EmbUtils/DataConverter.c:26:11:inv_dc_int32_to_little8	0	static
../icm20948Lib/Invn/EmbUtils/DataConverter.c:36:11:inv_dc_int16_to_little8	0	static
../icm20948Lib/Invn/EmbUtils/DataConverter.c:44:11:inv_dc_int32_to_big8	0	static
../icm20948Lib/Invn/EmbUtils/DataConverter.c:54:9:inv_dc_little8_to_int32	0	static
../icm20948Lib/Invn/EmbUtils/DataConverter.c:66:9:inv_dc_big16_to_int16	0	static
../icm20948Lib/Invn/EmbUtils/DataConverter.c:77:9:inv_dc_le_to_int16	0	static
../icm20948Lib/Invn/EmbUtils/DataConverter.c:87:6:inv_dc_sfix32_to_float	8	static
../icm20948Lib/Invn/EmbUtils/DataConverter.c:96:6:inv_dc_float_to_sfix32	8	static
