Archive member included to satisfy reference by file (symbol)

c:/st/stm32cubeide_1.8.0/stm32cubeide/plugins/com.st.stm32cube.ide.mcu.externaltools.gnu-tools-for-stm32.10.3-2021.10.win32_1.0.0.202111181127/tools/bin/../lib/gcc/arm-none-eabi/10.3.1/../../../../arm-none-eabi/lib/thumb/v7e-m+fp/hard\libc_nano.a(lib_a-assert.o)
                              ./Core/Src/main.o (__assert_func)
c:/st/stm32cubeide_1.8.0/stm32cubeide/plugins/com.st.stm32cube.ide.mcu.externaltools.gnu-tools-for-stm32.10.3-2021.10.win32_1.0.0.202111181127/tools/bin/../lib/gcc/arm-none-eabi/10.3.1/../../../../arm-none-eabi/lib/thumb/v7e-m+fp/hard\libc_nano.a(lib_a-errno.o)
                              ./Core/Src/retarget.o (__errno)
c:/st/stm32cubeide_1.8.0/stm32cubeide/plugins/com.st.stm32cube.ide.mcu.externaltools.gnu-tools-for-stm32.10.3-2021.10.win32_1.0.0.202111181127/tools/bin/../lib/gcc/arm-none-eabi/10.3.1/../../../../arm-none-eabi/lib/thumb/v7e-m+fp/hard\libc_nano.a(lib_a-exit.o)
                              c:/st/stm32cubeide_1.8.0/stm32cubeide/plugins/com.st.stm32cube.ide.mcu.externaltools.gnu-tools-for-stm32.10.3-2021.10.win32_1.0.0.202111181127/tools/bin/../lib/gcc/arm-none-eabi/10.3.1/../../../../arm-none-eabi/lib/thumb/v7e-m+fp/hard/crt0.o (exit)
c:/st/stm32cubeide_1.8.0/stm32cubeide/plugins/com.st.stm32cube.ide.mcu.externaltools.gnu-tools-for-stm32.10.3-2021.10.win32_1.0.0.202111181127/tools/bin/../lib/gcc/arm-none-eabi/10.3.1/../../../../arm-none-eabi/lib/thumb/v7e-m+fp/hard\libc_nano.a(lib_a-fprintf.o)
                              c:/st/stm32cubeide_1.8.0/stm32cubeide/plugins/com.st.stm32cube.ide.mcu.externaltools.gnu-tools-for-stm32.10.3-2021.10.win32_1.0.0.202111181127/tools/bin/../lib/gcc/arm-none-eabi/10.3.1/../../../../arm-none-eabi/lib/thumb/v7e-m+fp/hard\libc_nano.a(lib_a-assert.o) (fiprintf)
c:/st/stm32cubeide_1.8.0/stm32cubeide/plugins/com.st.stm32cube.ide.mcu.externaltools.gnu-tools-for-stm32.10.3-2021.10.win32_1.0.0.202111181127/tools/bin/../lib/gcc/arm-none-eabi/10.3.1/../../../../arm-none-eabi/lib/thumb/v7e-m+fp/hard\libc_nano.a(lib_a-fputc.o)
                              ./icm20948Lib/Invn/EmbUtils/Message.o (fputc)
c:/st/stm32cubeide_1.8.0/stm32cubeide/plugins/com.st.stm32cube.ide.mcu.externaltools.gnu-tools-for-stm32.10.3-2021.10.win32_1.0.0.202111181127/tools/bin/../lib/gcc/arm-none-eabi/10.3.1/../../../../arm-none-eabi/lib/thumb/v7e-m+fp/hard\libc_nano.a(lib_a-fputs.o)
                              ./icm20948Lib/Invn/EmbUtils/Message.o (fputs)
c:/st/stm32cubeide_1.8.0/stm32cubeide/plugins/com.st.stm32cube.ide.mcu.externaltools.gnu-tools-for-stm32.10.3-2021.10.win32_1.0.0.202111181127/tools/bin/../lib/gcc/arm-none-eabi/10.3.1/../../../../arm-none-eabi/lib/thumb/v7e-m+fp/hard\libc_nano.a(lib_a-impure.o)
                              c:/st/stm32cubeide_1.8.0/stm32cubeide/plugins/com.st.stm32cube.ide.mcu.externaltools.gnu-tools-for-stm32.10.3-2021.10.win32_1.0.0.202111181127/tools/bin/../lib/gcc/arm-none-eabi/10.3.1/../../../../arm-none-eabi/lib/thumb/v7e-m+fp/hard\libc_nano.a(lib_a-exit.o) (_global_impure_ptr)
c:/st/stm32cubeide_1.8.0/stm32cubeide/plugins/com.st.stm32cube.ide.mcu.externaltools.gnu-tools-for-stm32.10.3-2021.10.win32_1.0.0.202111181127/tools/bin/../lib/gcc/arm-none-eabi/10.3.1/../../../../arm-none-eabi/lib/thumb/v7e-m+fp/hard\libc_nano.a(lib_a-init.o)
                              c:/st/stm32cubeide_1.8.0/stm32cubeide/plugins/com.st.stm32cube.ide.mcu.externaltools.gnu-tools-for-stm32.10.3-2021.10.win32_1.0.0.202111181127/tools/bin/../lib/gcc/arm-none-eabi/10.3.1/../../../../arm-none-eabi/lib/thumb/v7e-m+fp/hard/crt0.o (__libc_init_array)
c:/st/stm32cubeide_1.8.0/stm32cubeide/plugins/com.st.stm32cube.ide.mcu.externaltools.gnu-tools-for-stm32.10.3-2021.10.win32_1.0.0.202111181127/tools/bin/../lib/gcc/arm-none-eabi/10.3.1/../../../../arm-none-eabi/lib/thumb/v7e-m+fp/hard\libc_nano.a(lib_a-lock.o)
                              c:/st/stm32cubeide_1.8.0/stm32cubeide/plugins/com.st.stm32cube.ide.mcu.externaltools.gnu-tools-for-stm32.10.3-2021.10.win32_1.0.0.202111181127/tools/bin/../lib/gcc/arm-none-eabi/10.3.1/../../../../arm-none-eabi/lib/thumb/v7e-m+fp/hard\libc_nano.a(lib_a-fputc.o) (__retarget_lock_acquire_recursive)
c:/st/stm32cubeide_1.8.0/stm32cubeide/plugins/com.st.stm32cube.ide.mcu.externaltools.gnu-tools-for-stm32.10.3-2021.10.win32_1.0.0.202111181127/tools/bin/../lib/gcc/arm-none-eabi/10.3.1/../../../../arm-none-eabi/lib/thumb/v7e-m+fp/hard\libc_nano.a(lib_a-memcmp.o)
                              ./icm20948Lib/Invn/Devices/Drivers/Icm20948/Icm20948LoadFirmware.o (memcmp)
c:/st/stm32cubeide_1.8.0/stm32cubeide/plugins/com.st.stm32cube.ide.mcu.externaltools.gnu-tools-for-stm32.10.3-2021.10.win32_1.0.0.202111181127/tools/bin/../lib/gcc/arm-none-eabi/10.3.1/../../../../arm-none-eabi/lib/thumb/v7e-m+fp/hard\libc_nano.a(lib_a-memcpy-stub.o)
                              ./graphics/screen.o (memcpy)
[...]
Memory Configuration

Name             Origin             Length             Attributes
RAM              0x0000000020000000 0x0000000000010000 xrw
RAM2             0x0000000010000000 0x0000000000004000 xrw
FLASH            0x0000000008000000 0x0000000000040000 xr
*default*        0x0000000000000000 0xffffffffffffffff

Linker script and memory map

LOAD c:/st/stm32cubeide_1.8.0/stm32cubeide/plugins/com.st.stm32cube.ide.mcu.externaltools.gnu-tools-for-stm32.10.3-2021.10.win32_1.0.0.202111181127/tools/bin/../lib/gcc/arm-none-eabi/10.3.1/thumb/v7e-m+fp/hard/crti.o
LOAD c:/st/stm32cubeide_1.8.0/stm32cubeide/plugins/com.st.stm32cube.ide.mcu.externaltools.gnu-tools-for-stm32.10.3-2021.10.win32_1.0.0.202111181127/tools/bin/../lib/gcc/arm-none-eabi/10.3.1/thumb/v7e-m+fp/hard/crtbegin.o
LOAD c:/st/stm32cubeide_1.8.0/stm32cubeide/plugins/com.st.stm32cube.ide.mcu.externaltools.gnu-tools-for-stm32.10.3-2021.10.win32_1.0.0.202111181127/tools/bin/../lib/gcc/arm-none-eabi/10.3.1/../../../../arm-none-eabi/lib/thumb/v7e-m+fp/hard/crt0.o
LOAD ./Core/Src/main.o
LOAD ./Core/Src/retarget.o
LOAD ./Core/Src/stm32l4xx_hal_msp.o
LOAD ./Core/Src/stm32l4xx_it.o
LOAD ./Core/Src/sysmem.o
LOAD ./Core/Src/system_stm32l4xx.o
LOAD ./Core/Startup/startup_stm32l432kcux.o
LOAD ./Drivers/STM32L4xx_HAL_Driver/Src/stm32l4xx_hal.o
LOAD ./Drivers/STM32L4xx_HAL_Driver/Src/stm32l4xx_hal_adc.o
LOAD ./Drivers/STM32L4xx_HAL_Driver/Src/stm32l4xx_hal_adc_ex.o
LOAD ./Drivers/STM32L4xx_HAL_Driver/Src/stm32l4xx_hal_cortex.o
LOAD ./Drivers/STM32L4xx_HAL_Driver/Src/stm32l4xx_hal_dac.o
LOAD ./Drivers/STM32L4xx_HAL_Driver/Src/stm32l4xx_hal_dac_ex.o
LOAD ./Drivers/STM32L4xx_HAL_Driver/Src/stm32l4xx_hal_dma.o
LOAD ./Drivers/STM32L4xx_HAL_Driver/Src/stm32l4xx_hal_dma_ex.o
LOAD ./Drivers/STM32L4xx_HAL_Driver/Src/stm32l4xx_hal_exti.o
LOAD ./Drivers/STM32L4xx_HAL_Driver/Src/stm32l4xx_hal_flash.o
LOAD ./Drivers/STM32L4xx_HAL_Driver/Src/stm32l4xx_hal_flash_ex.o
LOAD ./Drivers/STM32L4xx_HAL_Driver/Src/stm32l4xx_hal_flash_ramfunc.o
LOAD ./Drivers/STM32L4xx_HAL_Driver/Src/stm32l4xx_hal_gpio.o
LOAD ./Drivers/STM32L4xx_HAL_Driver/Src/stm32l4xx_hal_i2c.o
LOAD ./Drivers/STM32L4xx_HAL_Driver/Src/stm32l4xx_hal_i2c_ex.o
LOAD ./Drivers/STM32L4xx_HAL_Driver/Src/stm32l4xx_hal_pwr.o
LOAD ./Drivers/STM32L4xx_HAL_Driver/Src/stm32l4xx_hal_pwr_ex.o
LOAD ./Drivers/STM32L4xx_HAL_Driver/Src/stm32l4xx_hal_rcc.o
LOAD ./Drivers/STM32L4xx_HAL_Driver/Src/stm32l4xx_hal_rcc_ex.o
LOAD ./Drivers/STM32L4xx_HAL_Driver/Src/stm32l4xx_hal_spi.o
LOAD ./Drivers/STM32L4xx_HAL_Driver/Src/stm32l4xx_hal_spi_ex.o
LOAD ./Drivers/STM32L4xx_HAL_Driver/Src/stm32l4xx_hal_tim.o
LOAD ./Drivers/STM32L4xx_HAL_Driver/Src/stm32l4xx_hal_tim_ex.o
LOAD ./Drivers/STM32L4xx_HAL_Driver/Src/stm32l4xx_hal_uart.o
LOAD ./Drivers/STM32L4xx_HAL_Driver/Src/stm32l4xx_hal_uart_ex.o
LOAD ./FATFS/App/fatfs.o
LOAD ./FATFS/Target/user_diskio.o
LOAD ./FATFS/Target/user_diskio_spi.o
LOAD ./Middlewares/Third_Party/FatFs/src/diskio.o
LOAD ./Middlewares/Third_Party/FatFs/src/ff.o
LOAD ./Middlewares/Third_Party/FatFs/src/ff_gen_drv.o
LOAD ./Middlewares/Third_Party/FatFs/src/option/syscall.o
LOAD ./graphics/display.o
LOAD ./graphics/screen.o
LOAD ./graphics/tiles.o
LOAD ./graphics/tilesFunctions.o
LOAD ./icm20948Lib/Invn/Devices/DeviceIcm20948.o
LOAD ./icm20948Lib/Invn/Devices/HostSerif.o
LOAD ./icm20948Lib/Invn/Devices/Sensor.o
LOAD ./icm20948Lib/Invn/Devices/Drivers/Icm20948/Icm20948Augmented.o
LOAD ./icm20948Lib/Invn/Devices/Drivers/Icm20948/Icm20948AuxCompassAkm.o
LOAD ./icm20948Lib/Invn/Devices/Drivers/Icm20948/Icm20948AuxTransport.o
LOAD ./icm20948Lib/Invn/Devices/Drivers/Icm20948/Icm20948DataBaseControl.o
LOAD ./icm20948Lib/Invn/Devices/Drivers/Icm20948/Icm20948DataBaseDriver.o
LOAD ./icm20948Lib/Invn/Devices/Drivers/Icm20948/Icm20948DataConverter.o
LOAD ./icm20948Lib/Invn/Devices/Drivers/Icm20948/Icm20948Dmp3Driver.o
LOAD ./icm20948Lib/Invn/Devices/Drivers/Icm20948/Icm20948LoadFirmware.o
LOAD ./icm20948Lib/Invn/Devices/Drivers/Icm20948/Icm20948MPUFifoControl.o
LOAD ./icm20948Lib/Invn/Devices/Drivers/Icm20948/Icm20948SelfTest.o
LOAD ./icm20948Lib/Invn/Devices/Drivers/Icm20948/Icm20948Setup.o
LOAD ./icm20948Lib/Invn/Devices/Drivers/Icm20948/Icm20948Transport.o
LOAD ./icm20948Lib/Invn/EmbUtils/DataConverter.o
LOAD ./icm20948Lib/Invn/EmbUtils/Message.o
LOAD ./ili9341/fonts.o
LOAD ./ili9341/ili9341.o
LOAD ./ili9341/ili9341_touch.o
LOAD ./utilLib/Src/I2CSerifHal.o
LOAD ./utilLib/Src/filesLib.o
LOAD ./utilLib/Src/timerDelay.o
LOAD ./vl53l1x/core/VL53L1X_api.o
LOAD ./vl53l1x/core/VL53L1X_calibration.o
LOAD ./vl53l1x/platform/vl53l1_platform.o
START GROUP
LOAD c:/st/stm32cubeide_1.8.0/stm32cubeide/plugins/com.st.stm32cube.ide.mcu.externaltools.gnu-tools-for-stm32.10.3-2021.10.win32_1.0.0.202111181127/tools/bin/../lib/gcc/arm-none-eabi/10.3.1/../../../../arm-none-eabi/lib/thumb/v7e-m+fp/hard\libc_nano.a
LOAD c:/st/stm32cubeide_1.8.0/stm32cubeide/plugins/com.st.stm32cube.ide.mcu.externaltools.gnu-tools-for-stm32.10.3-2021.10.win32_1.0.0.202111181127/tools/bin/../lib/gcc/arm-none-eabi/10.3.1/../../../../arm-none-eabi/lib/thumb/v7e-m+fp/hard\libm.a
END GROUP
START GROUP
LOAD c:/st/stm32cubeide_1.8.0/stm32cubeide/plugins/com.st.stm32cube.ide.mcu.externaltools.gnu-tools-for-stm32.10.3-2021.10.win32_1.0.0.202111181127/tools/bin/../lib/gcc/arm-none-eabi/10.3.1/thumb/v7e-m+fp/hard\libgcc.a
LOAD c:/st/stm32cubeide_1.8.0/stm32cubeide/plugins/com.st.stm32cube.ide.mcu.externaltools.gnu-tools-for-stm32.10.3-2021.10.win32_1.0.0.202111181127/tools/bin/../lib/gcc/arm-none-eabi/10.3.1/../../../../arm-none-eabi/lib/thumb/v7e-m+fp/hard\libc_nano.a
END GROUP
START GROUP
LOAD c:/st/stm32cubeide_1.8.0/stm32cubeide/plugins/com.st.stm32cube.ide.mcu.externaltools.gnu-tools-for-stm32.10.3-2021.10.win32_1.0.0.202111181127/tools/bin/../lib/gcc/arm-none-eabi/10.3.1/thumb/v7e-m+fp/hard\libgcc.a
LOAD c:/st/stm32cubeide_1.8.0/stm32cubeide/plugins/com.st.stm32cube.ide.mcu.externaltools.gnu-tools-for-stm32.10.3-2021.10.win32_1.0.0.202111181127/tools/bin/../lib/gcc/arm-none-eabi/10.3.1/../../../../arm-none-eabi/lib/thumb/v7e-m+fp/hard\libc_nano.a
LOAD c:/st/stm32cubeide_1.8.0/stm32cubeide/plugins/com.st.stm32cube.ide.mcu.externaltools.gnu-tools-for-stm32.10.3-2021.10.win32_1.0.0.202111181127/tools/bin/../lib/gcc/arm-none-eabi/10.3.1/../../../../arm-none-eabi/lib/thumb/v7e-m+fp/hard\libnosys.a
END GROUP
START GROUP
LOAD c:/st/stm32cubeide_1.8.0/stm32cubeide/plugins/com.st.stm32cube.ide.mcu.externaltools.gnu-tools-for-stm32.10.3-2021.10.win32_1.0.0.202111181127/tools/bin/../lib/gcc/arm-none-eabi/10.3.1/thumb/v7e-m+fp/hard\libgcc.a
LOAD c:/st/stm32cubeide_1.8.0/stm32cubeide/plugins/com.st.stm32cube.ide.mcu.externaltools.gnu-tools-for-stm32.10.3-2021.10.win32_1.0.0.202111181127/tools/bin/../lib/gcc/arm-none-eabi/10.3.1/../../../../arm-none-eabi/lib/thumb/v7e-m+fp/hard\libc_nano.a
LOAD c:/st/stm32cubeide_1.8.0/stm32cubeide/plugins/com.st.stm32cube.ide.mcu.externaltools.gnu-tools-for-stm32.10.3-2021.10.win32_1.0.0.202111181127/tools/bin/../lib/gcc/arm-none-eabi/10.3.1/../../../../arm-none-eabi/lib/thumb/v7e-m+fp/hard\libnosys.a
END GROUP
LOAD c:/st/stm32cubeide_1.8.0/stm32cubeide/plugins/com.st.stm32cube.ide.mcu.externaltools.gnu-tools-for-stm32.10.3-2021.10.win32_1.0.0.202111181127/tools/bin/../lib/gcc/arm-none-eabi/10.3.1/thumb/v7e-m+fp/hard/crtend.o
LOAD c:/st/stm32cubeide_1.8.0/stm32cubeide/plugins/com.st.stm32cube.ide.mcu.externaltools.gnu-tools-for-stm32.10.3-2021.10.win32_1.0.0.202111181127/tools/bin/../lib/gcc/arm-none-eabi/10.3.1/thumb/v7e-m+fp/hard/crtn.o
                0x0000000020010000                _estack = (ORIGIN (RAM) + LENGTH (RAM))
                0x0000000000000200                _Min_Heap_Size = 0x200
                0x0000000000000400                _Min_Stack_Size = 0x400

.isr_vector     0x0000000008000000      0x18c
                0x0000000008000000                . = ALIGN (0x4)
 *(.isr_vector)
 .isr_vector    0x0000000008000000      0x18c ./Core/Startup/startup_stm32l432kcux.o
                0x0000000008000000                g_pfnVectors
                0x000000000800018c                . = ALIGN (0x4)

.text           0x0000000008000190    0x17b6c
                0x0000000008000190                . = ALIGN (0x4)
 *(.text)
 .text          0x0000000008000190       0x40 c:/st/stm32cubeide_1.8.0/stm32cubeide/plugins/com.st.stm32cube.ide.mcu.externaltools.gnu-tools-for-stm32.10.3-2021.10.win32_1.0.0.202111181127/tools/bin/../lib/gcc/arm-none-eabi/10.3.1/thumb/v7e-m+fp/hard/crtbegin.o
 .text          0x00000000080001d0       0x10 c:/st/stm32cubeide_1.8.0/stm32cubeide/plugins/com.st.stm32cube.ide.mcu.externaltools.gnu-tools-for-stm32.10.3-2021.10.win32_1.0.0.202111181127/tools/bin/../lib/gcc/arm-none-eabi/10.3.1/../../../../arm-none-eabi/lib/thumb/v7e-m+fp/hard\libc_nano.a(lib_a-strlen.o)
                0x00000000080001d0                strlen
 .text          0x00000000080001e0       0xa0 c:/st/stm32cubeide_1.8.0/stm32cubeide/plugins/com.st.stm32cube.ide.mcu.externaltools.gnu-tools-for-stm32.10.3-2021.10.win32_1.0.0.202111181127/tools/bin/../lib/gcc/arm-none-eabi/10.3.1/../../../../arm-none-eabi/lib/thumb/v7e-m+fp/hard\libc_nano.a(lib_a-memchr.o)
                0x00000000080001e0                memchr
 .text          0x0000000008000280      0x378 c:/st/stm32cubeide_1.8.0/stm32cubeide/plugins/com.st.stm32cube.ide.mcu.externaltools.gnu-tools-for-stm32.10.3-2021.10.win32_1.0.0.202111181127/tools/bin/../lib/gcc/arm-none-eabi/10.3.1/thumb/v7e-m+fp/hard\libgcc.a(_arm_addsubdf3.o)
                0x0000000008000280                __aeabi_drsub
                0x0000000008000288                __aeabi_dsub
                0x0000000008000288                __subdf3
                0x000000000800028c                __aeabi_dadd
                0x000000000800028c                __adddf3
                0x0000000008000504                __floatunsidf
                0x0000000008000504                __aeabi_ui2d
                0x0000000008000524                __floatsidf
                0x0000000008000524                __aeabi_i2d
                0x0000000008000548                __aeabi_f2d
                0x0000000008000548                __extendsfdf2
                0x000000000800058c                __floatundidf
                0x000000000800058c                __aeabi_ul2d
                0x000000000800059c                __floatdidf
                0x000000000800059c                __aeabi_l2d
 .text          0x00000000080005f8      0x424 c:/st/stm32cubeide_1.8.0/stm32cubeide/plugins/com.st.stm32cube.ide.mcu.externaltools.gnu-tools-for-stm32.10.3-2021.10.win32_1.0.0.202111181127/tools/bin/../lib/gcc/arm-none-eabi/10.3.1/thumb/v7e-m+fp/hard\libgcc.a(_arm_muldivdf3.o)
                0x00000000080005f8                __aeabi_dmul
                0x00000000080005f8                __muldf3
                0x000000000800084c                __divdf3
                0x000000000800084c                __aeabi_ddiv
 .text          0x0000000008000a1c      0x110 c:/st/stm32cubeide_1.8.0/stm32cubeide/plugins/com.st.stm32cube.ide.mcu.externaltools.gnu-tools-for-stm32.10.3-2021.10.win32_1.0.0.202111181127/tools/bin/../lib/gcc/arm-none-eabi/10.3.1/thumb/v7e-m+fp/hard\libgcc.a(_arm_cmpdf2.o)
                0x0000000008000a1c                __gtdf2
                0x0000000008000a1c                __gedf2
                0x0000000008000a24                __ltdf2
                0x0000000008000a24                __ledf2
                0x0000000008000a2c                __nedf2
                0x0000000008000a2c                __eqdf2
                0x0000000008000a2c                __cmpdf2
                0x0000000008000aa8                __aeabi_cdrcmple
                0x0000000008000ab8                __aeabi_cdcmpeq
                0x0000000008000ab8                __aeabi_cdcmple
                0x0000000008000ac8                __aeabi_dcmpeq
                0x0000000008000adc                __aeabi_dcmplt
                0x0000000008000af0                __aeabi_dcmple
                0x0000000008000b04                __aeabi_dcmpge
                0x0000000008000b18                __aeabi_dcmpgt
 .text          0x0000000008000b2c       0x2c c:/st/stm32cubeide_1.8.0/stm32cubeide/plugins/com.st.stm32cube.ide.mcu.externaltools.gnu-tools-for-stm32.10.3-2021.10.win32_1.0.0.202111181127/tools/bin/../lib/gcc/arm-none-eabi/10.3.1/thumb/v7e-m+fp/hard\libgcc.a(_arm_unorddf2.o)
                0x0000000008000b2c                __unorddf2
                0x0000000008000b2c                __aeabi_dcmpun
 .text          0x0000000008000b58       0x50 c:/st/stm32cubeide_1.8.0/stm32cubeide/plugins/com.st.stm32cube.ide.mcu.externaltools.gnu-tools-for-stm32.10.3-2021.10.win32_1.0.0.202111181127/tools/bin/../lib/gcc/arm-none-eabi/10.3.1/thumb/v7e-m+fp/hard\libgcc.a(_arm_fixdfsi.o)
                0x0000000008000b58                __aeabi_d2iz
                0x0000000008000b58                __fixdfsi
 .text          0x0000000008000ba8       0x40 c:/st/stm32cubeide_1.8.0/stm32cubeide/plugins/com.st.stm32cube.ide.mcu.externaltools.gnu-tools-for-stm32.10.3-2021.10.win32_1.0.0.202111181127/tools/bin/../lib/gcc/arm-none-eabi/10.3.1/thumb/v7e-m+fp/hard\libgcc.a(_arm_fixunsdfsi.o)
                0x0000000008000ba8                __aeabi_d2uiz
                0x0000000008000ba8                __fixunsdfsi
 .text          0x0000000008000be8       0xa0 c:/st/stm32cubeide_1.8.0/stm32cubeide/plugins/com.st.stm32cube.ide.mcu.externaltools.gnu-tools-for-stm32.10.3-2021.10.win32_1.0.0.202111181127/tools/bin/../lib/gcc/arm-none-eabi/10.3.1/thumb/v7e-m+fp/hard\libgcc.a(_arm_truncdfsf2.o)
                0x0000000008000be8                __truncdfsf2
                0x0000000008000be8                __aeabi_d2f
 .text          0x0000000008000c88       0x30 c:/st/stm32cubeide_1.8.0/stm32cubeide/plugins/com.st.stm32cube.ide.mcu.externaltools.gnu-tools-for-stm32.10.3-2021.10.win32_1.0.0.202111181127/tools/bin/../lib/gcc/arm-none-eabi/10.3.1/thumb/v7e-m+fp/hard\libgcc.a(_aeabi_uldivmod.o)
                0x0000000008000c88                __aeabi_uldivmod
 .text          0x0000000008000cb8      0x2d0 c:/st/stm32cubeide_1.8.0/stm32cubeide/plugins/com.st.stm32cube.ide.mcu.externaltools.gnu-tools-for-stm32.10.3-2021.10.win32_1.0.0.202111181127/tools/bin/../lib/gcc/arm-none-eabi/10.3.1/thumb/v7e-m+fp/hard\libgcc.a(_udivmoddi4.o)
                0x0000000008000cb8                __udivmoddi4
 .text          0x0000000008000f88        0x4 c:/st/stm32cubeide_1.8.0/stm32cubeide/plugins/com.st.stm32cube.ide.mcu.externaltools.gnu-tools-for-stm32.10.3-2021.10.win32_1.0.0.202111181127/tools/bin/../lib/gcc/arm-none-eabi/10.3.1/thumb/v7e-m+fp/hard\libgcc.a(_dvmd_tls.o)
                0x0000000008000f88                __aeabi_idiv0
                0x0000000008000f88                __aeabi_ldiv0
 *(.text*)
 .text.msgPrinter
                0x0000000008000f8c       0x18 ./Core/Src/main.o
 *fill*         0x0000000008000fa4        0x4 
 .text.sensor_event_cb
                0x0000000008000fa8      0x42c ./Core/Src/main.o
 .text.check_rc.part.0
                0x00000000080013d4       0x14 ./Core/Src/main.o
 .text.inv_device_set_sensor_period_us.constprop.0
                0x00000000080013e8       0x3c ./Core/Src/main.o
 .text.inv_device_start_sensor.constprop.0
                0x0000000008001424       0x38 ./Core/Src/main.o
 *fill*         0x000000000800145c        0x4 
 .text.SystemClock_Config
                0x0000000008001460       0xb0 ./Core/Src/main.o
                0x0000000008001460                SystemClock_Config
 .text.startup.main
                0x0000000008001510      0x964 ./Core/Src/main.o
                0x0000000008001510                main
 .text.HAL_TIM_PeriodElapsedCallback
                0x0000000008001e74       0xa4 ./Core/Src/main.o
                0x0000000008001e74                HAL_TIM_PeriodElapsedCallback
 .text.HAL_GPIO_EXTI_Callback
                0x0000000008001f18        0x4 ./Core/Src/main.o
                0x0000000008001f18                HAL_GPIO_EXTI_Callback
 .text.Error_Handler
                0x0000000008001f1c        0x4 ./Core/Src/main.o
                0x0000000008001f1c                Error_Handler
 .text.RetargetInit
                0x0000000008001f20       0x24 ./Core/Src/retarget.o
                0x0000000008001f20                RetargetInit
 .text._isatty  0x0000000008001f44       0x18 ./Core/Src/retarget.o
                0x0000000008001f44                _isatty
 .text._write   0x0000000008001f5c       0x34 ./Core/Src/retarget.o
                0x0000000008001f5c                _write
 .text._close   0x0000000008001f90       0x18 ./Core/Src/retarget.o
                0x0000000008001f90                _close
 .text._lseek   0x0000000008001fa8       0x10 ./Core/Src/retarget.o
                0x0000000008001fa8                _lseek
 .text._read    0x0000000008001fb8       0x30 ./Core/Src/retarget.o
                0x0000000008001fb8                _read
 .text._fstat   0x0000000008001fe8       0x1c ./Core/Src/retarget.o
                0x0000000008001fe8                _fstat
 .text.HAL_MspInit
                0x0000000008002004       0x30 ./Core/Src/stm32l4xx_hal_msp.o
                0x0000000008002004                HAL_MspInit
 .text.HAL_ADC_MspInit
                0x0000000008002034       0xf4 ./Core/Src/stm32l4xx_hal_msp.o
                0x0000000008002034                HAL_ADC_MspInit
 .text.HAL_DAC_MspInit
                0x0000000008002128       0x74 ./Core/Src/stm32l4xx_hal_msp.o
                0x0000000008002128                HAL_DAC_MspInit
 *fill*         0x000000000800219c        0x4 
 .text.HAL_I2C_MspInit
                0x00000000080021a0       0x90 ./Core/Src/stm32l4xx_hal_msp.o
                0x00000000080021a0                HAL_I2C_MspInit
 .text.HAL_SPI_MspInit
                0x0000000008002230       0xb4 ./Core/Src/stm32l4xx_hal_msp.o
                0x0000000008002230                HAL_SPI_MspInit
 .text.HAL_TIM_Base_MspInit
                0x00000000080022e4       0x9c ./Core/Src/stm32l4xx_hal_msp.o
                0x00000000080022e4                HAL_TIM_Base_MspInit
 .text.HAL_UART_MspInit
                0x0000000008002380       0xa8 ./Core/Src/stm32l4xx_hal_msp.o
                0x0000000008002380                HAL_UART_MspInit
 .text.NMI_Handler
                0x0000000008002428        0x4 ./Core/Src/stm32l4xx_it.o
                0x0000000008002428                NMI_Handler
 .text.HardFault_Handler
                0x000000000800242c        0x4 ./Core/Src/stm32l4xx_it.o
                0x000000000800242c                HardFault_Handler
 .text.MemManage_Handler
                0x0000000008002430        0x4 ./Core/Src/stm32l4xx_it.o
                0x0000000008002430                MemManage_Handler
 .text.BusFault_Handler
                0x0000000008002434        0x4 ./Core/Src/stm32l4xx_it.o
                0x0000000008002434                BusFault_Handler
 .text.UsageFault_Handler
                0x0000000008002438        0x4 ./Core/Src/stm32l4xx_it.o
                0x0000000008002438                UsageFault_Handler
 .text.SVC_Handler
                0x000000000800243c        0x4 ./Core/Src/stm32l4xx_it.o
                0x000000000800243c                SVC_Handler
 .text.DebugMon_Handler
                0x0000000008002440        0x4 ./Core/Src/stm32l4xx_it.o
                0x0000000008002440                DebugMon_Handler
 .text.PendSV_Handler
                0x0000000008002444        0x4 ./Core/Src/stm32l4xx_it.o
                0x0000000008002444                PendSV_Handler
 .text.SysTick_Handler
                0x0000000008002448        0x4 ./Core/Src/stm32l4xx_it.o
                0x0000000008002448                SysTick_Handler
 .text.DMA1_Channel1_IRQHandler
                0x000000000800244c        0xc ./Core/Src/stm32l4xx_it.o
                0x000000000800244c                DMA1_Channel1_IRQHandler
 .text.DMA1_Channel3_IRQHandler
                0x0000000008002458        0xc ./Core/Src/stm32l4xx_it.o
                0x0000000008002458                DMA1_Channel3_IRQHandler
 .text.ADC1_IRQHandler
                0x0000000008002464        0xc ./Core/Src/stm32l4xx_it.o
                0x0000000008002464                ADC1_IRQHandler
 .text.TIM1_UP_TIM16_IRQHandler
                0x0000000008002470        0xc ./Core/Src/stm32l4xx_it.o
                0x0000000008002470                TIM1_UP_TIM16_IRQHandler
 .text.TIM2_IRQHandler
                0x000000000800247c        0xc ./Core/Src/stm32l4xx_it.o
                0x000000000800247c                TIM2_IRQHandler
 .text.SPI1_IRQHandler
                0x0000000008002488        0xc ./Core/Src/stm32l4xx_it.o
                0x0000000008002488                SPI1_IRQHandler
 .text.EXTI15_10_IRQHandler
                0x0000000008002494        0x8 ./Core/Src/stm32l4xx_it.o
                0x0000000008002494                EXTI15_10_IRQHandler
 .text._sbrk    0x000000000800249c       0x44 ./Core/Src/sysmem.o
                0x000000000800249c                _sbrk
 .text.SystemInit
                0x00000000080024e0       0x14 ./Core/Src/system_stm32l4xx.o
                0x00000000080024e0                SystemInit
 .text.Reset_Handler
                0x00000000080024f4       0x50 ./Core/Startup/startup_stm32l432kcux.o
                0x00000000080024f4                Reset_Handler
 .text.Default_Handler
                0x0000000008002544        0x2 ./Core/Startup/startup_stm32l432kcux.o
                0x0000000008002544                RTC_Alarm_IRQHandler
                0x0000000008002544                EXTI2_IRQHandler
                0x0000000008002544                TIM1_CC_IRQHandler
                0x0000000008002544                TSC_IRQHandler
                0x0000000008002544                TAMP_STAMP_IRQHandler
                0x0000000008002544                EXTI3_IRQHandler
                0x0000000008002544                LPTIM2_IRQHandler
                0x0000000008002544                I2C3_ER_IRQHandler
                0x0000000008002544                EXTI0_IRQHandler
                0x0000000008002544                CAN1_RX0_IRQHandler
                0x0000000008002544                FPU_IRQHandler
                0x0000000008002544                TIM6_DAC_IRQHandler
                0x0000000008002544                DMA2_Channel2_IRQHandler
                0x0000000008002544                DMA1_Channel4_IRQHandler
                0x0000000008002544                DMA1_Channel7_IRQHandler
                0x0000000008002544                CAN1_RX1_IRQHandler
                0x0000000008002544                DMA2_Channel1_IRQHandler
                0x0000000008002544                QUADSPI_IRQHandler
                0x0000000008002544                I2C1_EV_IRQHandler
                0x0000000008002544                DMA1_Channel6_IRQHandler
                0x0000000008002544                DMA2_Channel4_IRQHandler
                0x0000000008002544                RCC_IRQHandler
                0x0000000008002544                TIM1_TRG_COM_IRQHandler
                0x0000000008002544                Default_Handler
                0x0000000008002544                DMA2_Channel7_IRQHandler
                0x0000000008002544                TIM7_IRQHandler
                0x0000000008002544                I2C3_EV_IRQHandler
                0x0000000008002544                USB_IRQHandler
                0x0000000008002544                EXTI9_5_IRQHandler
                0x0000000008002544                RTC_WKUP_IRQHandler
                0x0000000008002544                PVD_PVM_IRQHandler
                0x0000000008002544                CAN1_TX_IRQHandler
                0x0000000008002544                DMA2_Channel5_IRQHandler
                0x0000000008002544                CRS_IRQHandler
                0x0000000008002544                DMA1_Channel5_IRQHandler
                0x0000000008002544                EXTI4_IRQHandler
                0x0000000008002544                RNG_IRQHandler
                0x0000000008002544                COMP_IRQHandler
                0x0000000008002544                WWDG_IRQHandler
                0x0000000008002544                LPUART1_IRQHandler
                0x0000000008002544                DMA2_Channel6_IRQHandler
                0x0000000008002544                EXTI1_IRQHandler
                0x0000000008002544                USART2_IRQHandler
                0x0000000008002544                DMA1_Channel2_IRQHandler
                0x0000000008002544                CAN1_SCE_IRQHandler
                0x0000000008002544                FLASH_IRQHandler
                0x0000000008002544                USART1_IRQHandler
                0x0000000008002544                SPI3_IRQHandler
                0x0000000008002544                I2C1_ER_IRQHandler
                0x0000000008002544                SWPMI1_IRQHandler
                0x0000000008002544                LPTIM1_IRQHandler
                0x0000000008002544                SAI1_IRQHandler
                0x0000000008002544                DMA2_Channel3_IRQHandler
                0x0000000008002544                TIM1_BRK_TIM15_IRQHandler
 *fill*         0x0000000008002546        0x2 
 .text.HAL_InitTick
                0x0000000008002548       0x4c ./Drivers/STM32L4xx_HAL_Driver/Src/stm32l4xx_hal.o
                0x0000000008002548                HAL_InitTick
 .text.HAL_Init
                0x0000000008002594       0x20 ./Drivers/STM32L4xx_HAL_Driver/Src/stm32l4xx_hal.o
                0x0000000008002594                HAL_Init
 .text.HAL_IncTick
                0x00000000080025b4       0x18 ./Drivers/STM32L4xx_HAL_Driver/Src/stm32l4xx_hal.o
                0x00000000080025b4                HAL_IncTick
 .text.HAL_GetTick
                0x00000000080025cc        0xc ./Drivers/STM32L4xx_HAL_Driver/Src/stm32l4xx_hal.o
                0x00000000080025cc                HAL_GetTick
 .text.HAL_Delay
                0x00000000080025d8       0x24 ./Drivers/STM32L4xx_HAL_Driver/Src/stm32l4xx_hal.o
                0x00000000080025d8                HAL_Delay
 .text.HAL_ADC_Init
                0x00000000080025fc      0x1bc ./Drivers/STM32L4xx_HAL_Driver/Src/stm32l4xx_hal_adc.o
                0x00000000080025fc                HAL_ADC_Init
 .text.HAL_ADC_ConvCpltCallback
                0x00000000080027b8        0x4 ./Drivers/STM32L4xx_HAL_Driver/Src/stm32l4xx_hal_adc.o
                0x00000000080027b8                HAL_ADC_ConvCpltCallback
 .text.HAL_ADC_ConvHalfCpltCallback
                0x00000000080027bc        0x4 ./Drivers/STM32L4xx_HAL_Driver/Src/stm32l4xx_hal_adc.o
                0x00000000080027bc                HAL_ADC_ConvHalfCpltCallback
 .text.ADC_DMAHalfConvCplt
                0x00000000080027c0        0xc ./Drivers/STM32L4xx_HAL_Driver/Src/stm32l4xx_hal_adc.o
                0x00000000080027c0                ADC_DMAHalfConvCplt
 .text.HAL_ADC_LevelOutOfWindowCallback
                0x00000000080027cc        0x4 ./Drivers/STM32L4xx_HAL_Driver/Src/stm32l4xx_hal_adc.o
                0x00000000080027cc                HAL_ADC_LevelOutOfWindowCallback
 .text.HAL_ADC_ErrorCallback
                0x00000000080027d0        0x4 ./Drivers/STM32L4xx_HAL_Driver/Src/stm32l4xx_hal_adc.o
                0x00000000080027d0                HAL_ADC_ErrorCallback
 .text.HAL_ADC_IRQHandler
                0x00000000080027d4      0x200 ./Drivers/STM32L4xx_HAL_Driver/Src/stm32l4xx_hal_adc.o
                0x00000000080027d4                HAL_ADC_IRQHandler
 .text.ADC_DMAConvCplt
                0x00000000080029d4       0x6c ./Drivers/STM32L4xx_HAL_Driver/Src/stm32l4xx_hal_adc.o
                0x00000000080029d4                ADC_DMAConvCplt
 .text.ADC_DMAError
                0x0000000008002a40       0x1c ./Drivers/STM32L4xx_HAL_Driver/Src/stm32l4xx_hal_adc.o
                0x0000000008002a40                ADC_DMAError
 .text.HAL_ADC_ConfigChannel
                0x0000000008002a5c      0x4bc ./Drivers/STM32L4xx_HAL_Driver/Src/stm32l4xx_hal_adc.o
                0x0000000008002a5c                HAL_ADC_ConfigChannel
 .text.ADC_Enable
                0x0000000008002f18       0x78 ./Drivers/STM32L4xx_HAL_Driver/Src/stm32l4xx_hal_adc.o
                0x0000000008002f18                ADC_Enable
 .text.HAL_ADC_Start_DMA
                0x0000000008002f90       0xa8 ./Drivers/STM32L4xx_HAL_Driver/Src/stm32l4xx_hal_adc.o
                0x0000000008002f90                HAL_ADC_Start_DMA
 .text.ADC_Disable
                0x0000000008003038       0x74 ./Drivers/STM32L4xx_HAL_Driver/Src/stm32l4xx_hal_adc.o
                0x0000000008003038                ADC_Disable
 .text.HAL_ADCEx_Calibration_Start
                0x00000000080030ac       0x98 ./Drivers/STM32L4xx_HAL_Driver/Src/stm32l4xx_hal_adc_ex.o
                0x00000000080030ac                HAL_ADCEx_Calibration_Start
 .text.HAL_ADCEx_InjectedConvCpltCallback
                0x0000000008003144        0x4 ./Drivers/STM32L4xx_HAL_Driver/Src/stm32l4xx_hal_adc_ex.o
                0x0000000008003144                HAL_ADCEx_InjectedConvCpltCallback
 .text.HAL_ADCEx_InjectedQueueOverflowCallback
                0x0000000008003148        0x4 ./Drivers/STM32L4xx_HAL_Driver/Src/stm32l4xx_hal_adc_ex.o
                0x0000000008003148                HAL_ADCEx_InjectedQueueOverflowCallback
 .text.HAL_ADCEx_LevelOutOfWindow2Callback
                0x000000000800314c        0x4 ./Drivers/STM32L4xx_HAL_Driver/Src/stm32l4xx_hal_adc_ex.o
                0x000000000800314c                HAL_ADCEx_LevelOutOfWindow2Callback
 .text.HAL_ADCEx_LevelOutOfWindow3Callback
                0x0000000008003150        0x4 ./Drivers/STM32L4xx_HAL_Driver/Src/stm32l4xx_hal_adc_ex.o
                0x0000000008003150                HAL_ADCEx_LevelOutOfWindow3Callback
 .text.HAL_ADCEx_EndOfSamplingCallback
                0x0000000008003154        0x4 ./Drivers/STM32L4xx_HAL_Driver/Src/stm32l4xx_hal_adc_ex.o
                0x0000000008003154                HAL_ADCEx_EndOfSamplingCallback
 .text.HAL_NVIC_SetPriorityGrouping
                0x0000000008003158       0x24 ./Drivers/STM32L4xx_HAL_Driver/Src/stm32l4xx_hal_cortex.o
                0x0000000008003158                HAL_NVIC_SetPriorityGrouping
 .text.HAL_NVIC_SetPriority
                0x000000000800317c       0x7c ./Drivers/STM32L4xx_HAL_Driver/Src/stm32l4xx_hal_cortex.o
                0x000000000800317c                HAL_NVIC_SetPriority
 .text.HAL_NVIC_EnableIRQ
                0x00000000080031f8       0x1c ./Drivers/STM32L4xx_HAL_Driver/Src/stm32l4xx_hal_cortex.o
                0x00000000080031f8                HAL_NVIC_EnableIRQ
 .text.HAL_SYSTICK_Config
                0x0000000008003214       0x34 ./Drivers/STM32L4xx_HAL_Driver/Src/stm32l4xx_hal_cortex.o
                0x0000000008003214                HAL_SYSTICK_Config
 .text.HAL_DAC_Init
                0x0000000008003248       0x2c ./Drivers/STM32L4xx_HAL_Driver/Src/stm32l4xx_hal_dac.o
                0x0000000008003248                HAL_DAC_Init
 .text.HAL_DAC_Start
                0x0000000008003274       0x5c ./Drivers/STM32L4xx_HAL_Driver/Src/stm32l4xx_hal_dac.o
                0x0000000008003274                HAL_DAC_Start
 .text.HAL_DAC_SetValue
                0x00000000080032d0       0x30 ./Drivers/STM32L4xx_HAL_Driver/Src/stm32l4xx_hal_dac.o
                0x00000000080032d0                HAL_DAC_SetValue
 .text.HAL_DAC_ConfigChannel
                0x0000000008003300      0x11c ./Drivers/STM32L4xx_HAL_Driver/Src/stm32l4xx_hal_dac.o
                0x0000000008003300                HAL_DAC_ConfigChannel
 .text.HAL_DMA_Init
                0x000000000800341c       0xe8 ./Drivers/STM32L4xx_HAL_Driver/Src/stm32l4xx_hal_dma.o
                0x000000000800341c                HAL_DMA_Init
 .text.HAL_DMA_Start_IT
                0x0000000008003504       0x8c ./Drivers/STM32L4xx_HAL_Driver/Src/stm32l4xx_hal_dma.o
                0x0000000008003504                HAL_DMA_Start_IT
 .text.HAL_DMA_Abort_IT
                0x0000000008003590       0x4c ./Drivers/STM32L4xx_HAL_Driver/Src/stm32l4xx_hal_dma.o
                0x0000000008003590                HAL_DMA_Abort_IT
 .text.HAL_DMA_IRQHandler
                0x00000000080035dc       0x9c ./Drivers/STM32L4xx_HAL_Driver/Src/stm32l4xx_hal_dma.o
                0x00000000080035dc                HAL_DMA_IRQHandler
 .text.HAL_GPIO_Init
                0x0000000008003678      0x1ac ./Drivers/STM32L4xx_HAL_Driver/Src/stm32l4xx_hal_gpio.o
                0x0000000008003678                HAL_GPIO_Init
 .text.HAL_GPIO_ReadPin
                0x0000000008003824        0xc ./Drivers/STM32L4xx_HAL_Driver/Src/stm32l4xx_hal_gpio.o
                0x0000000008003824                HAL_GPIO_ReadPin
 .text.HAL_GPIO_WritePin
                0x0000000008003830        0xc ./Drivers/STM32L4xx_HAL_Driver/Src/stm32l4xx_hal_gpio.o
                0x0000000008003830                HAL_GPIO_WritePin
 .text.HAL_GPIO_TogglePin
                0x000000000800383c       0x14 ./Drivers/STM32L4xx_HAL_Driver/Src/stm32l4xx_hal_gpio.o
                0x000000000800383c                HAL_GPIO_TogglePin
 .text.HAL_GPIO_EXTI_IRQHandler
                0x0000000008003850       0x18 ./Drivers/STM32L4xx_HAL_Driver/Src/stm32l4xx_hal_gpio.o
                0x0000000008003850                HAL_GPIO_EXTI_IRQHandler
 .text.I2C_WaitOnRXNEFlagUntilTimeout
                0x0000000008003868      0x1fc ./Drivers/STM32L4xx_HAL_Driver/Src/stm32l4xx_hal_i2c.o
 .text.I2C_WaitOnTXISFlagUntilTimeout
                0x0000000008003a64      0x1b8 ./Drivers/STM32L4xx_HAL_Driver/Src/stm32l4xx_hal_i2c.o
 .text.I2C_WaitOnSTOPFlagUntilTimeout
                0x0000000008003c1c      0x1b4 ./Drivers/STM32L4xx_HAL_Driver/Src/stm32l4xx_hal_i2c.o
 .text.HAL_I2C_Init
                0x0000000008003dd0       0xa8 ./Drivers/STM32L4xx_HAL_Driver/Src/stm32l4xx_hal_i2c.o
                0x0000000008003dd0                HAL_I2C_Init
 .text.HAL_I2C_Master_Transmit
                0x0000000008003e78      0x330 ./Drivers/STM32L4xx_HAL_Driver/Src/stm32l4xx_hal_i2c.o
                0x0000000008003e78                HAL_I2C_Master_Transmit
 .text.HAL_I2C_Master_Receive
                0x00000000080041a8      0x1b8 ./Drivers/STM32L4xx_HAL_Driver/Src/stm32l4xx_hal_i2c.o
                0x00000000080041a8                HAL_I2C_Master_Receive
 .text.HAL_I2C_Mem_Write
                0x0000000008004360      0x260 ./Drivers/STM32L4xx_HAL_Driver/Src/stm32l4xx_hal_i2c.o
                0x0000000008004360                HAL_I2C_Mem_Write
 .text.HAL_I2C_Mem_Read
                0x00000000080045c0      0x264 ./Drivers/STM32L4xx_HAL_Driver/Src/stm32l4xx_hal_i2c.o
                0x00000000080045c0                HAL_I2C_Mem_Read
 .text.HAL_I2CEx_ConfigAnalogFilter
                0x0000000008004824       0x54 ./Drivers/STM32L4xx_HAL_Driver/Src/stm32l4xx_hal_i2c_ex.o
                0x0000000008004824                HAL_I2CEx_ConfigAnalogFilter
 .text.HAL_I2CEx_ConfigDigitalFilter
                0x0000000008004878       0x58 ./Drivers/STM32L4xx_HAL_Driver/Src/stm32l4xx_hal_i2c_ex.o
                0x0000000008004878                HAL_I2CEx_ConfigDigitalFilter
 .text.HAL_PWREx_GetVoltageRange
                0x00000000080048d0       0x10 ./Drivers/STM32L4xx_HAL_Driver/Src/stm32l4xx_hal_pwr_ex.o
                0x00000000080048d0                HAL_PWREx_GetVoltageRange
 .text.HAL_PWREx_ControlVoltageScaling
                0x00000000080048e0       0x84 ./Drivers/STM32L4xx_HAL_Driver/Src/stm32l4xx_hal_pwr_ex.o
                0x00000000080048e0                HAL_PWREx_ControlVoltageScaling
 .text.RCC_SetFlashLatencyFromMSIRange
                0x0000000008004964       0x8c ./Drivers/STM32L4xx_HAL_Driver/Src/stm32l4xx_hal_rcc.o
 .text.HAL_RCC_GetSysClockFreq
                0x00000000080049f0       0xb4 ./Drivers/STM32L4xx_HAL_Driver/Src/stm32l4xx_hal_rcc.o
                0x00000000080049f0                HAL_RCC_GetSysClockFreq
 .text.HAL_RCC_OscConfig
                0x0000000008004aa4      0x624 ./Drivers/STM32L4xx_HAL_Driver/Src/stm32l4xx_hal_rcc.o
                0x0000000008004aa4                HAL_RCC_OscConfig
 .text.HAL_RCC_ClockConfig
                0x00000000080050c8      0x130 ./Drivers/STM32L4xx_HAL_Driver/Src/stm32l4xx_hal_rcc.o
                0x00000000080050c8                HAL_RCC_ClockConfig
 .text.HAL_RCC_GetPCLK1Freq
                0x00000000080051f8       0x24 ./Drivers/STM32L4xx_HAL_Driver/Src/stm32l4xx_hal_rcc.o
                0x00000000080051f8                HAL_RCC_GetPCLK1Freq
 .text.HAL_RCC_GetPCLK2Freq
                0x000000000800521c       0x24 ./Drivers/STM32L4xx_HAL_Driver/Src/stm32l4xx_hal_rcc.o
                0x000000000800521c                HAL_RCC_GetPCLK2Freq
 .text.RCCEx_PLLSAI1_Config
                0x0000000008005240      0x124 ./Drivers/STM32L4xx_HAL_Driver/Src/stm32l4xx_hal_rcc_ex.o
 .text.HAL_RCCEx_PeriphCLKConfig
                0x0000000008005364      0x2a0 ./Drivers/STM32L4xx_HAL_Driver/Src/stm32l4xx_hal_rcc_ex.o
                0x0000000008005364                HAL_RCCEx_PeriphCLKConfig
 .text.SPI_WaitFifoStateUntilTimeout.constprop.0
                0x0000000008005604       0xec ./Drivers/STM32L4xx_HAL_Driver/Src/stm32l4xx_hal_spi.o
 .text.SPI_EndRxTxTransaction
                0x00000000080056f0      0x140 ./Drivers/STM32L4xx_HAL_Driver/Src/stm32l4xx_hal_spi.o
 .text.HAL_SPI_Init
                0x0000000008005830       0xf8 ./Drivers/STM32L4xx_HAL_Driver/Src/stm32l4xx_hal_spi.o
                0x0000000008005830                HAL_SPI_Init
 .text.HAL_SPI_Transmit
                0x0000000008005928      0x2c4 ./Drivers/STM32L4xx_HAL_Driver/Src/stm32l4xx_hal_spi.o
                0x0000000008005928                HAL_SPI_Transmit
 .text.HAL_SPI_TransmitReceive
                0x0000000008005bec      0x318 ./Drivers/STM32L4xx_HAL_Driver/Src/stm32l4xx_hal_spi.o
                0x0000000008005bec                HAL_SPI_TransmitReceive
 .text.HAL_SPI_ErrorCallback
                0x0000000008005f04        0x4 ./Drivers/STM32L4xx_HAL_Driver/Src/stm32l4xx_hal_spi.o
                0x0000000008005f04                HAL_SPI_ErrorCallback
 .text.HAL_SPI_IRQHandler
                0x0000000008005f08      0x138 ./Drivers/STM32L4xx_HAL_Driver/Src/stm32l4xx_hal_spi.o
                0x0000000008005f08                HAL_SPI_IRQHandler
 .text.SPI_DMAAbortOnError
                0x0000000008006040       0x14 ./Drivers/STM32L4xx_HAL_Driver/Src/stm32l4xx_hal_spi.o
 .text.HAL_TIM_Base_Init
                0x0000000008006054       0xf0 ./Drivers/STM32L4xx_HAL_Driver/Src/stm32l4xx_hal_tim.o
                0x0000000008006054                HAL_TIM_Base_Init
 .text.HAL_TIM_Base_Start
                0x0000000008006144       0x50 ./Drivers/STM32L4xx_HAL_Driver/Src/stm32l4xx_hal_tim.o
                0x0000000008006144                HAL_TIM_Base_Start
 .text.HAL_TIM_Base_Stop
                0x0000000008006194       0x28 ./Drivers/STM32L4xx_HAL_Driver/Src/stm32l4xx_hal_tim.o
                0x0000000008006194                HAL_TIM_Base_Stop
 .text.HAL_TIM_Base_Start_IT
                0x00000000080061bc       0x5c ./Drivers/STM32L4xx_HAL_Driver/Src/stm32l4xx_hal_tim.o
                0x00000000080061bc                HAL_TIM_Base_Start_IT
 .text.HAL_TIM_ConfigClockSource
                0x0000000008006218      0x160 ./Drivers/STM32L4xx_HAL_Driver/Src/stm32l4xx_hal_tim.o
                0x0000000008006218                HAL_TIM_ConfigClockSource
 .text.HAL_TIM_OC_DelayElapsedCallback
                0x0000000008006378        0x4 ./Drivers/STM32L4xx_HAL_Driver/Src/stm32l4xx_hal_tim.o
                0x0000000008006378                HAL_TIM_OC_DelayElapsedCallback
 .text.HAL_TIM_IC_CaptureCallback
                0x000000000800637c        0x4 ./Drivers/STM32L4xx_HAL_Driver/Src/stm32l4xx_hal_tim.o
                0x000000000800637c                HAL_TIM_IC_CaptureCallback
 .text.HAL_TIM_PWM_PulseFinishedCallback
                0x0000000008006380        0x4 ./Drivers/STM32L4xx_HAL_Driver/Src/stm32l4xx_hal_tim.o
                0x0000000008006380                HAL_TIM_PWM_PulseFinishedCallback
 .text.HAL_TIM_TriggerCallback
                0x0000000008006384        0x4 ./Drivers/STM32L4xx_HAL_Driver/Src/stm32l4xx_hal_tim.o
                0x0000000008006384                HAL_TIM_TriggerCallback
 .text.HAL_TIM_IRQHandler
                0x0000000008006388      0x170 ./Drivers/STM32L4xx_HAL_Driver/Src/stm32l4xx_hal_tim.o
                0x0000000008006388                HAL_TIM_IRQHandler
 .text.HAL_TIMEx_MasterConfigSynchronization
                0x00000000080064f8       0x70 ./Drivers/STM32L4xx_HAL_Driver/Src/stm32l4xx_hal_tim_ex.o
                0x00000000080064f8                HAL_TIMEx_MasterConfigSynchronization
 .text.HAL_TIMEx_CommutCallback
                0x0000000008006568        0x4 ./Drivers/STM32L4xx_HAL_Driver/Src/stm32l4xx_hal_tim_ex.o
                0x0000000008006568                HAL_TIMEx_CommutCallback
 .text.HAL_TIMEx_BreakCallback
                0x000000000800656c        0x4 ./Drivers/STM32L4xx_HAL_Driver/Src/stm32l4xx_hal_tim_ex.o
                0x000000000800656c                HAL_TIMEx_BreakCallback
 .text.HAL_TIMEx_Break2Callback
                0x0000000008006570        0x4 ./Drivers/STM32L4xx_HAL_Driver/Src/stm32l4xx_hal_tim_ex.o
                0x0000000008006570                HAL_TIMEx_Break2Callback
 .text.HAL_UART_Receive
                0x0000000008006574      0x1b0 ./Drivers/STM32L4xx_HAL_Driver/Src/stm32l4xx_hal_uart.o
                0x0000000008006574                HAL_UART_Receive
 .text.UART_SetConfig
                0x0000000008006724      0x21c ./Drivers/STM32L4xx_HAL_Driver/Src/stm32l4xx_hal_uart.o
                0x0000000008006724                UART_SetConfig
 .text.UART_AdvFeatureConfig
                0x0000000008006940       0xb0 ./Drivers/STM32L4xx_HAL_Driver/Src/stm32l4xx_hal_uart.o
                0x0000000008006940                UART_AdvFeatureConfig
 .text.UART_WaitOnFlagUntilTimeout
                0x00000000080069f0       0xe8 ./Drivers/STM32L4xx_HAL_Driver/Src/stm32l4xx_hal_uart.o
                0x00000000080069f0                UART_WaitOnFlagUntilTimeout
 .text.HAL_UART_Transmit
                0x0000000008006ad8      0x17c ./Drivers/STM32L4xx_HAL_Driver/Src/stm32l4xx_hal_uart.o
                0x0000000008006ad8                HAL_UART_Transmit
 .text.HAL_UART_Init
                0x0000000008006c54       0xd0 ./Drivers/STM32L4xx_HAL_Driver/Src/stm32l4xx_hal_uart.o
                0x0000000008006c54                HAL_UART_Init
 .text.MX_FATFS_Init
                0x0000000008006d24       0x1c ./FATFS/App/fatfs.o
                0x0000000008006d24                MX_FATFS_Init
 .text.get_fattime
                0x0000000008006d40        0x4 ./FATFS/App/fatfs.o
                0x0000000008006d40                get_fattime
 .text.USER_initialize
                0x0000000008006d44        0x4 ./FATFS/Target/user_diskio.o
                0x0000000008006d44                USER_initialize
 .text.USER_status
                0x0000000008006d48        0x4 ./FATFS/Target/user_diskio.o
                0x0000000008006d48                USER_status
 .text.USER_read
                0x0000000008006d4c        0x4 ./FATFS/Target/user_diskio.o
                0x0000000008006d4c                USER_read
 .text.USER_write
                0x0000000008006d50        0x4 ./FATFS/Target/user_diskio.o
                0x0000000008006d50                USER_write
 .text.USER_ioctl
                0x0000000008006d54        0x4 ./FATFS/Target/user_diskio.o
                0x0000000008006d54                USER_ioctl
 .text.xmit_datablock.part.0
                0x0000000008006d58       0x8c ./FATFS/Target/user_diskio_spi.o
 .text.rcvr_datablock.constprop.0
                0x0000000008006de4       0xc8 ./FATFS/Target/user_diskio_spi.o
 .text.rcvr_datablock
                0x0000000008006eac       0xcc ./FATFS/Target/user_diskio_spi.o
 .text.send_cmd
                0x0000000008006f78      0x1d8 ./FATFS/Target/user_diskio_spi.o
 .text.USER_SPI_initialize
                0x0000000008007150      0x238 ./FATFS/Target/user_diskio_spi.o
                0x0000000008007150                USER_SPI_initialize
 .text.USER_SPI_status
                0x0000000008007388       0x14 ./FATFS/Target/user_diskio_spi.o
                0x0000000008007388                USER_SPI_status
 .text.USER_SPI_read
                0x000000000800739c       0xb4 ./FATFS/Target/user_diskio_spi.o
                0x000000000800739c                USER_SPI_read
 .text.USER_SPI_write
                0x0000000008007450      0x1fc ./FATFS/Target/user_diskio_spi.o
                0x0000000008007450                USER_SPI_write
 .text.USER_SPI_ioctl
                0x000000000800764c      0x354 ./FATFS/Target/user_diskio_spi.o
                0x000000000800764c                USER_SPI_ioctl
 .text.disk_status
                0x00000000080079a0       0x14 ./Middlewares/Third_Party/FatFs/src/diskio.o
                0x00000000080079a0                disk_status
 .text.disk_initialize
                0x00000000080079b4       0x20 ./Middlewares/Third_Party/FatFs/src/diskio.o
                0x00000000080079b4                disk_initialize
 .text.disk_read
                0x00000000080079d4       0x1c ./Middlewares/Third_Party/FatFs/src/diskio.o
                0x00000000080079d4                disk_read
 .text.disk_write
                0x00000000080079f0       0x1c ./Middlewares/Third_Party/FatFs/src/diskio.o
                0x00000000080079f0                disk_write
 .text.disk_ioctl
                0x0000000008007a0c       0x18 ./Middlewares/Third_Party/FatFs/src/diskio.o
                0x0000000008007a0c                disk_ioctl
 .text.inc_lock
                0x0000000008007a24      0x108 ./Middlewares/Third_Party/FatFs/src/ff.o
 .text.check_fs
                0x0000000008007b2c       0x84 ./Middlewares/Third_Party/FatFs/src/ff.o
 .text.move_window.part.0
                0x0000000008007bb0       0x74 ./Middlewares/Third_Party/FatFs/src/ff.o
 .text.find_volume
                0x0000000008007c24      0x2e4 ./Middlewares/Third_Party/FatFs/src/ff.o
 .text.put_fat.part.0
                0x0000000008007f08      0x134 ./Middlewares/Third_Party/FatFs/src/ff.o
 .text.get_fat.isra.0
                0x000000000800803c       0xc0 ./Middlewares/Third_Party/FatFs/src/ff.o
 .text.sync_fs  0x00000000080080fc       0xe0 ./Middlewares/Third_Party/FatFs/src/ff.o
 .text.create_chain
                0x00000000080081dc      0x19c ./Middlewares/Third_Party/FatFs/src/ff.o
 .text.dir_sdi.constprop.0
                0x0000000008008378      0x120 ./Middlewares/Third_Party/FatFs/src/ff.o
 .text.follow_path
                0x0000000008008498      0x30c ./Middlewares/Third_Party/FatFs/src/ff.o
 .text.remove_chain
                0x00000000080087a4      0x13c ./Middlewares/Third_Party/FatFs/src/ff.o
 .text.dir_register
                0x00000000080088e0      0x330 ./Middlewares/Third_Party/FatFs/src/ff.o
 .text.f_mount  0x0000000008008c10       0xa4 ./Middlewares/Third_Party/FatFs/src/ff.o
                0x0000000008008c10                f_mount
 .text.f_open   0x0000000008008cb4      0x358 ./Middlewares/Third_Party/FatFs/src/ff.o
                0x0000000008008cb4                f_open
 .text.f_read   0x000000000800900c      0x274 ./Middlewares/Third_Party/FatFs/src/ff.o
                0x000000000800900c                f_read
 .text.f_write  0x0000000008009280      0x2b8 ./Middlewares/Third_Party/FatFs/src/ff.o
                0x0000000008009280                f_write
 .text.f_close  0x0000000008009538      0x120 ./Middlewares/Third_Party/FatFs/src/ff.o
                0x0000000008009538                f_close
 .text.f_lseek  0x0000000008009658      0x3c0 ./Middlewares/Third_Party/FatFs/src/ff.o
                0x0000000008009658                f_lseek
 .text.f_gets   0x0000000008009a18      0x14c ./Middlewares/Third_Party/FatFs/src/ff.o
                0x0000000008009a18                f_gets
 .text.f_puts   0x0000000008009b64       0xc4 ./Middlewares/Third_Party/FatFs/src/ff.o
                0x0000000008009b64                f_puts
 .text.FATFS_LinkDriver
                0x0000000008009c28       0x48 ./Middlewares/Third_Party/FatFs/src/ff_gen_drv.o
                0x0000000008009c28                FATFS_LinkDriver
 .text.drawTileFromBMP
                0x0000000008009c70       0x80 ./graphics/display.o
                0x0000000008009c70                drawTileFromBMP
 .text.drawTileTxt
                0x0000000008009cf0       0xc4 ./graphics/display.o
                0x0000000008009cf0                drawTileTxt
 .text.drawBar  0x0000000008009db4       0x68 ./graphics/display.o
                0x0000000008009db4                drawBar
 .text.transformCoord
                0x0000000008009e1c       0x2c ./graphics/display.o
                0x0000000008009e1c                transformCoord
 .text.getZonePressed
                0x0000000008009e48       0x30 ./graphics/display.o
                0x0000000008009e48                getZonePressed
 .text.displayInfo
                0x0000000008009e78       0x98 ./graphics/display.o
                0x0000000008009e78                displayInfo
 .text.clearInfo
                0x0000000008009f10       0x1c ./graphics/display.o
                0x0000000008009f10                clearInfo
 .text.initScreen
                0x0000000008009f2c      0x110 ./graphics/screen.o
                0x0000000008009f2c                initScreen
 .text.updateScreen
                0x000000000800a03c       0xe4 ./graphics/screen.o
                0x000000000800a03c                updateScreen
 .text.drawTile
                0x000000000800a120       0x6c ./graphics/tiles.o
                0x000000000800a120                drawTile
 .text.noop     0x000000000800a18c        0x4 ./graphics/tilesFunctions.o
                0x000000000800a18c                noop
 .text.rotateScreen
                0x000000000800a190       0x40 ./graphics/tilesFunctions.o
                0x000000000800a190                rotateScreen
 .text.displayAcqStatus
                0x000000000800a1d0       0x38 ./graphics/tilesFunctions.o
                0x000000000800a1d0                displayAcqStatus
 .text.pauseAcq
                0x000000000800a208       0xb8 ./graphics/tilesFunctions.o
                0x000000000800a208                pauseAcq
 .text.dispMeasInTiles
                0x000000000800a2c0       0xd4 ./graphics/tilesFunctions.o
                0x000000000800a2c0                dispMeasInTiles
 .text.showMeas
                0x000000000800a394       0x44 ./graphics/tilesFunctions.o
                0x000000000800a394                showMeas
 .text.calibrateDist
                0x000000000800a3d8       0x90 ./graphics/tilesFunctions.o
                0x000000000800a3d8                calibrateDist
 .text.saveConfigs
                0x000000000800a468       0x38 ./graphics/tilesFunctions.o
                0x000000000800a468                saveConfigs
 .text.defaultConfigs
                0x000000000800a4a0       0x74 ./graphics/tilesFunctions.o
                0x000000000800a4a0                defaultConfigs
 .text.setZero  0x000000000800a514       0x54 ./graphics/tilesFunctions.o
                0x000000000800a514                setZero
 .text.showLogStatus
                0x000000000800a568       0x38 ./graphics/tilesFunctions.o
                0x000000000800a568                showLogStatus
 .text.enableLog
                0x000000000800a5a0       0x24 ./graphics/tilesFunctions.o
                0x000000000800a5a0                enableLog
 .text.disableLog
                0x000000000800a5c4       0x24 ./graphics/tilesFunctions.o
                0x000000000800a5c4                disableLog
 .text.resetLogFile
                0x000000000800a5e8       0x20 ./graphics/tilesFunctions.o
                0x000000000800a5e8                resetLogFile
 .text.dumpLog  0x000000000800a608       0x78 ./graphics/tilesFunctions.o
                0x000000000800a608                dumpLog
 .text.displayMonStatus
                0x000000000800a680       0x38 ./graphics/tilesFunctions.o
                0x000000000800a680                displayMonStatus
 .text.enableMon
                0x000000000800a6b8       0x24 ./graphics/tilesFunctions.o
                0x000000000800a6b8                enableMon
 .text.disableMon
                0x000000000800a6dc       0x24 ./graphics/tilesFunctions.o
                0x000000000800a6dc                disableMon
 .text.calibrateAng
                0x000000000800a700       0x14 ./graphics/tilesFunctions.o
                0x000000000800a700                calibrateAng
 .text.inv_device_icm20948_poll
                0x000000000800a714       0x10 ./icm20948Lib/Invn/Devices/DeviceIcm20948.o
                0x000000000800a714                inv_device_icm20948_poll
 .text.inv_device_icm20948_setup
                0x000000000800a724       0xcc ./icm20948Lib/Invn/Devices/DeviceIcm20948.o
                0x000000000800a724                inv_device_icm20948_setup
 .text.inv_device_icm20948_load
                0x000000000800a7f0        0xc ./icm20948Lib/Invn/Devices/DeviceIcm20948.o
                0x000000000800a7f0                inv_device_icm20948_load
 .text.inv_device_icm20948_enable_sensor
                0x000000000800a7fc       0x1c ./icm20948Lib/Invn/Devices/DeviceIcm20948.o
                0x000000000800a7fc                inv_device_icm20948_enable_sensor
 .text.inv_device_icm20948_set_sensor_period_us
                0x000000000800a818       0x2c ./icm20948Lib/Invn/Devices/DeviceIcm20948.o
                0x000000000800a818                inv_device_icm20948_set_sensor_period_us
 .text.inv_device_icm20948_set_sensor_timeout
                0x000000000800a844        0x8 ./icm20948Lib/Invn/Devices/DeviceIcm20948.o
                0x000000000800a844                inv_device_icm20948_set_sensor_timeout
 .text.inv_device_icm20948_set_sensor_mounting_matrix
                0x000000000800a84c       0x1c ./icm20948Lib/Invn/Devices/DeviceIcm20948.o
                0x000000000800a84c                inv_device_icm20948_set_sensor_mounting_matrix
 .text.inv_device_icm20948_write_mems_register
                0x000000000800a868       0x10 ./icm20948Lib/Invn/Devices/DeviceIcm20948.o
                0x000000000800a868                inv_device_icm20948_write_mems_register
 .text.inv_device_icm20948_read_mems_register
                0x000000000800a878       0x10 ./icm20948Lib/Invn/Devices/DeviceIcm20948.o
                0x000000000800a878                inv_device_icm20948_read_mems_register
 .text.inv_device_icm20948_whoami
                0x000000000800a888       0x24 ./icm20948Lib/Invn/Devices/DeviceIcm20948.o
                0x000000000800a888                inv_device_icm20948_whoami
 .text.inv_device_icm20948_ping_sensor
                0x000000000800a8ac       0x44 ./icm20948Lib/Invn/Devices/DeviceIcm20948.o
                0x000000000800a8ac                inv_device_icm20948_ping_sensor
 .text.inv_device_icm20948_set_sensor_config
                0x000000000800a8f0       0x88 ./icm20948Lib/Invn/Devices/DeviceIcm20948.o
                0x000000000800a8f0                inv_device_icm20948_set_sensor_config
 .text.inv_device_icm20948_get_sensor_config
                0x000000000800a978       0x5c ./icm20948Lib/Invn/Devices/DeviceIcm20948.o
                0x000000000800a978                inv_device_icm20948_get_sensor_config
 .text.data_handler
                0x000000000800a9d4      0x188 ./icm20948Lib/Invn/Devices/DeviceIcm20948.o
 .text.inv_device_icm20948_cleanup
                0x000000000800ab5c       0x88 ./icm20948Lib/Invn/Devices/DeviceIcm20948.o
                0x000000000800ab5c                inv_device_icm20948_cleanup
 .text.inv_device_icm20948_reset
                0x000000000800abe4       0x38 ./icm20948Lib/Invn/Devices/DeviceIcm20948.o
                0x000000000800abe4                inv_device_icm20948_reset
 .text.inv_device_icm20948_self_test
                0x000000000800ac1c       0xcc ./icm20948Lib/Invn/Devices/DeviceIcm20948.o
                0x000000000800ac1c                inv_device_icm20948_self_test
 .text.inv_device_icm20948_init2
                0x000000000800ace8       0xdc ./icm20948Lib/Invn/Devices/DeviceIcm20948.o
                0x000000000800ace8                inv_device_icm20948_init2
 .text.inv_icm20948_augmented_init
                0x000000000800adc4       0x1c ./icm20948Lib/Invn/Devices/Drivers/Icm20948/Icm20948Augmented.o
                0x000000000800adc4                inv_icm20948_augmented_init
 .text.inv_icm20948_augmented_sensors_get_gravity
                0x000000000800ade0       0x94 ./icm20948Lib/Invn/Devices/Drivers/Icm20948/Icm20948Augmented.o
                0x000000000800ade0                inv_icm20948_augmented_sensors_get_gravity
 .text.inv_icm20948_augmented_sensors_get_linearacceleration
                0x000000000800ae74       0x30 ./icm20948Lib/Invn/Devices/Drivers/Icm20948/Icm20948Augmented.o
                0x000000000800ae74                inv_icm20948_augmented_sensors_get_linearacceleration
 .text.inv_icm20948_augmented_sensors_get_orientation
                0x000000000800aea4       0xa4 ./icm20948Lib/Invn/Devices/Drivers/Icm20948/Icm20948Augmented.o
                0x000000000800aea4                inv_icm20948_augmented_sensors_get_orientation
 .text.inv_icm20948_augmented_sensors_set_odr
                0x000000000800af48      0x17c ./icm20948Lib/Invn/Devices/Drivers/Icm20948/Icm20948Augmented.o
                0x000000000800af48                inv_icm20948_augmented_sensors_set_odr
 .text.inv_icm20948_augmented_sensors_update_odr
                0x000000000800b0c4      0x108 ./icm20948Lib/Invn/Devices/Drivers/Icm20948/Icm20948Augmented.o
                0x000000000800b0c4                inv_icm20948_augmented_sensors_update_odr
 .text.inv_icm20948_register_aux_compass
                0x000000000800b1cc       0x34 ./icm20948Lib/Invn/Devices/Drivers/Icm20948/Icm20948AuxCompassAkm.o
                0x000000000800b1cc                inv_icm20948_register_aux_compass
 .text.inv_icm20948_setup_compass_akm
                0x000000000800b200       0xac ./icm20948Lib/Invn/Devices/Drivers/Icm20948/Icm20948AuxCompassAkm.o
                0x000000000800b200                inv_icm20948_setup_compass_akm
 .text.inv_icm20948_check_akm_self_test
                0x000000000800b2ac      0x1c0 ./icm20948Lib/Invn/Devices/Drivers/Icm20948/Icm20948AuxCompassAkm.o
                0x000000000800b2ac                inv_icm20948_check_akm_self_test
 .text.inv_icm20948_suspend_akm
                0x000000000800b46c       0x30 ./icm20948Lib/Invn/Devices/Drivers/Icm20948/Icm20948AuxCompassAkm.o
                0x000000000800b46c                inv_icm20948_suspend_akm
 .text.inv_icm20948_resume_akm
                0x000000000800b49c       0x58 ./icm20948Lib/Invn/Devices/Drivers/Icm20948/Icm20948AuxCompassAkm.o
                0x000000000800b49c                inv_icm20948_resume_akm
 .text.inv_icm20948_compass_isconnected
                0x000000000800b4f4       0x10 ./icm20948Lib/Invn/Devices/Drivers/Icm20948/Icm20948AuxCompassAkm.o
                0x000000000800b4f4                inv_icm20948_compass_isconnected
 .text.inv_icm20948_compass_dmp_cal
                0x000000000800b504      0x204 ./icm20948Lib/Invn/Devices/Drivers/Icm20948/Icm20948AuxCompassAkm.o
                0x000000000800b504                inv_icm20948_compass_dmp_cal
 .text.inv_icm20948_apply_raw_compass_matrix
                0x000000000800b708       0x6c ./icm20948Lib/Invn/Devices/Drivers/Icm20948/Icm20948AuxCompassAkm.o
                0x000000000800b708                inv_icm20948_apply_raw_compass_matrix
 .text.inv_icm20948_init_secondary
                0x000000000800b774       0x6c ./icm20948Lib/Invn/Devices/Drivers/Icm20948/Icm20948AuxTransport.o
                0x000000000800b774                inv_icm20948_init_secondary
 .text.inv_icm20948_read_secondary
                0x000000000800b7e0       0x5c ./icm20948Lib/Invn/Devices/Drivers/Icm20948/Icm20948AuxTransport.o
                0x000000000800b7e0                inv_icm20948_read_secondary
 .text.inv_icm20948_execute_read_secondary
                0x000000000800b83c       0xac ./icm20948Lib/Invn/Devices/Drivers/Icm20948/Icm20948AuxTransport.o
                0x000000000800b83c                inv_icm20948_execute_read_secondary
 .text.inv_icm20948_write_secondary
                0x000000000800b8e8       0x68 ./icm20948Lib/Invn/Devices/Drivers/Icm20948/Icm20948AuxTransport.o
                0x000000000800b8e8                inv_icm20948_write_secondary
 .text.inv_icm20948_execute_write_secondary
                0x000000000800b950       0x5c ./icm20948Lib/Invn/Devices/Drivers/Icm20948/Icm20948AuxTransport.o
                0x000000000800b950                inv_icm20948_execute_write_secondary
 .text.inv_icm20948_secondary_stop_channel
                0x000000000800b9ac        0xc ./icm20948Lib/Invn/Devices/Drivers/Icm20948/Icm20948AuxTransport.o
                0x000000000800b9ac                inv_icm20948_secondary_stop_channel
 .text.inv_icm20948_secondary_enable_i2c
                0x000000000800b9b8       0x10 ./icm20948Lib/Invn/Devices/Drivers/Icm20948/Icm20948AuxTransport.o
                0x000000000800b9b8                inv_icm20948_secondary_enable_i2c
 .text.inv_icm20948_secondary_disable_i2c
                0x000000000800b9c8       0x10 ./icm20948Lib/Invn/Devices/Drivers/Icm20948/Icm20948AuxTransport.o
                0x000000000800b9c8                inv_icm20948_secondary_disable_i2c
 .text.inv_icm20948_secondary_set_odr
                0x000000000800b9d8       0x2c ./icm20948Lib/Invn/Devices/Drivers/Icm20948/Icm20948AuxTransport.o
                0x000000000800b9d8                inv_icm20948_secondary_set_odr
 .text.inv_icm20948_ctrl_androidSensor_enabled
                0x000000000800ba04       0x18 ./icm20948Lib/Invn/Devices/Drivers/Icm20948/Icm20948DataBaseControl.o
                0x000000000800ba04                inv_icm20948_ctrl_androidSensor_enabled
 .text.inv_icm20948_base_control_init
                0x000000000800ba1c       0xe0 ./icm20948Lib/Invn/Devices/Drivers/Icm20948/Icm20948DataBaseControl.o
                0x000000000800ba1c                inv_icm20948_base_control_init
 .text.inv_icm20948_ctrl_enable_batch
                0x000000000800bafc       0x38 ./icm20948Lib/Invn/Devices/Drivers/Icm20948/Icm20948DataBaseControl.o
                0x000000000800bafc                inv_icm20948_ctrl_enable_batch
 .text.inv_icm20948_ctrl_get_batch_mode_status
                0x000000000800bb34        0x8 ./icm20948Lib/Invn/Devices/Drivers/Icm20948/Icm20948DataBaseControl.o
                0x000000000800bb34                inv_icm20948_ctrl_get_batch_mode_status
 .text.inv_icm20948_ctrl_set_batch_timeout_ms
                0x000000000800bb3c       0xc0 ./icm20948Lib/Invn/Devices/Drivers/Icm20948/Icm20948DataBaseControl.o
                0x000000000800bb3c                inv_icm20948_ctrl_set_batch_timeout_ms
 .text.inv_icm20948_ctrl_get_activitiy_classifier_on_flag
                0x000000000800bbfc        0x8 ./icm20948Lib/Invn/Devices/Drivers/Icm20948/Icm20948DataBaseControl.o
                0x000000000800bbfc                inv_icm20948_ctrl_get_activitiy_classifier_on_flag
 *fill*         0x000000000800bc04        0x4 
 .text.inv_icm20948_ctrl_set_accel_cal_params
                0x000000000800bc08       0xc8 ./icm20948Lib/Invn/Devices/Drivers/Icm20948/Icm20948DataBaseControl.o
                0x000000000800bc08                inv_icm20948_ctrl_set_accel_cal_params
 .text.inv_set_hw_smplrt_dmp_odrs
                0x000000000800bcd0      0xaec ./icm20948Lib/Invn/Devices/Drivers/Icm20948/Icm20948DataBaseControl.o
 .text.inv_icm20948_set_odr
                0x000000000800c7bc      0x25c ./icm20948Lib/Invn/Devices/Drivers/Icm20948/Icm20948DataBaseControl.o
                0x000000000800c7bc                inv_icm20948_set_odr
 .text.inv_icm20948_ctrl_enable_sensor
                0x000000000800ca18      0x640 ./icm20948Lib/Invn/Devices/Drivers/Icm20948/Icm20948DataBaseControl.o
                0x000000000800ca18                inv_icm20948_ctrl_enable_sensor
 .text.inv_icm20948_ctrl_get_acc_bias
                0x000000000800d058        0x4 ./icm20948Lib/Invn/Devices/Drivers/Icm20948/Icm20948DataBaseControl.o
                0x000000000800d058                inv_icm20948_ctrl_get_acc_bias
 .text.inv_icm20948_ctrl_get_gyr_bias
                0x000000000800d05c        0x4 ./icm20948Lib/Invn/Devices/Drivers/Icm20948/Icm20948DataBaseControl.o
                0x000000000800d05c                inv_icm20948_ctrl_get_gyr_bias
 .text.inv_icm20948_ctrl_get_mag_bias
                0x000000000800d060        0x4 ./icm20948Lib/Invn/Devices/Drivers/Icm20948/Icm20948DataBaseControl.o
                0x000000000800d060                inv_icm20948_ctrl_get_mag_bias
 .text.inv_icm20948_ctrl_set_acc_bias
                0x000000000800d064       0x1c ./icm20948Lib/Invn/Devices/Drivers/Icm20948/Icm20948DataBaseControl.o
                0x000000000800d064                inv_icm20948_ctrl_set_acc_bias
 .text.inv_icm20948_ctrl_set_gyr_bias
                0x000000000800d080       0x1c ./icm20948Lib/Invn/Devices/Drivers/Icm20948/Icm20948DataBaseControl.o
                0x000000000800d080                inv_icm20948_ctrl_set_gyr_bias
 .text.inv_icm20948_ctrl_set_mag_bias
                0x000000000800d09c       0x1c ./icm20948Lib/Invn/Devices/Drivers/Icm20948/Icm20948DataBaseControl.o
                0x000000000800d09c                inv_icm20948_ctrl_set_mag_bias
 .text.inv_icm20948_prevent_lpen_control
                0x000000000800d0b8        0x8 ./icm20948Lib/Invn/Devices/Drivers/Icm20948/Icm20948DataBaseDriver.o
                0x000000000800d0b8                inv_icm20948_prevent_lpen_control
 .text.inv_icm20948_allow_lpen_control
                0x000000000800d0c0       0x34 ./icm20948Lib/Invn/Devices/Drivers/Icm20948/Icm20948DataBaseDriver.o
                0x000000000800d0c0                inv_icm20948_allow_lpen_control
 .text.inv_icm20948_set_chip_power_state
                0x000000000800d0f4       0xc4 ./icm20948Lib/Invn/Devices/Drivers/Icm20948/Icm20948DataBaseDriver.o
                0x000000000800d0f4                inv_icm20948_set_chip_power_state
 .text.inv_icm20948_get_chip_power_state
                0x000000000800d1b8        0x4 ./icm20948Lib/Invn/Devices/Drivers/Icm20948/Icm20948DataBaseDriver.o
                0x000000000800d1b8                inv_icm20948_get_chip_power_state
 .text.inv_icm20948_wakeup_mems
                0x000000000800d1bc       0xb8 ./icm20948Lib/Invn/Devices/Drivers/Icm20948/Icm20948DataBaseDriver.o
                0x000000000800d1bc                inv_icm20948_wakeup_mems
 .text.inv_icm20948_sleep_mems
                0x000000000800d274       0x50 ./icm20948Lib/Invn/Devices/Drivers/Icm20948/Icm20948DataBaseDriver.o
                0x000000000800d274                inv_icm20948_sleep_mems
 .text.inv_icm20948_set_dmp_address
                0x000000000800d2c4       0x38 ./icm20948Lib/Invn/Devices/Drivers/Icm20948/Icm20948DataBaseDriver.o
                0x000000000800d2c4                inv_icm20948_set_dmp_address
 .text.inv_icm20948_set_secondary
                0x000000000800d2fc       0x34 ./icm20948Lib/Invn/Devices/Drivers/Icm20948/Icm20948DataBaseDriver.o
                0x000000000800d2fc                inv_icm20948_set_secondary
 .text.inv_icm20948_enter_duty_cycle_mode
                0x000000000800d330       0x20 ./icm20948Lib/Invn/Devices/Drivers/Icm20948/Icm20948DataBaseDriver.o
                0x000000000800d330                inv_icm20948_enter_duty_cycle_mode
 .text.inv_icm20948_enter_low_noise_mode
                0x000000000800d350       0x24 ./icm20948Lib/Invn/Devices/Drivers/Icm20948/Icm20948DataBaseDriver.o
                0x000000000800d350                inv_icm20948_enter_low_noise_mode
 .text.inv_icm20948_initialize_lower_driver
                0x000000000800d374      0x240 ./icm20948Lib/Invn/Devices/Drivers/Icm20948/Icm20948DataBaseDriver.o
                0x000000000800d374                inv_icm20948_initialize_lower_driver
 .text.inv_icm20948_get_compass_availability
                0x000000000800d5b4        0x8 ./icm20948Lib/Invn/Devices/Drivers/Icm20948/Icm20948DataBaseDriver.o
                0x000000000800d5b4                inv_icm20948_get_compass_availability
 .text.inv_icm20948_set_slave_compass_id
                0x000000000800d5bc       0x8c ./icm20948Lib/Invn/Devices/Drivers/Icm20948/Icm20948DataBaseDriver.o
                0x000000000800d5bc                inv_icm20948_set_slave_compass_id
 .text.inv_icm20948_set_gyro_divider
                0x000000000800d648       0x20 ./icm20948Lib/Invn/Devices/Drivers/Icm20948/Icm20948DataBaseDriver.o
                0x000000000800d648                inv_icm20948_set_gyro_divider
 .text.inv_icm20948_get_gyro_divider
                0x000000000800d668        0x4 ./icm20948Lib/Invn/Devices/Drivers/Icm20948/Icm20948DataBaseDriver.o
                0x000000000800d668                inv_icm20948_get_gyro_divider
 .text.inv_icm20948_set_secondary_divider
                0x000000000800d66c       0x10 ./icm20948Lib/Invn/Devices/Drivers/Icm20948/Icm20948DataBaseDriver.o
                0x000000000800d66c                inv_icm20948_set_secondary_divider
 .text.inv_icm20948_get_secondary_divider
                0x000000000800d67c        0x4 ./icm20948Lib/Invn/Devices/Drivers/Icm20948/Icm20948DataBaseDriver.o
                0x000000000800d67c                inv_icm20948_get_secondary_divider
 .text.inv_icm20948_set_accel_divider
                0x000000000800d680       0x24 ./icm20948Lib/Invn/Devices/Drivers/Icm20948/Icm20948DataBaseDriver.o
                0x000000000800d680                inv_icm20948_set_accel_divider
 .text.inv_icm20948_get_accel_divider
                0x000000000800d6a4        0x8 ./icm20948Lib/Invn/Devices/Drivers/Icm20948/Icm20948DataBaseDriver.o
                0x000000000800d6a4                inv_icm20948_get_accel_divider
 .text.inv_icm20948_set_gyro_sf
                0x000000000800d6ac       0xd4 ./icm20948Lib/Invn/Devices/Drivers/Icm20948/Icm20948DataBaseDriver.o
                0x000000000800d6ac                inv_icm20948_set_gyro_sf
 .text.inv_icm20948_get_gyro_fullscale
                0x000000000800d780        0x8 ./icm20948Lib/Invn/Devices/Drivers/Icm20948/Icm20948DataBaseDriver.o
                0x000000000800d780                inv_icm20948_get_gyro_fullscale
 .text.inv_icm20948_set_icm20948_gyro_fullscale
                0x000000000800d788       0xe0 ./icm20948Lib/Invn/Devices/Drivers/Icm20948/Icm20948DataBaseDriver.o
                0x000000000800d788                inv_icm20948_set_icm20948_gyro_fullscale
 .text.inv_icm20948_set_gyro_fullscale
                0x000000000800d868       0xf4 ./icm20948Lib/Invn/Devices/Drivers/Icm20948/Icm20948DataBaseDriver.o
                0x000000000800d868                inv_icm20948_set_gyro_fullscale
 .text.inv_icm20948_get_accel_fullscale
                0x000000000800d95c        0x8 ./icm20948Lib/Invn/Devices/Drivers/Icm20948/Icm20948DataBaseDriver.o
                0x000000000800d95c                inv_icm20948_get_accel_fullscale
 .text.inv_icm20948_set_icm20948_accel_fullscale
                0x000000000800d964       0xa4 ./icm20948Lib/Invn/Devices/Drivers/Icm20948/Icm20948DataBaseDriver.o
                0x000000000800d964                inv_icm20948_set_icm20948_accel_fullscale
 .text.inv_icm20948_set_accel_fullscale
                0x000000000800da08       0x34 ./icm20948Lib/Invn/Devices/Drivers/Icm20948/Icm20948DataBaseDriver.o
                0x000000000800da08                inv_icm20948_set_accel_fullscale
 .text.inv_icm20948_enable_hw_sensors
                0x000000000800da3c       0x60 ./icm20948Lib/Invn/Devices/Drivers/Icm20948/Icm20948DataBaseDriver.o
                0x000000000800da3c                inv_icm20948_enable_hw_sensors
 .text.invn_convert_inverse_q15_fxp.part.0
                0x000000000800da9c      0x12c ./icm20948Lib/Invn/Devices/Drivers/Icm20948/Icm20948DataConverter.o
 .text.inv_icm20948_q_mult_q_qi
                0x000000000800dbc8      0x108 ./icm20948Lib/Invn/Devices/Drivers/Icm20948/Icm20948DataConverter.o
                0x000000000800dbc8                inv_icm20948_q_mult_q_qi
 .text.inv_icm20948_convert_quat_rotate_fxp
                0x000000000800dcd0      0x188 ./icm20948Lib/Invn/Devices/Drivers/Icm20948/Icm20948DataConverter.o
                0x000000000800dcd0                inv_icm20948_convert_quat_rotate_fxp
 .text.inv_icm20948_convert_dmp3_to_body
                0x000000000800de58      0x1a8 ./icm20948Lib/Invn/Devices/Drivers/Icm20948/Icm20948DataConverter.o
                0x000000000800de58                inv_icm20948_convert_dmp3_to_body
 .text.inv_icm20948_convert_mult_q30_fxp
                0x000000000800e000        0xc ./icm20948Lib/Invn/Devices/Drivers/Icm20948/Icm20948DataConverter.o
                0x000000000800e000                inv_icm20948_convert_mult_q30_fxp
 .text.inv_icm20948_convert_compute_scalar_part_fxp
                0x000000000800e00c      0x254 ./icm20948Lib/Invn/Devices/Drivers/Icm20948/Icm20948DataConverter.o
                0x000000000800e00c                inv_icm20948_convert_compute_scalar_part_fxp
 .text.inv_icm20948_convert_fast_sqrt_fxp
                0x000000000800e260      0x21c ./icm20948Lib/Invn/Devices/Drivers/Icm20948/Icm20948DataConverter.o
                0x000000000800e260                inv_icm20948_convert_fast_sqrt_fxp
 .text.inv_icm20948_convert_rotation_vector
                0x000000000800e47c      0x1b4 ./icm20948Lib/Invn/Devices/Drivers/Icm20948/Icm20948DataConverter.o
                0x000000000800e47c                inv_icm20948_convert_rotation_vector
 .text.inv_icm20948_convert_matrix_to_quat_flt
                0x000000000800e630      0x29c ./icm20948Lib/Invn/Devices/Drivers/Icm20948/Icm20948DataConverter.o
                0x000000000800e630                inv_icm20948_convert_matrix_to_quat_flt
 .text.inv_icm20948_set_chip_to_body_axis_quaternion
                0x000000000800e8cc      0x228 ./icm20948Lib/Invn/Devices/Drivers/Icm20948/Icm20948DataConverter.o
                0x000000000800e8cc                inv_icm20948_set_chip_to_body_axis_quaternion
 .text.inv_icm20948_convert_mult_qfix_fxp
                0x000000000800eaf4       0x20 ./icm20948Lib/Invn/Devices/Drivers/Icm20948/Icm20948DataConverter.o
                0x000000000800eaf4                inv_icm20948_convert_mult_qfix_fxp
 .text.inv_icm20948_convert_quat_to_col_major_matrix_fxp
                0x000000000800eb14      0x128 ./icm20948Lib/Invn/Devices/Drivers/Icm20948/Icm20948DataConverter.o
                0x000000000800eb14                inv_icm20948_convert_quat_to_col_major_matrix_fxp
 .text.inv_icm20948_math_atan2_q15_fxp
                0x000000000800ec3c      0x118 ./icm20948Lib/Invn/Devices/Drivers/Icm20948/Icm20948DataConverter.o
                0x000000000800ec3c                inv_icm20948_math_atan2_q15_fxp
 .text.inv_icm20948_convert_int16_to_big8
                0x000000000800ed54        0xc ./icm20948Lib/Invn/Devices/Drivers/Icm20948/Icm20948DataConverter.o
                0x000000000800ed54                inv_icm20948_convert_int16_to_big8
 .text.inv_icm20948_convert_int32_to_big8
                0x000000000800ed60       0x18 ./icm20948Lib/Invn/Devices/Drivers/Icm20948/Icm20948DataConverter.o
                0x000000000800ed60                inv_icm20948_convert_int32_to_big8
 .text.inv_icm20948_convert_big8_to_int32
                0x000000000800ed78        0x8 ./icm20948Lib/Invn/Devices/Drivers/Icm20948/Icm20948DataConverter.o
                0x000000000800ed78                inv_icm20948_convert_big8_to_int32
 .text.inv_icm20948_load_firmware
                0x000000000800ed80        0x8 ./icm20948Lib/Invn/Devices/Drivers/Icm20948/Icm20948Dmp3Driver.o
                0x000000000800ed80                inv_icm20948_load_firmware
 .text.inv_icm20948_get_dmp_start_address
                0x000000000800ed88        0x8 ./icm20948Lib/Invn/Devices/Drivers/Icm20948/Icm20948Dmp3Driver.o
                0x000000000800ed88                inv_icm20948_get_dmp_start_address
 .text.dmp_icm20948_set_data_output_control1
                0x000000000800ed90       0x20 ./icm20948Lib/Invn/Devices/Drivers/Icm20948/Icm20948Dmp3Driver.o
                0x000000000800ed90                dmp_icm20948_set_data_output_control1
 .text.dmp_icm20948_set_data_output_control2
                0x000000000800edb0       0x14 ./icm20948Lib/Invn/Devices/Drivers/Icm20948/Icm20948Dmp3Driver.o
                0x000000000800edb0                dmp_icm20948_set_data_output_control2
 .text.dmp_icm20948_reset_control_registers
                0x000000000800edc4       0x54 ./icm20948Lib/Invn/Devices/Drivers/Icm20948/Icm20948Dmp3Driver.o
                0x000000000800edc4                dmp_icm20948_reset_control_registers
 .text.dmp_icm20948_set_data_interrupt_control
                0x000000000800ee18       0x28 ./icm20948Lib/Invn/Devices/Drivers/Icm20948/Icm20948Dmp3Driver.o
                0x000000000800ee18                dmp_icm20948_set_data_interrupt_control
 .text.dmp_icm20948_set_FIFO_watermark
                0x000000000800ee40       0x28 ./icm20948Lib/Invn/Devices/Drivers/Icm20948/Icm20948Dmp3Driver.o
                0x000000000800ee40                dmp_icm20948_set_FIFO_watermark
 .text.dmp_icm20948_set_data_rdy_status
                0x000000000800ee68       0x28 ./icm20948Lib/Invn/Devices/Drivers/Icm20948/Icm20948Dmp3Driver.o
                0x000000000800ee68                dmp_icm20948_set_data_rdy_status
 .text.dmp_icm20948_set_motion_event_control
                0x000000000800ee90       0x20 ./icm20948Lib/Invn/Devices/Drivers/Icm20948/Icm20948Dmp3Driver.o
                0x000000000800ee90                dmp_icm20948_set_motion_event_control
 .text.dmp_icm20948_set_sensor_rate
                0x000000000800eeb0       0x3c ./icm20948Lib/Invn/Devices/Drivers/Icm20948/Icm20948Dmp3Driver.o
                0x000000000800eeb0                dmp_icm20948_set_sensor_rate
 .text.dmp_icm20948_set_batchmode_params
                0x000000000800eeec       0x58 ./icm20948Lib/Invn/Devices/Drivers/Icm20948/Icm20948Dmp3Driver.o
                0x000000000800eeec                dmp_icm20948_set_batchmode_params
 .text.dmp_icm20948_set_bias_acc
                0x000000000800ef44       0x5c ./icm20948Lib/Invn/Devices/Drivers/Icm20948/Icm20948Dmp3Driver.o
                0x000000000800ef44                dmp_icm20948_set_bias_acc
 .text.dmp_icm20948_set_bias_gyr
                0x000000000800efa0       0x5c ./icm20948Lib/Invn/Devices/Drivers/Icm20948/Icm20948Dmp3Driver.o
                0x000000000800efa0                dmp_icm20948_set_bias_gyr
 .text.dmp_icm20948_set_bias_cmp
                0x000000000800effc       0x5c ./icm20948Lib/Invn/Devices/Drivers/Icm20948/Icm20948Dmp3Driver.o
                0x000000000800effc                dmp_icm20948_set_bias_cmp
 .text.dmp_icm20948_get_bias_acc
                0x000000000800f058       0x5c ./icm20948Lib/Invn/Devices/Drivers/Icm20948/Icm20948Dmp3Driver.o
                0x000000000800f058                dmp_icm20948_get_bias_acc
 .text.dmp_icm20948_get_bias_gyr
                0x000000000800f0b4       0x5c ./icm20948Lib/Invn/Devices/Drivers/Icm20948/Icm20948Dmp3Driver.o
                0x000000000800f0b4                dmp_icm20948_get_bias_gyr
 .text.dmp_icm20948_get_bias_cmp
                0x000000000800f110       0x5c ./icm20948Lib/Invn/Devices/Drivers/Icm20948/Icm20948Dmp3Driver.o
                0x000000000800f110                dmp_icm20948_get_bias_cmp
 .text.dmp_icm20948_set_gyro_sf
                0x000000000800f16c       0x20 ./icm20948Lib/Invn/Devices/Drivers/Icm20948/Icm20948Dmp3Driver.o
                0x000000000800f16c                dmp_icm20948_set_gyro_sf
 .text.dmp_icm20948_set_accel_feedback_gain
                0x000000000800f18c       0x24 ./icm20948Lib/Invn/Devices/Drivers/Icm20948/Icm20948Dmp3Driver.o
                0x000000000800f18c                dmp_icm20948_set_accel_feedback_gain
 .text.dmp_icm20948_set_accel_cal_params
                0x000000000800f1b0       0x5c ./icm20948Lib/Invn/Devices/Drivers/Icm20948/Icm20948Dmp3Driver.o
                0x000000000800f1b0                dmp_icm20948_set_accel_cal_params
 .text.dmp_icm20948_set_compass_matrix
                0x000000000800f20c      0x100 ./icm20948Lib/Invn/Devices/Drivers/Icm20948/Icm20948Dmp3Driver.o
                0x000000000800f20c                dmp_icm20948_set_compass_matrix
 .text.dmp_icm20948_get_pedometer_num_of_steps
                0x000000000800f30c       0x3c ./icm20948Lib/Invn/Devices/Drivers/Icm20948/Icm20948Dmp3Driver.o
                0x000000000800f30c                dmp_icm20948_get_pedometer_num_of_steps
 .text.dmp_icm20948_set_accel_fsr
                0x000000000800f348       0x6c ./icm20948Lib/Invn/Devices/Drivers/Icm20948/Icm20948Dmp3Driver.o
                0x000000000800f348                dmp_icm20948_set_accel_fsr
 .text.dmp_icm20948_set_accel_scale2
                0x000000000800f3b4       0x6c ./icm20948Lib/Invn/Devices/Drivers/Icm20948/Icm20948Dmp3Driver.o
                0x000000000800f3b4                dmp_icm20948_set_accel_scale2
 .text.dmp_icm20948_set_bac_rate
                0x000000000800f420       0x54 ./icm20948Lib/Invn/Devices/Drivers/Icm20948/Icm20948Dmp3Driver.o
                0x000000000800f420                dmp_icm20948_set_bac_rate
 .text.dmp_icm20948_set_b2s_rate
                0x000000000800f474       0x54 ./icm20948Lib/Invn/Devices/Drivers/Icm20948/Icm20948Dmp3Driver.o
                0x000000000800f474                dmp_icm20948_set_b2s_rate
 .text.dmp_icm20948_set_B2S_matrix
                0x000000000800f4c8      0x100 ./icm20948Lib/Invn/Devices/Drivers/Icm20948/Icm20948Dmp3Driver.o
                0x000000000800f4c8                dmp_icm20948_set_B2S_matrix
 .text.dmp_icm20948_set_ped_y_ratio
                0x000000000800f5c8       0x24 ./icm20948Lib/Invn/Devices/Drivers/Icm20948/Icm20948Dmp3Driver.o
                0x000000000800f5c8                dmp_icm20948_set_ped_y_ratio
 .text.inv_icm20948_firmware_load
                0x000000000800f5ec       0xb0 ./icm20948Lib/Invn/Devices/Drivers/Icm20948/Icm20948LoadFirmware.o
                0x000000000800f5ec                inv_icm20948_firmware_load
 .text.dmp_reset_fifo.isra.0
                0x000000000800f69c       0xdc ./icm20948Lib/Invn/Devices/Drivers/Icm20948/Icm20948MPUFifoControl.o
 .text.dmp_get_fifo_all.constprop.0
                0x000000000800f778       0x94 ./icm20948Lib/Invn/Devices/Drivers/Icm20948/Icm20948MPUFifoControl.o
 .text.inv_icm20948_identify_interrupt
                0x000000000800f80c       0x5c ./icm20948Lib/Invn/Devices/Drivers/Icm20948/Icm20948MPUFifoControl.o
                0x000000000800f80c                inv_icm20948_identify_interrupt
 .text.inv_icm20948_fifo_swmirror
                0x000000000800f868      0x320 ./icm20948Lib/Invn/Devices/Drivers/Icm20948/Icm20948MPUFifoControl.o
                0x000000000800f868                inv_icm20948_fifo_swmirror
 .text.inv_icm20948_inv_decode_one_ivory_fifo_packet
                0x000000000800fb88      0x1bc ./icm20948Lib/Invn/Devices/Drivers/Icm20948/Icm20948MPUFifoControl.o
                0x000000000800fb88                inv_icm20948_inv_decode_one_ivory_fifo_packet
 .text.inv_icm20948_fifo_pop
                0x000000000800fd44      0x138 ./icm20948Lib/Invn/Devices/Drivers/Icm20948/Icm20948MPUFifoControl.o
                0x000000000800fd44                inv_icm20948_fifo_pop
 .text.inv_icm20948_dmp_get_accel
                0x000000000800fe7c       0x28 ./icm20948Lib/Invn/Devices/Drivers/Icm20948/Icm20948MPUFifoControl.o
                0x000000000800fe7c                inv_icm20948_dmp_get_accel
 .text.inv_icm20948_dmp_get_raw_gyro
                0x000000000800fea4       0x28 ./icm20948Lib/Invn/Devices/Drivers/Icm20948/Icm20948MPUFifoControl.o
                0x000000000800fea4                inv_icm20948_dmp_get_raw_gyro
 .text.inv_icm20948_dmp_get_gyro_bias
                0x000000000800fecc       0x20 ./icm20948Lib/Invn/Devices/Drivers/Icm20948/Icm20948MPUFifoControl.o
                0x000000000800fecc                inv_icm20948_dmp_get_gyro_bias
 .text.inv_icm20948_dmp_get_calibrated_gyro
                0x000000000800feec       0x30 ./icm20948Lib/Invn/Devices/Drivers/Icm20948/Icm20948MPUFifoControl.o
                0x000000000800feec                inv_icm20948_dmp_get_calibrated_gyro
 .text.inv_icm20948_dmp_get_6quaternion
                0x000000000800ff1c       0x28 ./icm20948Lib/Invn/Devices/Drivers/Icm20948/Icm20948MPUFifoControl.o
                0x000000000800ff1c                inv_icm20948_dmp_get_6quaternion
 .text.inv_icm20948_dmp_get_9quaternion
                0x000000000800ff44       0x28 ./icm20948Lib/Invn/Devices/Drivers/Icm20948/Icm20948MPUFifoControl.o
                0x000000000800ff44                inv_icm20948_dmp_get_9quaternion
 .text.inv_icm20948_dmp_get_gmrvquaternion
                0x000000000800ff6c       0x28 ./icm20948Lib/Invn/Devices/Drivers/Icm20948/Icm20948MPUFifoControl.o
                0x000000000800ff6c                inv_icm20948_dmp_get_gmrvquaternion
 .text.inv_icm20948_dmp_get_raw_compass
                0x000000000800ff94       0x28 ./icm20948Lib/Invn/Devices/Drivers/Icm20948/Icm20948MPUFifoControl.o
                0x000000000800ff94                inv_icm20948_dmp_get_raw_compass
 .text.inv_icm20948_dmp_get_calibrated_compass
                0x000000000800ffbc       0x28 ./icm20948Lib/Invn/Devices/Drivers/Icm20948/Icm20948MPUFifoControl.o
                0x000000000800ffbc                inv_icm20948_dmp_get_calibrated_compass
 .text.inv_icm20948_dmp_get_bac_state
                0x000000000800ffe4       0x1c ./icm20948Lib/Invn/Devices/Drivers/Icm20948/Icm20948MPUFifoControl.o
                0x000000000800ffe4                inv_icm20948_dmp_get_bac_state
 .text.inv_icm20948_dmp_get_bac_ts
                0x0000000008010000       0x1c ./icm20948Lib/Invn/Devices/Drivers/Icm20948/Icm20948MPUFifoControl.o
                0x0000000008010000                inv_icm20948_dmp_get_bac_ts
 .text.inv_icm20948_dmp_get_flip_pickup_state
                0x000000000801001c       0x1c ./icm20948Lib/Invn/Devices/Drivers/Icm20948/Icm20948MPUFifoControl.o
                0x000000000801001c                inv_icm20948_dmp_get_flip_pickup_state
 .text.inv_icm20948_get_accel_accuracy
                0x0000000008010038        0xc ./icm20948Lib/Invn/Devices/Drivers/Icm20948/Icm20948MPUFifoControl.o
                0x0000000008010038                inv_icm20948_get_accel_accuracy
 .text.inv_icm20948_get_gyro_accuracy
                0x0000000008010044        0xc ./icm20948Lib/Invn/Devices/Drivers/Icm20948/Icm20948MPUFifoControl.o
                0x0000000008010044                inv_icm20948_get_gyro_accuracy
 .text.inv_icm20948_get_mag_accuracy
                0x0000000008010050        0xc ./icm20948Lib/Invn/Devices/Drivers/Icm20948/Icm20948MPUFifoControl.o
                0x0000000008010050                inv_icm20948_get_mag_accuracy
 .text.inv_icm20948_get_gmrv_accuracy
                0x000000000801005c        0xc ./icm20948Lib/Invn/Devices/Drivers/Icm20948/Icm20948MPUFifoControl.o
                0x000000000801005c                inv_icm20948_get_gmrv_accuracy
 .text.inv_icm20948_get_rv_accuracy
                0x0000000008010068        0xc ./icm20948Lib/Invn/Devices/Drivers/Icm20948/Icm20948MPUFifoControl.o
                0x0000000008010068                inv_icm20948_get_rv_accuracy
 .text.inv_do_test_accelgyro
                0x0000000008010074      0x164 ./icm20948Lib/Invn/Devices/Drivers/Icm20948/Icm20948SelfTest.o
 .text.inv_icm20948_run_selftest
                0x00000000080101d8      0x4c4 ./icm20948Lib/Invn/Devices/Drivers/Icm20948/Icm20948SelfTest.o
                0x00000000080101d8                inv_icm20948_run_selftest
 .text.inv_icm20948_sensor_android_2_sensor_type
                0x000000000801069c       0x14 ./icm20948Lib/Invn/Devices/Drivers/Icm20948/Icm20948Setup.o
                0x000000000801069c                inv_icm20948_sensor_android_2_sensor_type
 .text.inv_icm20948_get_whoami
                0x00000000080106b0        0xc ./icm20948Lib/Invn/Devices/Drivers/Icm20948/Icm20948Setup.o
                0x00000000080106b0                inv_icm20948_get_whoami
 *fill*         0x00000000080106bc        0x4 
 .text.inv_icm20948_init_matrix
                0x00000000080106c0       0x5c ./icm20948Lib/Invn/Devices/Drivers/Icm20948/Icm20948Setup.o
                0x00000000080106c0                inv_icm20948_init_matrix
 *fill*         0x000000000801071c        0x4 
 .text.inv_icm20948_init_structure
                0x0000000008010720       0x5c ./icm20948Lib/Invn/Devices/Drivers/Icm20948/Icm20948Setup.o
                0x0000000008010720                inv_icm20948_init_structure
 .text.inv_icm20948_initialize
                0x000000000801077c       0x2c ./icm20948Lib/Invn/Devices/Drivers/Icm20948/Icm20948Setup.o
                0x000000000801077c                inv_icm20948_initialize
 .text.inv_icm20948_init_scale
                0x00000000080107a8       0x18 ./icm20948Lib/Invn/Devices/Drivers/Icm20948/Icm20948Setup.o
                0x00000000080107a8                inv_icm20948_init_scale
 .text.inv_icm20948_set_fsr
                0x00000000080107c0       0x6c ./icm20948Lib/Invn/Devices/Drivers/Icm20948/Icm20948Setup.o
                0x00000000080107c0                inv_icm20948_set_fsr
 .text.inv_icm20948_get_fsr
                0x000000000801082c       0x88 ./icm20948Lib/Invn/Devices/Drivers/Icm20948/Icm20948Setup.o
                0x000000000801082c                inv_icm20948_get_fsr
 .text.inv_icm20948_set_bias
                0x00000000080108b4       0x9c ./icm20948Lib/Invn/Devices/Drivers/Icm20948/Icm20948Setup.o
                0x00000000080108b4                inv_icm20948_set_bias
 .text.inv_icm20948_get_bias
                0x0000000008010950       0xa0 ./icm20948Lib/Invn/Devices/Drivers/Icm20948/Icm20948Setup.o
                0x0000000008010950                inv_icm20948_get_bias
 .text.inv_icm20948_set_lowpower_or_highperformance
                0x00000000080109f0       0x10 ./icm20948Lib/Invn/Devices/Drivers/Icm20948/Icm20948Setup.o
                0x00000000080109f0                inv_icm20948_set_lowpower_or_highperformance
 .text.inv_icm20948_get_lowpower_or_highperformance
                0x0000000008010a00        0x8 ./icm20948Lib/Invn/Devices/Drivers/Icm20948/Icm20948Setup.o
                0x0000000008010a00                inv_icm20948_get_lowpower_or_highperformance
 .text.inv_icm20948_set_matrix
                0x0000000008010a08      0x1e4 ./icm20948Lib/Invn/Devices/Drivers/Icm20948/Icm20948Setup.o
                0x0000000008010a08                inv_icm20948_set_matrix
 .text.inv_icm20948_initialize_auxiliary
                0x0000000008010bec       0x14 ./icm20948Lib/Invn/Devices/Drivers/Icm20948/Icm20948Setup.o
                0x0000000008010bec                inv_icm20948_initialize_auxiliary
 .text.inv_icm20948_soft_reset
                0x0000000008010c00       0x1c ./icm20948Lib/Invn/Devices/Drivers/Icm20948/Icm20948Setup.o
                0x0000000008010c00                inv_icm20948_soft_reset
 .text.inv_icm20948_enable_sensor
                0x0000000008010c1c       0x38 ./icm20948Lib/Invn/Devices/Drivers/Icm20948/Icm20948Setup.o
                0x0000000008010c1c                inv_icm20948_enable_sensor
 *fill*         0x0000000008010c54        0x4 
 .text.inv_icm20948_set_sensor_period
                0x0000000008010c58       0x54 ./icm20948Lib/Invn/Devices/Drivers/Icm20948/Icm20948Setup.o
                0x0000000008010c58                inv_icm20948_set_sensor_period
 .text.inv_icm20948_enable_batch_timeout
                0x0000000008010cac       0x24 ./icm20948Lib/Invn/Devices/Drivers/Icm20948/Icm20948Setup.o
                0x0000000008010cac                inv_icm20948_enable_batch_timeout
 .text.inv_icm20948_load
                0x0000000008010cd0        0x8 ./icm20948Lib/Invn/Devices/Drivers/Icm20948/Icm20948Setup.o
                0x0000000008010cd0                inv_icm20948_load
 .text.inv_icm20948_poll_sensor
                0x0000000008010cd8      0xbcc ./icm20948Lib/Invn/Devices/Drivers/Icm20948/Icm20948Setup.o
                0x0000000008010cd8                inv_icm20948_poll_sensor
 .text.inv_set_bank.part.0
                0x00000000080118a4       0x54 ./icm20948Lib/Invn/Devices/Drivers/Icm20948/Icm20948Transport.o
 .text.inv_icm20948_read_reg
                0x00000000080118f8       0x38 ./icm20948Lib/Invn/Devices/Drivers/Icm20948/Icm20948Transport.o
                0x00000000080118f8                inv_icm20948_read_reg
 .text.inv_icm20948_write_reg
                0x0000000008011930       0x38 ./icm20948Lib/Invn/Devices/Drivers/Icm20948/Icm20948Transport.o
                0x0000000008011930                inv_icm20948_write_reg
 .text.inv_icm20948_sleep_100us
                0x0000000008011968        0xc ./icm20948Lib/Invn/Devices/Drivers/Icm20948/Icm20948Transport.o
                0x0000000008011968                inv_icm20948_sleep_100us
 .text.inv_icm20948_transport_init
                0x0000000008011974        0xc ./icm20948Lib/Invn/Devices/Drivers/Icm20948/Icm20948Transport.o
                0x0000000008011974                inv_icm20948_transport_init
 .text.inv_icm20948_write_mems_reg
                0x0000000008011980      0x138 ./icm20948Lib/Invn/Devices/Drivers/Icm20948/Icm20948Transport.o
                0x0000000008011980                inv_icm20948_write_mems_reg
 .text.inv_icm20948_write_single_mems_reg
                0x0000000008011ab8       0xf0 ./icm20948Lib/Invn/Devices/Drivers/Icm20948/Icm20948Transport.o
                0x0000000008011ab8                inv_icm20948_write_single_mems_reg
 .text.inv_icm20948_read_mems_reg
                0x0000000008011ba8      0x2bc ./icm20948Lib/Invn/Devices/Drivers/Icm20948/Icm20948Transport.o
                0x0000000008011ba8                inv_icm20948_read_mems_reg
 .text.inv_icm20948_read_mems
                0x0000000008011e64      0x338 ./icm20948Lib/Invn/Devices/Drivers/Icm20948/Icm20948Transport.o
                0x0000000008011e64                inv_icm20948_read_mems
 .text.inv_icm20948_write_mems