Archive member included to satisfy reference by file (symbol)

c:/st/stm32cubeide_1.12.0/stm32cubeide/plugins/com.st.stm32cube.ide.mcu.externaltools.gnu-tools-for-stm32.10.3-2021.10.win32_1.0.200.202301161003/tools/bin/../lib/gcc/arm-none-eabi/10.3.1/../../../../arm-none-eabi/lib/thumb/v7e-m+fp/hard\libc_nano.a(lib_a-assert.o)
                              ./Core/Src/main.o (__assert_func)
c:/st/stm32cubeide_1.12.0/stm32cubeide/plugins/com.st.stm32cube.ide.mcu.externaltools.gnu-tools-for-stm32.10.3-2021.10.win32_1.0.200.202301161003/tools/bin/../lib/gcc/arm-none-eabi/10.3.1/../../../../arm-none-eabi/lib/thumb/v7e-m+fp/hard\libc_nano.a(lib_a-errno.o)
                              ./Core/Src/retarget.o (__errno)
c:/st/stm32cubeide_1.12.0/stm32cubeide/plugins/com.st.stm32cube.ide.mcu.externaltools.gnu-tools-for-stm32.10.3-2021.10.win32_1.0.200.202301161003/tools/bin/../lib/gcc/arm-none-eabi/10.3.1/../../../../arm-none-eabi/lib/thumb/v7e-m+fp/hard\libc_nano.a(lib_a-exit.o)
                              c:/st/stm32cubeide_1.12.0/stm32cubeide/plugins/com.st.stm32cube.ide.mcu.externaltools.gnu-tools-for-stm32.10.3-2021.10.win32_1.0.200.202301161003/tools/bin/../lib/gcc/arm-none-eabi/10.3.1/../../../../arm-none-eabi/lib/thumb/v7e-m+fp/hard/crt0.o (exit)
c:/st/stm32cubeide_1.12.0/stm32cubeide/plugins/com.st.stm32cube.ide.mcu.externaltools.gnu-tools-for-stm32.10.3-2021.10.win32_1.0.200.202301161003/tools/bin/../lib/gcc/arm-none-eabi/10.3.1/../../../../arm-none-eabi/lib/thumb/v7e-m+fp/hard\libc_nano.a(lib_a-fprintf.o)
                              c:/st/stm32cubeide_1.12.0/stm32cubeide/plugins/com.st.stm32cube.ide.mcu.externaltools.gnu-tools-for-stm32.10.3-2021.10.win32_1.0.200.202301161003/tools/bin/../lib/gcc/arm-none-eabi/10.3.1/../../../../arm-none-eabi/lib/thumb/v7e-m+fp/hard\libc_nano.a(lib_a-assert.o) (fiprintf)
c:/st/stm32cubeide_1.12.0/stm32cubeide/plugins/com.st.stm32cube.ide.mcu.externaltools.gnu-tools-for-stm32.10.3-2021.10.win32_1.0.200.202301161003/tools/bin/../lib/gcc/arm-none-eabi/10.3.1/../../../../arm-none-eabi/lib/thumb/v7e-m+fp/hard\libc_nano.a(lib_a-fputc.o)
                              ./icm20948Lib/Invn/EmbUtils/Message.o (fputc)
c:/st/stm32cubeide_1.12.0/stm32cubeide/plugins/com.st.stm32cube.ide.mcu.externaltools.gnu-tools-for-stm32.10.3-2021.10.win32_1.0.200.202301161003/tools/bin/../lib/gcc/arm-none-eabi/10.3.1/../../../../arm-none-eabi/lib/thumb/v7e-m+fp/hard\libc_nano.a(lib_a-fputs.o)
                              ./icm20948Lib/Invn/EmbUtils/Message.o (fputs)
c:/st/stm32cubeide_1.12.0/stm32cubeide/plugins/com.st.stm32cube.ide.mcu.externaltools.gnu-tools-for-stm32.10.3-2021.10.win32_1.0.200.202301161003/tools/bin/../lib/gcc/arm-none-eabi/10.3.1/../../../../arm-none-eabi/lib/thumb/v7e-m+fp/hard\libc_nano.a(lib_a-impure.o)
                              c:/st/stm32cubeide_1.12.0/stm32cubeide/plugins/com.st.stm32cube.ide.mcu.externaltools.gnu-tools-for-stm32.10.3-2021.10.win32_1.0.200.202301161003/tools/bin/../lib/gcc/arm-none-eabi/10.3.1/../../../../arm-none-eabi/lib/thumb/v7e-m+fp/hard\libc_nano.a(lib_a-exit.o) (_global_impure_ptr)
c:/st/stm32cubeide_1.12.0/stm32cubeide/plugins/com.st.stm32cube.ide.mcu.externaltools.gnu-tools-for-stm32.10.3-2021.10.win32_1.0.200.202301161003/tools/bin/../lib/gcc/arm-none-eabi/10.3.1/../../../../arm-none-eabi/lib/thumb/v7e-m+fp/hard\libc_nano.a(lib_a-init.o)
                              c:/st/stm32cubeide_1.12.0/stm32cubeide/plugins/com.st.stm32cube.ide.mcu.externaltools.gnu-tools-for-stm32.10.3-2021.10.win32_1.0.200.202301161003/tools/bin/../lib/gcc/arm-none-eabi/10.3.1/../../../../arm-none-eabi/lib/thumb/v7e-m+fp/hard/crt0.o (__libc_init_array)
c:/st/stm32cubeide_1.12.0/stm32cubeide/plugins/com.st.stm32cube.ide.mcu.externaltools.gnu-tools-for-stm32.10.3-2021.10.win32_1.0.200.202301161003/tools/bin/../lib/gcc/arm-none-eabi/10.3.1/../../../../arm-none-eabi/lib/thumb/v7e-m+fp/hard\libc_nano.a(lib_a-lock.o)
                              c:/st/stm32cubeide_1.12.0/stm32cubeide/plugins/com.st.stm32cube.ide.mcu.externaltools.gnu-tools-for-stm32.10.3-2021.10.win32_1.0.200.202301161003/tools/bin/../lib/gcc/arm-none-eabi/10.3.1/../../../../arm-none-eabi/lib/thumb/v7e-m+fp/hard\libc_nano.a(lib_a-fputc.o) (__retarget_lock_acquire_recursive)
c:/st/stm32cubeide_1.12.0/stm32cubeide/plugins/com.st.stm32cube.ide.mcu.externaltools.gnu-tools-for-stm32.10.3-2021.10.win32_1.0.200.202301161003/tools/bin/../lib/gcc/arm-none-eabi/10.3.1/../../../../arm-none-eabi/lib/thumb/v7e-m+fp/hard\libc_nano.a(lib_a-memcmp.o)
                              ./icm20948Lib/Invn/Devices/Drivers/Icm20948/Icm20948LoadFirmware.o (memcmp)
c:/st/stm32cubeide_1.12.0/stm32cubeide/plugins/com.st.stm32cube.ide.mcu.externaltools.gnu-tools-for-stm32.10.3-2021.10.win32_1.0.200.202301161003/tools/bin/../lib/gcc/arm-none-eabi/10.3.1/../../../../arm-none-eabi/lib/thumb/v7e-m+fp/hard\libc_nano.a(lib_a-memcpy-stub.o)
                              ./graphics/screen.o (memcpy)
[...]
Memory Configuration

Name             Origin             Length             Attributes
RAM              0x0000000020000000 0x0000000000010000 xrw
RAM2             0x0000000010000000 0x0000000000004000 xrw
FLASH            0x0000000008000000 0x0000000000040000 xr
*default*        0x0000000000000000 0xffffffffffffffff

Linker script and memory map

LOAD c:/st/stm32cubeide_1.12.0/stm32cubeide/plugins/com.st.stm32cube.ide.mcu.externaltools.gnu-tools-for-stm32.10.3-2021.10.win32_1.0.200.202301161003/tools/bin/../lib/gcc/arm-none-eabi/10.3.1/thumb/v7e-m+fp/hard/crti.o
LOAD c:/st/stm32cubeide_1.12.0/stm32cubeide/plugins/com.st.stm32cube.ide.mcu.externaltools.gnu-tools-for-stm32.10.3-2021.10.win32_1.0.200.202301161003/tools/bin/../lib/gcc/arm-none-eabi/10.3.1/thumb/v7e-m+fp/hard/crtbegin.o
LOAD c:/st/stm32cubeide_1.12.0/stm32cubeide/plugins/com.st.stm32cube.ide.mcu.externaltools.gnu-tools-for-stm32.10.3-2021.10.win32_1.0.200.202301161003/tools/bin/../lib/gcc/arm-none-eabi/10.3.1/../../../../arm-none-eabi/lib/thumb/v7e-m+fp/hard/crt0.o
LOAD ./Core/Src/main.o
LOAD ./Core/Src/retarget.o
LOAD ./Core/Src/stm32l4xx_hal_msp.o
LOAD ./Core/Src/stm32l4xx_it.o
LOAD ./Core/Src/sysmem.o
LOAD ./Core/Src/system_stm32l4xx.o
LOAD ./Core/Startup/startup_stm32l432kcux.o
LOAD ./Drivers/STM32L4xx_HAL_Driver/Src/stm32l4xx_hal.o
LOAD ./Drivers/STM32L4xx_HAL_Driver/Src/stm32l4xx_hal_adc.o
LOAD ./Drivers/STM32L4xx_HAL_Driver/Src/stm32l4xx_hal_adc_ex.o
LOAD ./Drivers/STM32L4xx_HAL_Driver/Src/stm32l4xx_hal_cortex.o
LOAD ./Drivers/STM32L4xx_HAL_Driver/Src/stm32l4xx_hal_dac.o
LOAD ./Drivers/STM32L4xx_HAL_Driver/Src/stm32l4xx_hal_dac_ex.o
LOAD ./Drivers/STM32L4xx_HAL_Driver/Src/stm32l4xx_hal_dma.o
LOAD ./Drivers/STM32L4xx_HAL_Driver/Src/stm32l4xx_hal_dma_ex.o
LOAD ./Drivers/STM32L4xx_HAL_Driver/Src/stm32l4xx_hal_exti.o
LOAD ./Drivers/STM32L4xx_HAL_Driver/Src/stm32l4xx_hal_flash.o
LOAD ./Drivers/STM32L4xx_HAL_Driver/Src/stm32l4xx_hal_flash_ex.o
LOAD ./Drivers/STM32L4xx_HAL_Driver/Src/stm32l4xx_hal_flash_ramfunc.o
LOAD ./Drivers/STM32L4xx_HAL_Driver/Src/stm32l4xx_hal_gpio.o
LOAD ./Drivers/STM32L4xx_HAL_Driver/Src/stm32l4xx_hal_i2c.o
LOAD ./Drivers/STM32L4xx_HAL_Driver/Src/stm32l4xx_hal_i2c_ex.o
LOAD ./Drivers/STM32L4xx_HAL_Driver/Src/stm32l4xx_hal_pwr.o
LOAD ./Drivers/STM32L4xx_HAL_Driver/Src/stm32l4xx_hal_pwr_ex.o
LOAD ./Drivers/STM32L4xx_HAL_Driver/Src/stm32l4xx_hal_rcc.o
LOAD ./Drivers/STM32L4xx_HAL_Driver/Src/stm32l4xx_hal_rcc_ex.o
LOAD ./Drivers/STM32L4xx_HAL_Driver/Src/stm32l4xx_hal_spi.o
LOAD ./Drivers/STM32L4xx_HAL_Driver/Src/stm32l4xx_hal_spi_ex.o
LOAD ./Drivers/STM32L4xx_HAL_Driver/Src/stm32l4xx_hal_tim.o
LOAD ./Drivers/STM32L4xx_HAL_Driver/Src/stm32l4xx_hal_tim_ex.o
LOAD ./Drivers/STM32L4xx_HAL_Driver/Src/stm32l4xx_hal_uart.o
LOAD ./Drivers/STM32L4xx_HAL_Driver/Src/stm32l4xx_hal_uart_ex.o
LOAD ./FATFS/App/fatfs.o
LOAD ./FATFS/Target/user_diskio.o
LOAD ./FATFS/Target/user_diskio_spi.o
LOAD ./Middlewares/Third_Party/FatFs/src/diskio.o
LOAD ./Middlewares/Third_Party/FatFs/src/ff.o
LOAD ./Middlewares/Third_Party/FatFs/src/ff_gen_drv.o
LOAD ./Middlewares/Third_Party/FatFs/src/option/syscall.o
LOAD ./graphics/display.o
LOAD ./graphics/screen.o
LOAD ./graphics/tiles.o
LOAD ./graphics/tilesFunctions.o
LOAD ./icm20948Lib/Invn/Devices/DeviceIcm20948.o
LOAD ./icm20948Lib/Invn/Devices/HostSerif.o
LOAD ./icm20948Lib/Invn/Devices/Sensor.o
LOAD ./icm20948Lib/Invn/Devices/Drivers/Icm20948/Icm20948Augmented.o
LOAD ./icm20948Lib/Invn/Devices/Drivers/Icm20948/Icm20948AuxCompassAkm.o
LOAD ./icm20948Lib/Invn/Devices/Drivers/Icm20948/Icm20948AuxTransport.o
LOAD ./icm20948Lib/Invn/Devices/Drivers/Icm20948/Icm20948DataBaseControl.o
LOAD ./icm20948Lib/Invn/Devices/Drivers/Icm20948/Icm20948DataBaseDriver.o
LOAD ./icm20948Lib/Invn/Devices/Drivers/Icm20948/Icm20948DataConverter.o
LOAD ./icm20948Lib/Invn/Devices/Drivers/Icm20948/Icm20948Dmp3Driver.o
LOAD ./icm20948Lib/Invn/Devices/Drivers/Icm20948/Icm20948LoadFirmware.o
LOAD ./icm20948Lib/Invn/Devices/Drivers/Icm20948/Icm20948MPUFifoControl.o
LOAD ./icm20948Lib/Invn/Devices/Drivers/Icm20948/Icm20948SelfTest.o
LOAD ./icm20948Lib/Invn/Devices/Drivers/Icm20948/Icm20948Setup.o
LOAD ./icm20948Lib/Invn/Devices/Drivers/Icm20948/Icm20948Transport.o
LOAD ./icm20948Lib/Invn/EmbUtils/DataConverter.o
LOAD ./icm20948Lib/Invn/EmbUtils/Message.o
LOAD ./ili9341/fonts.o
LOAD ./ili9341/ili9341.o
LOAD ./ili9341/ili9341_touch.o
LOAD ./utilLib/Src/I2CSerifHal.o
LOAD ./utilLib/Src/filesLib.o
LOAD ./utilLib/Src/timerDelay.o
LOAD ./vl53l1x/core/VL53L1X_api.o
LOAD ./vl53l1x/core/VL53L1X_calibration.o
LOAD ./vl53l1x/platform/vl53l1_platform.o
START GROUP
LOAD c:/st/stm32cubeide_1.12.0/stm32cubeide/plugins/com.st.stm32cube.ide.mcu.externaltools.gnu-tools-for-stm32.10.3-2021.10.win32_1.0.200.202301161003/tools/bin/../lib/gcc/arm-none-eabi/10.3.1/../../../../arm-none-eabi/lib/thumb/v7e-m+fp/hard\libc_nano.a
LOAD c:/st/stm32cubeide_1.12.0/stm32cubeide/plugins/com.st.stm32cube.ide.mcu.externaltools.gnu-tools-for-stm32.10.3-2021.10.win32_1.0.200.202301161003/tools/bin/../lib/gcc/arm-none-eabi/10.3.1/../../../../arm-none-eabi/lib/thumb/v7e-m+fp/hard\libm.a
END GROUP
START GROUP
LOAD c:/st/stm32cubeide_1.12.0/stm32cubeide/plugins/com.st.stm32cube.ide.mcu.externaltools.gnu-tools-for-stm32.10.3-2021.10.win32_1.0.200.202301161003/tools/bin/../lib/gcc/arm-none-eabi/10.3.1/thumb/v7e-m+fp/hard\libgcc.a
LOAD c:/st/stm32cubeide_1.12.0/stm32cubeide/plugins/com.st.stm32cube.ide.mcu.externaltools.gnu-tools-for-stm32.10.3-2021.10.win32_1.0.200.202301161003/tools/bin/../lib/gcc/arm-none-eabi/10.3.1/../../../../arm-none-eabi/lib/thumb/v7e-m+fp/hard\libc_nano.a
END GROUP
START GROUP
LOAD c:/st/stm32cubeide_1.12.0/stm32cubeide/plugins/com.st.stm32cube.ide.mcu.externaltools.gnu-tools-for-stm32.10.3-2021.10.win32_1.0.200.202301161003/tools/bin/../lib/gcc/arm-none-eabi/10.3.1/thumb/v7e-m+fp/hard\libgcc.a
LOAD c:/st/stm32cubeide_1.12.0/stm32cubeide/plugins/com.st.stm32cube.ide.mcu.externaltools.gnu-tools-for-stm32.10.3-2021.10.win32_1.0.200.202301161003/tools/bin/../lib/gcc/arm-none-eabi/10.3.1/../../../../arm-none-eabi/lib/thumb/v7e-m+fp/hard\libc_nano.a
LOAD c:/st/stm32cubeide_1.12.0/stm32cubeide/plugins/com.st.stm32cube.ide.mcu.externaltools.gnu-tools-for-stm32.10.3-2021.10.win32_1.0.200.202301161003/tools/bin/../lib/gcc/arm-none-eabi/10.3.1/../../../../arm-none-eabi/lib/thumb/v7e-m+fp/hard\libnosys.a
END GROUP
START GROUP
LOAD c:/st/stm32cubeide_1.12.0/stm32cubeide/plugins/com.st.stm32cube.ide.mcu.externaltools.gnu-tools-for-stm32.10.3-2021.10.win32_1.0.200.202301161003/tools/bin/../lib/gcc/arm-none-eabi/10.3.1/thumb/v7e-m+fp/hard\libgcc.a
LOAD c:/st/stm32cubeide_1.12.0/stm32cubeide/plugins/com.st.stm32cube.ide.mcu.externaltools.gnu-tools-for-stm32.10.3-2021.10.win32_1.0.200.202301161003/tools/bin/../lib/gcc/arm-none-eabi/10.3.1/../../../../arm-none-eabi/lib/thumb/v7e-m+fp/hard\libc_nano.a
LOAD c:/st/stm32cubeide_1.12.0/stm32cubeide/plugins/com.st.stm32cube.ide.mcu.externaltools.gnu-tools-for-stm32.10.3-2021.10.win32_1.0.200.202301161003/tools/bin/../lib/gcc/arm-none-eabi/10.3.1/../../../../arm-none-eabi/lib/thumb/v7e-m+fp/hard\libnosys.a
END GROUP
LOAD c:/st/stm32cubeide_1.12.0/stm32cubeide/plugins/com.st.stm32cube.ide.mcu.externaltools.gnu-tools-for-stm32.10.3-2021.10.win32_1.0.200.202301161003/tools/bin/../lib/gcc/arm-none-eabi/10.3.1/thumb/v7e-m+fp/hard/crtend.o
LOAD c:/st/stm32cubeide_1.12.0/stm32cubeide/plugins/com.st.stm32cube.ide.mcu.externaltools.gnu-tools-for-stm32.10.3-2021.10.win32_1.0.200.202301161003/tools/bin/../lib/gcc/arm-none-eabi/10.3.1/thumb/v7e-m+fp/hard/crtn.o
                0x0000000020010000                _estack = (ORIGIN (RAM) + LENGTH (RAM))
                0x0000000000000200                _Min_Heap_Size = 0x200
                0x0000000000000400                _Min_Stack_Size = 0x400

.isr_vector     0x0000000008000000      0x18c
                0x0000000008000000                . = ALIGN (0x4)
 *(.isr_vector)
 .isr_vector    0x0000000008000000      0x18c ./Core/Startup/startup_stm32l432kcux.o
                0x0000000008000000                g_pfnVectors
                0x000000000800018c                . = ALIGN (0x4)

.text           0x0000000008000190    0x18264
                0x0000000008000190                . = ALIGN (0x4)
 *(.text)
 .text          0x0000000008000190       0x40 c:/st/stm32cubeide_1.12.0/stm32cubeide/plugins/com.st.stm32cube.ide.mcu.externaltools.gnu-tools-for-stm32.10.3-2021.10.win32_1.0.200.202301161003/tools/bin/../lib/gcc/arm-none-eabi/10.3.1/thumb/v7e-m+fp/hard/crtbegin.o
 .text          0x00000000080001d0       0x10 c:/st/stm32cubeide_1.12.0/stm32cubeide/plugins/com.st.stm32cube.ide.mcu.externaltools.gnu-tools-for-stm32.10.3-2021.10.win32_1.0.200.202301161003/tools/bin/../lib/gcc/arm-none-eabi/10.3.1/../../../../arm-none-eabi/lib/thumb/v7e-m+fp/hard\libc_nano.a(lib_a-strlen.o)
                0x00000000080001d0                strlen
 .text          0x00000000080001e0       0xa0 c:/st/stm32cubeide_1.12.0/stm32cubeide/plugins/com.st.stm32cube.ide.mcu.externaltools.gnu-tools-for-stm32.10.3-2021.10.win32_1.0.200.202301161003/tools/bin/../lib/gcc/arm-none-eabi/10.3.1/../../../../arm-none-eabi/lib/thumb/v7e-m+fp/hard\libc_nano.a(lib_a-memchr.o)
                0x00000000080001e0                memchr
 .text          0x0000000008000280      0x378 c:/st/stm32cubeide_1.12.0/stm32cubeide/plugins/com.st.stm32cube.ide.mcu.externaltools.gnu-tools-for-stm32.10.3-2021.10.win32_1.0.200.202301161003/tools/bin/../lib/gcc/arm-none-eabi/10.3.1/thumb/v7e-m+fp/hard\libgcc.a(_arm_addsubdf3.o)
                0x0000000008000280                __aeabi_drsub
                0x0000000008000288                __aeabi_dsub
                0x0000000008000288                __subdf3
                0x000000000800028c                __aeabi_dadd
                0x000000000800028c                __adddf3
                0x0000000008000504                __floatunsidf
                0x0000000008000504                __aeabi_ui2d
                0x0000000008000524                __floatsidf
                0x0000000008000524                __aeabi_i2d
                0x0000000008000548                __aeabi_f2d
                0x0000000008000548                __extendsfdf2
                0x000000000800058c                __floatundidf
                0x000000000800058c                __aeabi_ul2d
                0x000000000800059c                __floatdidf
                0x000000000800059c                __aeabi_l2d
 .text          0x00000000080005f8      0x424 c:/st/stm32cubeide_1.12.0/stm32cubeide/plugins/com.st.stm32cube.ide.mcu.externaltools.gnu-tools-for-stm32.10.3-2021.10.win32_1.0.200.202301161003/tools/bin/../lib/gcc/arm-none-eabi/10.3.1/thumb/v7e-m+fp/hard\libgcc.a(_arm_muldivdf3.o)
                0x00000000080005f8                __aeabi_dmul
                0x00000000080005f8                __muldf3
                0x000000000800084c                __divdf3
                0x000000000800084c                __aeabi_ddiv
 .text          0x0000000008000a1c      0x110 c:/st/stm32cubeide_1.12.0/stm32cubeide/plugins/com.st.stm32cube.ide.mcu.externaltools.gnu-tools-for-stm32.10.3-2021.10.win32_1.0.200.202301161003/tools/bin/../lib/gcc/arm-none-eabi/10.3.1/thumb/v7e-m+fp/hard\libgcc.a(_arm_cmpdf2.o)
                0x0000000008000a1c                __gtdf2
                0x0000000008000a1c                __gedf2
                0x0000000008000a24                __ltdf2
                0x0000000008000a24                __ledf2
                0x0000000008000a2c                __nedf2
                0x0000000008000a2c                __eqdf2
                0x0000000008000a2c                __cmpdf2
                0x0000000008000aa8                __aeabi_cdrcmple
                0x0000000008000ab8                __aeabi_cdcmpeq
                0x0000000008000ab8                __aeabi_cdcmple
                0x0000000008000ac8                __aeabi_dcmpeq
                0x0000000008000adc                __aeabi_dcmplt
                0x0000000008000af0                __aeabi_dcmple
                0x0000000008000b04                __aeabi_dcmpge
                0x0000000008000b18                __aeabi_dcmpgt
 .text          0x0000000008000b2c       0x2c c:/st/stm32cubeide_1.12.0/stm32cubeide/plugins/com.st.stm32cube.ide.mcu.externaltools.gnu-tools-for-stm32.10.3-2021.10.win32_1.0.200.202301161003/tools/bin/../lib/gcc/arm-none-eabi/10.3.1/thumb/v7e-m+fp/hard\libgcc.a(_arm_unorddf2.o)
                0x0000000008000b2c                __unorddf2
                0x0000000008000b2c                __aeabi_dcmpun
 .text          0x0000000008000b58       0x50 c:/st/stm32cubeide_1.12.0/stm32cubeide/plugins/com.st.stm32cube.ide.mcu.externaltools.gnu-tools-for-stm32.10.3-2021.10.win32_1.0.200.202301161003/tools/bin/../lib/gcc/arm-none-eabi/10.3.1/thumb/v7e-m+fp/hard\libgcc.a(_arm_fixdfsi.o)
                0x0000000008000b58                __aeabi_d2iz
                0x0000000008000b58                __fixdfsi
 .text          0x0000000008000ba8       0x40 c:/st/stm32cubeide_1.12.0/stm32cubeide/plugins/com.st.stm32cube.ide.mcu.externaltools.gnu-tools-for-stm32.10.3-2021.10.win32_1.0.200.202301161003/tools/bin/../lib/gcc/arm-none-eabi/10.3.1/thumb/v7e-m+fp/hard\libgcc.a(_arm_fixunsdfsi.o)
                0x0000000008000ba8                __aeabi_d2uiz
                0x0000000008000ba8                __fixunsdfsi
 .text          0x0000000008000be8       0xa0 c:/st/stm32cubeide_1.12.0/stm32cubeide/plugins/com.st.stm32cube.ide.mcu.externaltools.gnu-tools-for-stm32.10.3-2021.10.win32_1.0.200.202301161003/tools/bin/../lib/gcc/arm-none-eabi/10.3.1/thumb/v7e-m+fp/hard\libgcc.a(_arm_truncdfsf2.o)
                0x0000000008000be8                __truncdfsf2
                0x0000000008000be8                __aeabi_d2f
 .text          0x0000000008000c88       0x30 c:/st/stm32cubeide_1.12.0/stm32cubeide/plugins/com.st.stm32cube.ide.mcu.externaltools.gnu-tools-for-stm32.10.3-2021.10.win32_1.0.200.202301161003/tools/bin/../lib/gcc/arm-none-eabi/10.3.1/thumb/v7e-m+fp/hard\libgcc.a(_aeabi_uldivmod.o)
                0x0000000008000c88                __aeabi_uldivmod
 .text          0x0000000008000cb8      0x2d0 c:/st/stm32cubeide_1.12.0/stm32cubeide/plugins/com.st.stm32cube.ide.mcu.externaltools.gnu-tools-for-stm32.10.3-2021.10.win32_1.0.200.202301161003/tools/bin/../lib/gcc/arm-none-eabi/10.3.1/thumb/v7e-m+fp/hard\libgcc.a(_udivmoddi4.o)
                0x0000000008000cb8                __udivmoddi4
 .text          0x0000000008000f88        0x4 c:/st/stm32cubeide_1.12.0/stm32cubeide/plugins/com.st.stm32cube.ide.mcu.externaltools.gnu-tools-for-stm32.10.3-2021.10.win32_1.0.200.202301161003/tools/bin/../lib/gcc/arm-none-eabi/10.3.1/thumb/v7e-m+fp/hard\libgcc.a(_dvmd_tls.o)
                0x0000000008000f88                __aeabi_idiv0
                0x0000000008000f88                __aeabi_ldiv0
 *(.text*)
 .text.msgPrinter
                0x0000000008000f8c       0x18 ./Core/Src/main.o
 *fill*         0x0000000008000fa4        0x4 
 .text.sensor_event_cb
                0x0000000008000fa8      0x3dc ./Core/Src/main.o
 .text.check_rc.part.0
                0x0000000008001384       0x14 ./Core/Src/main.o
 .text.inv_device_set_sensor_period_us.constprop.0
                0x0000000008001398       0x40 ./Core/Src/main.o
 .text.inv_device_start_sensor.constprop.0
                0x00000000080013d8       0x38 ./Core/Src/main.o
 .text.SystemClock_Config
                0x0000000008001410       0xb0 ./Core/Src/main.o
                0x0000000008001410                SystemClock_Config
 .text.startup.main
                0x00000000080014c0      0xa48 ./Core/Src/main.o
                0x00000000080014c0                main
 .text.HAL_ADC_ConvCpltCallback
                0x0000000008001f08       0x58 ./Core/Src/main.o
                0x0000000008001f08                HAL_ADC_ConvCpltCallback
 .text.HAL_TIM_PeriodElapsedCallback
                0x0000000008001f60       0xb8 ./Core/Src/main.o
                0x0000000008001f60                HAL_TIM_PeriodElapsedCallback
 .text.HAL_GPIO_EXTI_Callback
                0x0000000008002018        0x4 ./Core/Src/main.o
                0x0000000008002018                HAL_GPIO_EXTI_Callback
 .text.Error_Handler
                0x000000000800201c        0x4 ./Core/Src/main.o
                0x000000000800201c                Error_Handler
 .text.RetargetInit
                0x0000000008002020       0x24 ./Core/Src/retarget.o
                0x0000000008002020                RetargetInit
 .text._isatty  0x0000000008002044       0x18 ./Core/Src/retarget.o
                0x0000000008002044                _isatty
 .text._write   0x000000000800205c       0x34 ./Core/Src/retarget.o
                0x000000000800205c                _write
 .text._close   0x0000000008002090       0x18 ./Core/Src/retarget.o
                0x0000000008002090                _close
 .text._lseek   0x00000000080020a8       0x10 ./Core/Src/retarget.o
                0x00000000080020a8                _lseek
 .text._read    0x00000000080020b8       0x30 ./Core/Src/retarget.o
                0x00000000080020b8                _read
 .text._fstat   0x00000000080020e8       0x1c ./Core/Src/retarget.o
                0x00000000080020e8                _fstat
 .text.HAL_MspInit
                0x0000000008002104       0x30 ./Core/Src/stm32l4xx_hal_msp.o
                0x0000000008002104                HAL_MspInit
 *fill*         0x0000000008002134        0x4 
 .text.HAL_ADC_MspInit
                0x0000000008002138       0xe0 ./Core/Src/stm32l4xx_hal_msp.o
                0x0000000008002138                HAL_ADC_MspInit
 .text.HAL_DAC_MspInit
                0x0000000008002218       0x74 ./Core/Src/stm32l4xx_hal_msp.o
                0x0000000008002218                HAL_DAC_MspInit
 *fill*         0x000000000800228c        0x4 
 .text.HAL_I2C_MspInit
                0x0000000008002290       0x90 ./Core/Src/stm32l4xx_hal_msp.o
                0x0000000008002290                HAL_I2C_MspInit
 .text.HAL_SPI_MspInit
                0x0000000008002320       0xb4 ./Core/Src/stm32l4xx_hal_msp.o
                0x0000000008002320                HAL_SPI_MspInit
 .text.HAL_TIM_Base_MspInit
                0x00000000080023d4       0x9c ./Core/Src/stm32l4xx_hal_msp.o
                0x00000000080023d4                HAL_TIM_Base_MspInit
 .text.HAL_UART_MspInit
                0x0000000008002470       0xa8 ./Core/Src/stm32l4xx_hal_msp.o
                0x0000000008002470                HAL_UART_MspInit
 .text.NMI_Handler
                0x0000000008002518        0x4 ./Core/Src/stm32l4xx_it.o
                0x0000000008002518                NMI_Handler
 .text.HardFault_Handler
                0x000000000800251c        0x4 ./Core/Src/stm32l4xx_it.o
                0x000000000800251c                HardFault_Handler
 .text.MemManage_Handler
                0x0000000008002520        0x4 ./Core/Src/stm32l4xx_it.o
                0x0000000008002520                MemManage_Handler
 .text.BusFault_Handler
                0x0000000008002524        0x4 ./Core/Src/stm32l4xx_it.o
                0x0000000008002524                BusFault_Handler
 .text.UsageFault_Handler
                0x0000000008002528        0x4 ./Core/Src/stm32l4xx_it.o
                0x0000000008002528                UsageFault_Handler
 .text.SVC_Handler
                0x000000000800252c        0x4 ./Core/Src/stm32l4xx_it.o
                0x000000000800252c                SVC_Handler
 .text.DebugMon_Handler
                0x0000000008002530        0x4 ./Core/Src/stm32l4xx_it.o
                0x0000000008002530                DebugMon_Handler
 .text.PendSV_Handler
                0x0000000008002534        0x4 ./Core/Src/stm32l4xx_it.o
                0x0000000008002534                PendSV_Handler
 .text.SysTick_Handler
                0x0000000008002538        0x4 ./Core/Src/stm32l4xx_it.o
                0x0000000008002538                SysTick_Handler
 .text.DMA1_Channel1_IRQHandler
                0x000000000800253c        0xc ./Core/Src/stm32l4xx_it.o
                0x000000000800253c                DMA1_Channel1_IRQHandler
 .text.DMA1_Channel3_IRQHandler
                0x0000000008002548        0xc ./Core/Src/stm32l4xx_it.o
                0x0000000008002548                DMA1_Channel3_IRQHandler
 .text.ADC1_IRQHandler
                0x0000000008002554        0xc ./Core/Src/stm32l4xx_it.o
                0x0000000008002554                ADC1_IRQHandler
 .text.TIM1_UP_TIM16_IRQHandler
                0x0000000008002560        0xc ./Core/Src/stm32l4xx_it.o
                0x0000000008002560                TIM1_UP_TIM16_IRQHandler
 .text.TIM2_IRQHandler
                0x000000000800256c        0xc ./Core/Src/stm32l4xx_it.o
                0x000000000800256c                TIM2_IRQHandler
 .text.SPI1_IRQHandler
                0x0000000008002578        0xc ./Core/Src/stm32l4xx_it.o
                0x0000000008002578                SPI1_IRQHandler
 .text.EXTI15_10_IRQHandler
                0x0000000008002584        0x8 ./Core/Src/stm32l4xx_it.o
                0x0000000008002584                EXTI15_10_IRQHandler
 .text._sbrk    0x000000000800258c       0x44 ./Core/Src/sysmem.o
                0x000000000800258c                _sbrk
 .text.SystemInit
                0x00000000080025d0       0x14 ./Core/Src/system_stm32l4xx.o
                0x00000000080025d0                SystemInit
 .text.Reset_Handler
                0x00000000080025e4       0x50 ./Core/Startup/startup_stm32l432kcux.o
                0x00000000080025e4                Reset_Handler
 .text.Default_Handler
                0x0000000008002634        0x2 ./Core/Startup/startup_stm32l432kcux.o
                0x0000000008002634                RTC_Alarm_IRQHandler
                0x0000000008002634                EXTI2_IRQHandler
                0x0000000008002634                TIM1_CC_IRQHandler
                0x0000000008002634                TSC_IRQHandler
                0x0000000008002634                TAMP_STAMP_IRQHandler
                0x0000000008002634                EXTI3_IRQHandler
                0x0000000008002634                LPTIM2_IRQHandler
                0x0000000008002634                I2C3_ER_IRQHandler
                0x0000000008002634                EXTI0_IRQHandler
                0x0000000008002634                CAN1_RX0_IRQHandler
                0x0000000008002634                FPU_IRQHandler
                0x0000000008002634                TIM6_DAC_IRQHandler
                0x0000000008002634                DMA2_Channel2_IRQHandler
                0x0000000008002634                DMA1_Channel4_IRQHandler
                0x0000000008002634                DMA1_Channel7_IRQHandler
                0x0000000008002634                CAN1_RX1_IRQHandler
                0x0000000008002634                DMA2_Channel1_IRQHandler
                0x0000000008002634                QUADSPI_IRQHandler
                0x0000000008002634                I2C1_EV_IRQHandler
                0x0000000008002634                DMA1_Channel6_IRQHandler
                0x0000000008002634                DMA2_Channel4_IRQHandler
                0x0000000008002634                RCC_IRQHandler
                0x0000000008002634                TIM1_TRG_COM_IRQHandler
                0x0000000008002634                Default_Handler
                0x0000000008002634                DMA2_Channel7_IRQHandler
                0x0000000008002634                TIM7_IRQHandler
                0x0000000008002634                I2C3_EV_IRQHandler
                0x0000000008002634                USB_IRQHandler
                0x0000000008002634                EXTI9_5_IRQHandler
                0x0000000008002634                RTC_WKUP_IRQHandler
                0x0000000008002634                PVD_PVM_IRQHandler
                0x0000000008002634                CAN1_TX_IRQHandler
                0x0000000008002634                DMA2_Channel5_IRQHandler
                0x0000000008002634                CRS_IRQHandler
                0x0000000008002634                DMA1_Channel5_IRQHandler
                0x0000000008002634                EXTI4_IRQHandler
                0x0000000008002634                RNG_IRQHandler
                0x0000000008002634                COMP_IRQHandler
                0x0000000008002634                WWDG_IRQHandler
                0x0000000008002634                LPUART1_IRQHandler
                0x0000000008002634                DMA2_Channel6_IRQHandler
                0x0000000008002634                EXTI1_IRQHandler
                0x0000000008002634                USART2_IRQHandler
                0x0000000008002634                DMA1_Channel2_IRQHandler
                0x0000000008002634                CAN1_SCE_IRQHandler
                0x0000000008002634                FLASH_IRQHandler
                0x0000000008002634                USART1_IRQHandler
                0x0000000008002634                SPI3_IRQHandler
                0x0000000008002634                I2C1_ER_IRQHandler
                0x0000000008002634                SWPMI1_IRQHandler
                0x0000000008002634                LPTIM1_IRQHandler
                0x0000000008002634                SAI1_IRQHandler
                0x0000000008002634                DMA2_Channel3_IRQHandler
                0x0000000008002634                TIM1_BRK_TIM15_IRQHandler
 *fill*         0x0000000008002636        0x2 
 .text.HAL_InitTick
                0x0000000008002638       0x4c ./Drivers/STM32L4xx_HAL_Driver/Src/stm32l4xx_hal.o
                0x0000000008002638                HAL_InitTick
 .text.HAL_Init
                0x0000000008002684       0x20 ./Drivers/STM32L4xx_HAL_Driver/Src/stm32l4xx_hal.o
                0x0000000008002684                HAL_Init
 .text.HAL_IncTick
                0x00000000080026a4       0x18 ./Drivers/STM32L4xx_HAL_Driver/Src/stm32l4xx_hal.o
                0x00000000080026a4                HAL_IncTick
 .text.HAL_GetTick
                0x00000000080026bc        0xc ./Drivers/STM32L4xx_HAL_Driver/Src/stm32l4xx_hal.o
                0x00000000080026bc                HAL_GetTick
 .text.HAL_Delay
                0x00000000080026c8       0x24 ./Drivers/STM32L4xx_HAL_Driver/Src/stm32l4xx_hal.o
                0x00000000080026c8                HAL_Delay
 .text.HAL_ADC_Init
                0x00000000080026ec      0x1bc ./Drivers/STM32L4xx_HAL_Driver/Src/stm32l4xx_hal_adc.o
                0x00000000080026ec                HAL_ADC_Init
 .text.HAL_ADC_ConvHalfCpltCallback
                0x00000000080028a8        0x4 ./Drivers/STM32L4xx_HAL_Driver/Src/stm32l4xx_hal_adc.o
                0x00000000080028a8                HAL_ADC_ConvHalfCpltCallback
 .text.ADC_DMAHalfConvCplt
                0x00000000080028ac        0xc ./Drivers/STM32L4xx_HAL_Driver/Src/stm32l4xx_hal_adc.o
                0x00000000080028ac                ADC_DMAHalfConvCplt
 .text.HAL_ADC_LevelOutOfWindowCallback
                0x00000000080028b8        0x4 ./Drivers/STM32L4xx_HAL_Driver/Src/stm32l4xx_hal_adc.o
                0x00000000080028b8                HAL_ADC_LevelOutOfWindowCallback
 .text.HAL_ADC_ErrorCallback
                0x00000000080028bc        0x4 ./Drivers/STM32L4xx_HAL_Driver/Src/stm32l4xx_hal_adc.o
                0x00000000080028bc                HAL_ADC_ErrorCallback
 .text.HAL_ADC_IRQHandler
                0x00000000080028c0      0x200 ./Drivers/STM32L4xx_HAL_Driver/Src/stm32l4xx_hal_adc.o
                0x00000000080028c0                HAL_ADC_IRQHandler
 .text.ADC_DMAConvCplt
                0x0000000008002ac0       0x6c ./Drivers/STM32L4xx_HAL_Driver/Src/stm32l4xx_hal_adc.o
                0x0000000008002ac0                ADC_DMAConvCplt
 .text.ADC_DMAError
                0x0000000008002b2c       0x1c ./Drivers/STM32L4xx_HAL_Driver/Src/stm32l4xx_hal_adc.o
                0x0000000008002b2c                ADC_DMAError
 .text.HAL_ADC_ConfigChannel
                0x0000000008002b48      0x4bc ./Drivers/STM32L4xx_HAL_Driver/Src/stm32l4xx_hal_adc.o
                0x0000000008002b48                HAL_ADC_ConfigChannel
 .text.ADC_ConversionStop
                0x0000000008003004      0x108 ./Drivers/STM32L4xx_HAL_Driver/Src/stm32l4xx_hal_adc.o
                0x0000000008003004                ADC_ConversionStop
 .text.ADC_Enable
                0x000000000800310c       0x78 ./Drivers/STM32L4xx_HAL_Driver/Src/stm32l4xx_hal_adc.o
                0x000000000800310c                ADC_Enable
 .text.HAL_ADC_Start_DMA
                0x0000000008003184       0xa8 ./Drivers/STM32L4xx_HAL_Driver/Src/stm32l4xx_hal_adc.o
                0x0000000008003184                HAL_ADC_Start_DMA
 .text.ADC_Disable
                0x000000000800322c       0x74 ./Drivers/STM32L4xx_HAL_Driver/Src/stm32l4xx_hal_adc.o
                0x000000000800322c                ADC_Disable
 .text.HAL_ADC_Stop_DMA
                0x00000000080032a0       0x90 ./Drivers/STM32L4xx_HAL_Driver/Src/stm32l4xx_hal_adc.o
                0x00000000080032a0                HAL_ADC_Stop_DMA
 .text.HAL_ADCEx_InjectedConvCpltCallback
                0x0000000008003330        0x4 ./Drivers/STM32L4xx_HAL_Driver/Src/stm32l4xx_hal_adc_ex.o
                0x0000000008003330                HAL_ADCEx_InjectedConvCpltCallback
 .text.HAL_ADCEx_InjectedQueueOverflowCallback
                0x0000000008003334        0x4 ./Drivers/STM32L4xx_HAL_Driver/Src/stm32l4xx_hal_adc_ex.o
                0x0000000008003334                HAL_ADCEx_InjectedQueueOverflowCallback
 .text.HAL_ADCEx_LevelOutOfWindow2Callback
                0x0000000008003338        0x4 ./Drivers/STM32L4xx_HAL_Driver/Src/stm32l4xx_hal_adc_ex.o
                0x0000000008003338                HAL_ADCEx_LevelOutOfWindow2Callback
 .text.HAL_ADCEx_LevelOutOfWindow3Callback
                0x000000000800333c        0x4 ./Drivers/STM32L4xx_HAL_Driver/Src/stm32l4xx_hal_adc_ex.o
                0x000000000800333c                HAL_ADCEx_LevelOutOfWindow3Callback
 .text.HAL_ADCEx_EndOfSamplingCallback
                0x0000000008003340        0x4 ./Drivers/STM32L4xx_HAL_Driver/Src/stm32l4xx_hal_adc_ex.o
                0x0000000008003340                HAL_ADCEx_EndOfSamplingCallback
 .text.HAL_NVIC_SetPriorityGrouping
                0x0000000008003344       0x24 ./Drivers/STM32L4xx_HAL_Driver/Src/stm32l4xx_hal_cortex.o
                0x0000000008003344                HAL_NVIC_SetPriorityGrouping
 .text.HAL_NVIC_SetPriority
                0x0000000008003368       0x7c ./Drivers/STM32L4xx_HAL_Driver/Src/stm32l4xx_hal_cortex.o
                0x0000000008003368                HAL_NVIC_SetPriority
 .text.HAL_NVIC_EnableIRQ
                0x00000000080033e4       0x1c ./Drivers/STM32L4xx_HAL_Driver/Src/stm32l4xx_hal_cortex.o
                0x00000000080033e4                HAL_NVIC_EnableIRQ
 .text.HAL_SYSTICK_Config
                0x0000000008003400       0x34 ./Drivers/STM32L4xx_HAL_Driver/Src/stm32l4xx_hal_cortex.o
                0x0000000008003400                HAL_SYSTICK_Config
 .text.HAL_DAC_Init
                0x0000000008003434       0x2c ./Drivers/STM32L4xx_HAL_Driver/Src/stm32l4xx_hal_dac.o
                0x0000000008003434                HAL_DAC_Init
 .text.HAL_DAC_Start
                0x0000000008003460       0x5c ./Drivers/STM32L4xx_HAL_Driver/Src/stm32l4xx_hal_dac.o
                0x0000000008003460                HAL_DAC_Start
 .text.HAL_DAC_SetValue
                0x00000000080034bc       0x30 ./Drivers/STM32L4xx_HAL_Driver/Src/stm32l4xx_hal_dac.o
                0x00000000080034bc                HAL_DAC_SetValue
 .text.HAL_DAC_ConfigChannel
                0x00000000080034ec      0x11c ./Drivers/STM32L4xx_HAL_Driver/Src/stm32l4xx_hal_dac.o
                0x00000000080034ec                HAL_DAC_ConfigChannel
 .text.HAL_DMA_Init
                0x0000000008003608       0xe8 ./Drivers/STM32L4xx_HAL_Driver/Src/stm32l4xx_hal_dma.o
                0x0000000008003608                HAL_DMA_Init
 .text.HAL_DMA_Start_IT
                0x00000000080036f0       0x8c ./Drivers/STM32L4xx_HAL_Driver/Src/stm32l4xx_hal_dma.o
                0x00000000080036f0                HAL_DMA_Start_IT
 .text.HAL_DMA_Abort
                0x000000000800377c       0x48 ./Drivers/STM32L4xx_HAL_Driver/Src/stm32l4xx_hal_dma.o
                0x000000000800377c                HAL_DMA_Abort
 .text.HAL_DMA_Abort_IT
                0x00000000080037c4       0x4c ./Drivers/STM32L4xx_HAL_Driver/Src/stm32l4xx_hal_dma.o
                0x00000000080037c4                HAL_DMA_Abort_IT
 .text.HAL_DMA_IRQHandler
                0x0000000008003810       0x9c ./Drivers/STM32L4xx_HAL_Driver/Src/stm32l4xx_hal_dma.o
                0x0000000008003810                HAL_DMA_IRQHandler
 .text.HAL_GPIO_Init
                0x00000000080038ac      0x1ac ./Drivers/STM32L4xx_HAL_Driver/Src/stm32l4xx_hal_gpio.o
                0x00000000080038ac                HAL_GPIO_Init
 .text.HAL_GPIO_ReadPin
                0x0000000008003a58        0xc ./Drivers/STM32L4xx_HAL_Driver/Src/stm32l4xx_hal_gpio.o
                0x0000000008003a58                HAL_GPIO_ReadPin
 .text.HAL_GPIO_WritePin
                0x0000000008003a64        0xc ./Drivers/STM32L4xx_HAL_Driver/Src/stm32l4xx_hal_gpio.o
                0x0000000008003a64                HAL_GPIO_WritePin
 .text.HAL_GPIO_TogglePin
                0x0000000008003a70       0x14 ./Drivers/STM32L4xx_HAL_Driver/Src/stm32l4xx_hal_gpio.o
                0x0000000008003a70                HAL_GPIO_TogglePin
 .text.HAL_GPIO_EXTI_IRQHandler
                0x0000000008003a84       0x18 ./Drivers/STM32L4xx_HAL_Driver/Src/stm32l4xx_hal_gpio.o
                0x0000000008003a84                HAL_GPIO_EXTI_IRQHandler
 .text.I2C_WaitOnRXNEFlagUntilTimeout
                0x0000000008003a9c      0x1fc ./Drivers/STM32L4xx_HAL_Driver/Src/stm32l4xx_hal_i2c.o
 .text.I2C_WaitOnTXISFlagUntilTimeout
                0x0000000008003c98      0x1b8 ./Drivers/STM32L4xx_HAL_Driver/Src/stm32l4xx_hal_i2c.o
 .text.I2C_WaitOnSTOPFlagUntilTimeout
                0x0000000008003e50      0x1b4 ./Drivers/STM32L4xx_HAL_Driver/Src/stm32l4xx_hal_i2c.o
 .text.HAL_I2C_Init
                0x0000000008004004       0xa8 ./Drivers/STM32L4xx_HAL_Driver/Src/stm32l4xx_hal_i2c.o
                0x0000000008004004                HAL_I2C_Init
 .text.HAL_I2C_Master_Transmit
                0x00000000080040ac      0x330 ./Drivers/STM32L4xx_HAL_Driver/Src/stm32l4xx_hal_i2c.o
                0x00000000080040ac                HAL_I2C_Master_Transmit
 .text.HAL_I2C_Master_Receive
                0x00000000080043dc      0x1b8 ./Drivers/STM32L4xx_HAL_Driver/Src/stm32l4xx_hal_i2c.o
                0x00000000080043dc                HAL_I2C_Master_Receive
 .text.HAL_I2C_Mem_Write
                0x0000000008004594      0x260 ./Drivers/STM32L4xx_HAL_Driver/Src/stm32l4xx_hal_i2c.o
                0x0000000008004594                HAL_I2C_Mem_Write
 .text.HAL_I2C_Mem_Read
                0x00000000080047f4      0x264 ./Drivers/STM32L4xx_HAL_Driver/Src/stm32l4xx_hal_i2c.o
                0x00000000080047f4                HAL_I2C_Mem_Read
 .text.HAL_I2CEx_ConfigAnalogFilter
                0x0000000008004a58       0x54 ./Drivers/STM32L4xx_HAL_Driver/Src/stm32l4xx_hal_i2c_ex.o
                0x0000000008004a58                HAL_I2CEx_ConfigAnalogFilter
 .text.HAL_I2CEx_ConfigDigitalFilter
                0x0000000008004aac       0x58 ./Drivers/STM32L4xx_HAL_Driver/Src/stm32l4xx_hal_i2c_ex.o
                0x0000000008004aac                HAL_I2CEx_ConfigDigitalFilter
 .text.HAL_PWREx_GetVoltageRange
                0x0000000008004b04       0x10 ./Drivers/STM32L4xx_HAL_Driver/Src/stm32l4xx_hal_pwr_ex.o
                0x0000000008004b04                HAL_PWREx_GetVoltageRange
 .text.HAL_PWREx_ControlVoltageScaling
                0x0000000008004b14       0x84 ./Drivers/STM32L4xx_HAL_Driver/Src/stm32l4xx_hal_pwr_ex.o
                0x0000000008004b14                HAL_PWREx_ControlVoltageScaling
 .text.RCC_SetFlashLatencyFromMSIRange
                0x0000000008004b98       0x8c ./Drivers/STM32L4xx_HAL_Driver/Src/stm32l4xx_hal_rcc.o
 .text.HAL_RCC_GetSysClockFreq
                0x0000000008004c24       0xb4 ./Drivers/STM32L4xx_HAL_Driver/Src/stm32l4xx_hal_rcc.o
                0x0000000008004c24                HAL_RCC_GetSysClockFreq
 .text.HAL_RCC_OscConfig
                0x0000000008004cd8      0x624 ./Drivers/STM32L4xx_HAL_Driver/Src/stm32l4xx_hal_rcc.o
                0x0000000008004cd8                HAL_RCC_OscConfig
 .text.HAL_RCC_ClockConfig
                0x00000000080052fc      0x130 ./Drivers/STM32L4xx_HAL_Driver/Src/stm32l4xx_hal_rcc.o
                0x00000000080052fc                HAL_RCC_ClockConfig
 .text.HAL_RCC_GetPCLK1Freq
                0x000000000800542c       0x24 ./Drivers/STM32L4xx_HAL_Driver/Src/stm32l4xx_hal_rcc.o
                0x000000000800542c                HAL_RCC_GetPCLK1Freq
 .text.HAL_RCC_GetPCLK2Freq
                0x0000000008005450       0x24 ./Drivers/STM32L4xx_HAL_Driver/Src/stm32l4xx_hal_rcc.o
                0x0000000008005450                HAL_RCC_GetPCLK2Freq
 .text.RCCEx_PLLSAI1_Config
                0x0000000008005474      0x124 ./Drivers/STM32L4xx_HAL_Driver/Src/stm32l4xx_hal_rcc_ex.o
 .text.HAL_RCCEx_PeriphCLKConfig
                0x0000000008005598      0x2a0 ./Drivers/STM32L4xx_HAL_Driver/Src/stm32l4xx_hal_rcc_ex.o
                0x0000000008005598                HAL_RCCEx_PeriphCLKConfig
 .text.SPI_WaitFifoStateUntilTimeout.constprop.0
                0x0000000008005838       0xec ./Drivers/STM32L4xx_HAL_Driver/Src/stm32l4xx_hal_spi.o
 .text.SPI_EndRxTxTransaction
                0x0000000008005924      0x140 ./Drivers/STM32L4xx_HAL_Driver/Src/stm32l4xx_hal_spi.o
 .text.HAL_SPI_Init
                0x0000000008005a64       0xf8 ./Drivers/STM32L4xx_HAL_Driver/Src/stm32l4xx_hal_spi.o
                0x0000000008005a64                HAL_SPI_Init
 .text.HAL_SPI_Transmit
                0x0000000008005b5c      0x2c4 ./Drivers/STM32L4xx_HAL_Driver/Src/stm32l4xx_hal_spi.o
                0x0000000008005b5c                HAL_SPI_Transmit
 .text.HAL_SPI_TransmitReceive
                0x0000000008005e20      0x318 ./Drivers/STM32L4xx_HAL_Driver/Src/stm32l4xx_hal_spi.o
                0x0000000008005e20                HAL_SPI_TransmitReceive
 .text.HAL_SPI_ErrorCallback
                0x0000000008006138        0x4 ./Drivers/STM32L4xx_HAL_Driver/Src/stm32l4xx_hal_spi.o
                0x0000000008006138                HAL_SPI_ErrorCallback
 .text.HAL_SPI_IRQHandler
                0x000000000800613c      0x138 ./Drivers/STM32L4xx_HAL_Driver/Src/stm32l4xx_hal_spi.o
                0x000000000800613c                HAL_SPI_IRQHandler
 .text.SPI_DMAAbortOnError
                0x0000000008006274       0x14 ./Drivers/STM32L4xx_HAL_Driver/Src/stm32l4xx_hal_spi.o
 .text.HAL_TIM_Base_Init
                0x0000000008006288       0xf0 ./Drivers/STM32L4xx_HAL_Driver/Src/stm32l4xx_hal_tim.o
                0x0000000008006288                HAL_TIM_Base_Init
 .text.HAL_TIM_Base_Start
                0x0000000008006378       0x50 ./Drivers/STM32L4xx_HAL_Driver/Src/stm32l4xx_hal_tim.o
                0x0000000008006378                HAL_TIM_Base_Start
 .text.HAL_TIM_Base_Stop
                0x00000000080063c8       0x28 ./Drivers/STM32L4xx_HAL_Driver/Src/stm32l4xx_hal_tim.o
                0x00000000080063c8                HAL_TIM_Base_Stop
 .text.HAL_TIM_Base_Start_IT
                0x00000000080063f0       0x5c ./Drivers/STM32L4xx_HAL_Driver/Src/stm32l4xx_hal_tim.o
                0x00000000080063f0                HAL_TIM_Base_Start_IT
 .text.HAL_TIM_ConfigClockSource
                0x000000000800644c      0x160 ./Drivers/STM32L4xx_HAL_Driver/Src/stm32l4xx_hal_tim.o
                0x000000000800644c                HAL_TIM_ConfigClockSource
 .text.HAL_TIM_OC_DelayElapsedCallback
                0x00000000080065ac        0x4 ./Drivers/STM32L4xx_HAL_Driver/Src/stm32l4xx_hal_tim.o
                0x00000000080065ac                HAL_TIM_OC_DelayElapsedCallback
 .text.HAL_TIM_IC_CaptureCallback
                0x00000000080065b0        0x4 ./Drivers/STM32L4xx_HAL_Driver/Src/stm32l4xx_hal_tim.o
                0x00000000080065b0                HAL_TIM_IC_CaptureCallback
 .text.HAL_TIM_PWM_PulseFinishedCallback
                0x00000000080065b4        0x4 ./Drivers/STM32L4xx_HAL_Driver/Src/stm32l4xx_hal_tim.o
                0x00000000080065b4                HAL_TIM_PWM_PulseFinishedCallback
 .text.HAL_TIM_TriggerCallback
                0x00000000080065b8        0x4 ./Drivers/STM32L4xx_HAL_Driver/Src/stm32l4xx_hal_tim.o
                0x00000000080065b8                HAL_TIM_TriggerCallback
 .text.HAL_TIM_IRQHandler
                0x00000000080065bc      0x170 ./Drivers/STM32L4xx_HAL_Driver/Src/stm32l4xx_hal_tim.o
                0x00000000080065bc                HAL_TIM_IRQHandler
 .text.HAL_TIMEx_MasterConfigSynchronization
                0x000000000800672c       0x70 ./Drivers/STM32L4xx_HAL_Driver/Src/stm32l4xx_hal_tim_ex.o
                0x000000000800672c                HAL_TIMEx_MasterConfigSynchronization
 .text.HAL_TIMEx_CommutCallback
                0x000000000800679c        0x4 ./Drivers/STM32L4xx_HAL_Driver/Src/stm32l4xx_hal_tim_ex.o
                0x000000000800679c                HAL_TIMEx_CommutCallback
 .text.HAL_TIMEx_BreakCallback
                0x00000000080067a0        0x4 ./Drivers/STM32L4xx_HAL_Driver/Src/stm32l4xx_hal_tim_ex.o
                0x00000000080067a0                HAL_TIMEx_BreakCallback
 .text.HAL_TIMEx_Break2Callback
                0x00000000080067a4        0x4 ./Drivers/STM32L4xx_HAL_Driver/Src/stm32l4xx_hal_tim_ex.o
                0x00000000080067a4                HAL_TIMEx_Break2Callback
 .text.HAL_UART_Receive
                0x00000000080067a8      0x1b0 ./Drivers/STM32L4xx_HAL_Driver/Src/stm32l4xx_hal_uart.o
                0x00000000080067a8                HAL_UART_Receive
 .text.UART_SetConfig
                0x0000000008006958      0x21c ./Drivers/STM32L4xx_HAL_Driver/Src/stm32l4xx_hal_uart.o
                0x0000000008006958                UART_SetConfig
 .text.UART_AdvFeatureConfig
                0x0000000008006b74       0xb0 ./Drivers/STM32L4xx_HAL_Driver/Src/stm32l4xx_hal_uart.o
                0x0000000008006b74                UART_AdvFeatureConfig
 .text.UART_WaitOnFlagUntilTimeout
                0x0000000008006c24       0xe8 ./Drivers/STM32L4xx_HAL_Driver/Src/stm32l4xx_hal_uart.o
                0x0000000008006c24                UART_WaitOnFlagUntilTimeout
 .text.HAL_UART_Transmit
                0x0000000008006d0c      0x17c ./Drivers/STM32L4xx_HAL_Driver/Src/stm32l4xx_hal_uart.o
                0x0000000008006d0c                HAL_UART_Transmit
 .text.HAL_UART_Init
                0x0000000008006e88       0xd0 ./Drivers/STM32L4xx_HAL_Driver/Src/stm32l4xx_hal_uart.o
                0x0000000008006e88                HAL_UART_Init
 .text.MX_FATFS_Init
                0x0000000008006f58       0x1c ./FATFS/App/fatfs.o
                0x0000000008006f58                MX_FATFS_Init
 .text.get_fattime
                0x0000000008006f74        0x4 ./FATFS/App/fatfs.o
                0x0000000008006f74                get_fattime
 .text.USER_initialize
                0x0000000008006f78        0x4 ./FATFS/Target/user_diskio.o
                0x0000000008006f78                USER_initialize
 .text.USER_status
                0x0000000008006f7c        0x4 ./FATFS/Target/user_diskio.o
                0x0000000008006f7c                USER_status
 .text.USER_read
                0x0000000008006f80        0x4 ./FATFS/Target/user_diskio.o
                0x0000000008006f80                USER_read
 .text.USER_write
                0x0000000008006f84        0x4 ./FATFS/Target/user_diskio.o
                0x0000000008006f84                USER_write
 .text.USER_ioctl
                0x0000000008006f88        0x4 ./FATFS/Target/user_diskio.o
                0x0000000008006f88                USER_ioctl
 .text.xmit_datablock.part.0
                0x0000000008006f8c       0x8c ./FATFS/Target/user_diskio_spi.o
 .text.rcvr_datablock.constprop.0
                0x0000000008007018       0xc8 ./FATFS/Target/user_diskio_spi.o
 .text.rcvr_datablock
                0x00000000080070e0       0xcc ./FATFS/Target/user_diskio_spi.o
 .text.send_cmd
                0x00000000080071ac      0x1d8 ./FATFS/Target/user_diskio_spi.o
 .text.USER_SPI_initialize
                0x0000000008007384      0x238 ./FATFS/Target/user_diskio_spi.o
                0x0000000008007384                USER_SPI_initialize
 .text.USER_SPI_status
                0x00000000080075bc       0x14 ./FATFS/Target/user_diskio_spi.o
                0x00000000080075bc                USER_SPI_status
 .text.USER_SPI_read
                0x00000000080075d0       0xb4 ./FATFS/Target/user_diskio_spi.o
                0x00000000080075d0                USER_SPI_read
 .text.USER_SPI_write
                0x0000000008007684      0x1fc ./FATFS/Target/user_diskio_spi.o
                0x0000000008007684                USER_SPI_write
 .text.USER_SPI_ioctl
                0x0000000008007880      0x354 ./FATFS/Target/user_diskio_spi.o
                0x0000000008007880                USER_SPI_ioctl
 .text.disk_status
                0x0000000008007bd4       0x14 ./Middlewares/Third_Party/FatFs/src/diskio.o
                0x0000000008007bd4                disk_status
 .text.disk_initialize
                0x0000000008007be8       0x20 ./Middlewares/Third_Party/FatFs/src/diskio.o
                0x0000000008007be8                disk_initialize
 .text.disk_read
                0x0000000008007c08       0x1c ./Middlewares/Third_Party/FatFs/src/diskio.o
                0x0000000008007c08                disk_read
 .text.disk_write
                0x0000000008007c24       0x1c ./Middlewares/Third_Party/FatFs/src/diskio.o
                0x0000000008007c24                disk_write
 .text.disk_ioctl
                0x0000000008007c40       0x18 ./Middlewares/Third_Party/FatFs/src/diskio.o
                0x0000000008007c40                disk_ioctl
 .text.inc_lock
                0x0000000008007c58      0x108 ./Middlewares/Third_Party/FatFs/src/ff.o
 .text.check_fs
                0x0000000008007d60       0x84 ./Middlewares/Third_Party/FatFs/src/ff.o
 .text.move_window.part.0
                0x0000000008007de4       0x74 ./Middlewares/Third_Party/FatFs/src/ff.o
 .text.find_volume
                0x0000000008007e58      0x2e4 ./Middlewares/Third_Party/FatFs/src/ff.o
 .text.put_fat.part.0
                0x000000000800813c      0x134 ./Middlewares/Third_Party/FatFs/src/ff.o
 .text.get_fat.isra.0
                0x0000000008008270       0xc0 ./Middlewares/Third_Party/FatFs/src/ff.o
 .text.sync_fs  0x0000000008008330       0xe0 ./Middlewares/Third_Party/FatFs/src/ff.o
 .text.create_chain
                0x0000000008008410      0x19c ./Middlewares/Third_Party/FatFs/src/ff.o
 .text.dir_sdi.constprop.0
                0x00000000080085ac      0x120 ./Middlewares/Third_Party/FatFs/src/ff.o
 .text.follow_path
                0x00000000080086cc      0x30c ./Middlewares/Third_Party/FatFs/src/ff.o
 .text.remove_chain
                0x00000000080089d8      0x13c ./Middlewares/Third_Party/FatFs/src/ff.o
 .text.dir_register
                0x0000000008008b14      0x330 ./Middlewares/Third_Party/FatFs/src/ff.o
 .text.f_mount  0x0000000008008e44       0xa4 ./Middlewares/Third_Party/FatFs/src/ff.o
                0x0000000008008e44                f_mount
 .text.f_open   0x0000000008008ee8      0x358 ./Middlewares/Third_Party/FatFs/src/ff.o
                0x0000000008008ee8                f_open
 .text.f_read   0x0000000008009240      0x274 ./Middlewares/Third_Party/FatFs/src/ff.o
                0x0000000008009240                f_read
 .text.f_write  0x00000000080094b4      0x2b8 ./Middlewares/Third_Party/FatFs/src/ff.o
                0x00000000080094b4                f_write
 .text.f_close  0x000000000800976c      0x120 ./Middlewares/Third_Party/FatFs/src/ff.o
                0x000000000800976c                f_close
 .text.f_lseek  0x000000000800988c      0x3c0 ./Middlewares/Third_Party/FatFs/src/ff.o
                0x000000000800988c                f_lseek
 .text.f_gets   0x0000000008009c4c      0x14c ./Middlewares/Third_Party/FatFs/src/ff.o
                0x0000000008009c4c                f_gets
 .text.f_puts   0x0000000008009d98       0xc4 ./Middlewares/Third_Party/FatFs/src/ff.o
                0x0000000008009d98                f_puts
 .text.FATFS_LinkDriver
                0x0000000008009e5c       0x48 ./Middlewares/Third_Party/FatFs/src/ff_gen_drv.o
                0x0000000008009e5c                FATFS_LinkDriver
 .text.drawTileFromBMP
                0x0000000008009ea4       0x80 ./graphics/display.o
                0x0000000008009ea4                drawTileFromBMP
 .text.drawTileTxt
                0x0000000008009f24       0xc4 ./graphics/display.o
                0x0000000008009f24                drawTileTxt
 .text.drawBar  0x0000000008009fe8       0x68 ./graphics/display.o
                0x0000000008009fe8                drawBar
 .text.transformCoord
                0x000000000800a050       0x2c ./graphics/display.o
                0x000000000800a050                transformCoord
 .text.getZonePressed
                0x000000000800a07c       0x30 ./graphics/display.o
                0x000000000800a07c                getZonePressed
 .text.displayInfo
                0x000000000800a0ac       0x98 ./graphics/display.o
                0x000000000800a0ac                displayInfo
 .text.clearInfo
                0x000000000800a144       0x1c ./graphics/display.o
                0x000000000800a144                clearInfo
 .text.initScreen
                0x000000000800a160      0x110 ./graphics/screen.o
                0x000000000800a160                initScreen
 .text.updateScreen
                0x000000000800a270       0xe4 ./graphics/screen.o
                0x000000000800a270                updateScreen
 .text.drawTile
                0x000000000800a354       0x6c ./graphics/tiles.o
                0x000000000800a354                drawTile
 .text.noop     0x000000000800a3c0        0x4 ./graphics/tilesFunctions.o
                0x000000000800a3c0                noop
 .text.rotateScreen
                0x000000000800a3c4       0x40 ./graphics/tilesFunctions.o
                0x000000000800a3c4                rotateScreen
 .text.displayAcqStatus
                0x000000000800a404       0x38 ./graphics/tilesFunctions.o
                0x000000000800a404                displayAcqStatus
 .text.pauseAcq
                0x000000000800a43c       0xb8 ./graphics/tilesFunctions.o
                0x000000000800a43c                pauseAcq
 .text.dispMeasInTiles
                0x000000000800a4f4       0xd4 ./graphics/tilesFunctions.o
                0x000000000800a4f4                dispMeasInTiles
 .text.showMeas
                0x000000000800a5c8       0x44 ./graphics/tilesFunctions.o
                0x000000000800a5c8                showMeas
 .text.calibrateDist
                0x000000000800a60c       0xa8 ./graphics/tilesFunctions.o
                0x000000000800a60c                calibrateDist
 .text.crossTalkCalib
                0x000000000800a6b4       0xa8 ./graphics/tilesFunctions.o
                0x000000000800a6b4                crossTalkCalib
 .text.saveConfigs
                0x000000000800a75c       0x38 ./graphics/tilesFunctions.o
                0x000000000800a75c                saveConfigs
 .text.defaultConfigs
                0x000000000800a794       0x98 ./graphics/tilesFunctions.o
                0x000000000800a794                defaultConfigs
 .text.setZero  0x000000000800a82c       0x58 ./graphics/tilesFunctions.o
                0x000000000800a82c                setZero
 .text.showLogStatus
                0x000000000800a884       0x38 ./graphics/tilesFunctions.o
                0x000000000800a884                showLogStatus
 .text.enableLog
                0x000000000800a8bc       0x24 ./graphics/tilesFunctions.o
                0x000000000800a8bc                enableLog
 .text.disableLog
                0x000000000800a8e0       0x24 ./graphics/tilesFunctions.o
                0x000000000800a8e0                disableLog
 .text.resetLogFile
                0x000000000800a904       0x20 ./graphics/tilesFunctions.o
                0x000000000800a904                resetLogFile
 .text.dumpLog  0x000000000800a924       0x78 ./graphics/tilesFunctions.o
                0x000000000800a924                dumpLog
 .text.displayMonStatus
                0x000000000800a99c       0x38 ./graphics/tilesFunctions.o
                0x000000000800a99c                displayMonStatus
 .text.enableMon
                0x000000000800a9d4       0x24 ./graphics/tilesFunctions.o
                0x000000000800a9d4                enableMon
 .text.disableMon
                0x000000000800a9f8       0x24 ./graphics/tilesFunctions.o
                0x000000000800a9f8                disableMon
 .text.inv_device_icm20948_poll
                0x000000000800aa1c       0x10 ./icm20948Lib/Invn/Devices/DeviceIcm20948.o
                0x000000000800aa1c                inv_device_icm20948_poll
 .text.inv_device_icm20948_setup
                0x000000000800aa2c       0xcc ./icm20948Lib/Invn/Devices/DeviceIcm20948.o
                0x000000000800aa2c                inv_device_icm20948_setup
 .text.inv_device_icm20948_load
                0x000000000800aaf8        0xc ./icm20948Lib/Invn/Devices/DeviceIcm20948.o
                0x000000000800aaf8                inv_device_icm20948_load
 .text.inv_device_icm20948_enable_sensor
                0x000000000800ab04       0x1c ./icm20948Lib/Invn/Devices/DeviceIcm20948.o
                0x000000000800ab04                inv_device_icm20948_enable_sensor
 .text.inv_device_icm20948_set_sensor_period_us
                0x000000000800ab20       0x2c ./icm20948Lib/Invn/Devices/DeviceIcm20948.o
                0x000000000800ab20                inv_device_icm20948_set_sensor_period_us
 .text.inv_device_icm20948_set_sensor_timeout
                0x000000000800ab4c        0x8 ./icm20948Lib/Invn/Devices/DeviceIcm20948.o
                0x000000000800ab4c                inv_device_icm20948_set_sensor_timeout
 .text.inv_device_icm20948_set_sensor_mounting_matrix
                0x000000000800ab54       0x1c ./icm20948Lib/Invn/Devices/DeviceIcm20948.o
                0x000000000800ab54                inv_device_icm20948_set_sensor_mounting_matrix
 .text.inv_device_icm20948_write_mems_register
                0x000000000800ab70       0x10 ./icm20948Lib/Invn/Devices/DeviceIcm20948.o
                0x000000000800ab70                inv_device_icm20948_write_mems_register
 .text.inv_device_icm20948_read_mems_register
                0x000000000800ab80       0x10 ./icm20948Lib/Invn/Devices/DeviceIcm20948.o
                0x000000000800ab80                inv_device_icm20948_read_mems_register
 .text.inv_device_icm20948_whoami
                0x000000000800ab90       0x24 ./icm20948Lib/Invn/Devices/DeviceIcm20948.o
                0x000000000800ab90                inv_device_icm20948_whoami
 .text.inv_device_icm20948_ping_sensor
                0x000000000800abb4       0x44 ./icm20948Lib/Invn/Devices/DeviceIcm20948.o
                0x000000000800abb4                inv_device_icm20948_ping_sensor
 .text.inv_device_icm20948_set_sensor_config
                0x000000000800abf8       0x88 ./icm20948Lib/Invn/Devices/DeviceIcm20948.o
                0x000000000800abf8                inv_device_icm20948_set_sensor_config
 .text.inv_device_icm20948_get_sensor_config
                0x000000000800ac80       0x5c ./icm20948Lib/Invn/Devices/DeviceIcm20948.o
                0x000000000800ac80                inv_device_icm20948_get_sensor_config
 .text.data_handler
                0x000000000800acdc      0x188 ./icm20948Lib/Invn/Devices/DeviceIcm20948.o
 .text.inv_device_icm20948_cleanup
                0x000000000800ae64       0x88 ./icm20948Lib/Invn/Devices/DeviceIcm20948.o
                0x000000000800ae64                inv_device_icm20948_cleanup
 .text.inv_device_icm20948_reset
                0x000000000800aeec       0x38 ./icm20948Lib/Invn/Devices/DeviceIcm20948.o
                0x000000000800aeec                inv_device_icm20948_reset
 .text.inv_device_icm20948_self_test
                0x000000000800af24       0xcc ./icm20948Lib/Invn/Devices/DeviceIcm20948.o
                0x000000000800af24                inv_device_icm20948_self_test
 .text.inv_device_icm20948_init2
                0x000000000800aff0       0xdc ./icm20948Lib/Invn/Devices/DeviceIcm20948.o
                0x000000000800aff0                inv_device_icm20948_init2
 .text.inv_icm20948_augmented_init
                0x000000000800b0cc       0x1c ./icm20948Lib/Invn/Devices/Drivers/Icm20948/Icm20948Augmented.o
                0x000000000800b0cc                inv_icm20948_augmented_init
 .text.inv_icm20948_augmented_sensors_get_gravity
                0x000000000800b0e8       0x94 ./icm20948Lib/Invn/Devices/Drivers/Icm20948/Icm20948Augmented.o
                0x000000000800b0e8                inv_icm20948_augmented_sensors_get_gravity
 .text.inv_icm20948_augmented_sensors_get_linearacceleration
                0x000000000800b17c       0x30 ./icm20948Lib/Invn/Devices/Drivers/Icm20948/Icm20948Augmented.o
                0x000000000800b17c                inv_icm20948_augmented_sensors_get_linearacceleration
 .text.inv_icm20948_augmented_sensors_get_orientation
                0x000000000800b1ac       0xa4 ./icm20948Lib/Invn/Devices/Drivers/Icm20948/Icm20948Augmented.o
                0x000000000800b1ac                inv_icm20948_augmented_sensors_get_orientation
 .text.inv_icm20948_augmented_sensors_set_odr
                0x000000000800b250      0x17c ./icm20948Lib/Invn/Devices/Drivers/Icm20948/Icm20948Augmented.o
                0x000000000800b250                inv_icm20948_augmented_sensors_set_odr
 .text.inv_icm20948_augmented_sensors_update_odr
                0x000000000800b3cc      0x108 ./icm20948Lib/Invn/Devices/Drivers/Icm20948/Icm20948Augmented.o
                0x000000000800b3cc                inv_icm20948_augmented_sensors_update_odr
 .text.inv_icm20948_register_aux_compass
                0x000000000800b4d4       0x34 ./icm20948Lib/Invn/Devices/Drivers/Icm20948/Icm20948AuxCompassAkm.o
                0x000000000800b4d4                inv_icm20948_register_aux_compass
 .text.inv_icm20948_setup_compass_akm
                0x000000000800b508       0xac ./icm20948Lib/Invn/Devices/Drivers/Icm20948/Icm20948AuxCompassAkm.o
                0x000000000800b508                inv_icm20948_setup_compass_akm
 .text.inv_icm20948_check_akm_self_test
                0x000000000800b5b4      0x1c0 ./icm20948Lib/Invn/Devices/Drivers/Icm20948/Icm20948AuxCompassAkm.o
                0x000000000800b5b4                inv_icm20948_check_akm_self_test
 .text.inv_icm20948_suspend_akm
                0x000000000800b774       0x30 ./icm20948Lib/Invn/Devices/Drivers/Icm20948/Icm20948AuxCompassAkm.o
                0x000000000800b774                inv_icm20948_suspend_akm
 .text.inv_icm20948_resume_akm
                0x000000000800b7a4       0x58 ./icm20948Lib/Invn/Devices/Drivers/Icm20948/Icm20948AuxCompassAkm.o
                0x000000000800b7a4                inv_icm20948_resume_akm
 .text.inv_icm20948_compass_isconnected
                0x000000000800b7fc       0x10 ./icm20948Lib/Invn/Devices/Drivers/Icm20948/Icm20948AuxCompassAkm.o
                0x000000000800b7fc                inv_icm20948_compass_isconnected
 .text.inv_icm20948_compass_dmp_cal
                0x000000000800b80c      0x204 ./icm20948Lib/Invn/Devices/Drivers/Icm20948/Icm20948AuxCompassAkm.o
                0x000000000800b80c                inv_icm20948_compass_dmp_cal
 .text.inv_icm20948_apply_raw_compass_matrix
                0x000000000800ba10       0x6c ./icm20948Lib/Invn/Devices/Drivers/Icm20948/Icm20948AuxCompassAkm.o
                0x000000000800ba10                inv_icm20948_apply_raw_compass_matrix
 .text.inv_icm20948_init_secondary
                0x000000000800ba7c       0x6c ./icm20948Lib/Invn/Devices/Drivers/Icm20948/Icm20948AuxTransport.o
                0x000000000800ba7c                inv_icm20948_init_secondary
 .text.inv_icm20948_read_secondary
                0x000000000800bae8       0x5c ./icm20948Lib/Invn/Devices/Drivers/Icm20948/Icm20948AuxTransport.o
                0x000000000800bae8                inv_icm20948_read_secondary
 .text.inv_icm20948_execute_read_secondary
                0x000000000800bb44       0xac ./icm20948Lib/Invn/Devices/Drivers/Icm20948/Icm20948AuxTransport.o
                0x000000000800bb44                inv_icm20948_execute_read_secondary
 .text.inv_icm20948_write_secondary
                0x000000000800bbf0       0x68 ./icm20948Lib/Invn/Devices/Drivers/Icm20948/Icm20948AuxTransport.o
                0x000000000800bbf0                inv_icm20948_write_secondary
 .text.inv_icm20948_execute_write_secondary
                0x000000000800bc58       0x5c ./icm20948Lib/Invn/Devices/Drivers/Icm20948/Icm20948AuxTransport.o
                0x000000000800bc58                inv_icm20948_execute_write_secondary
 .text.inv_icm20948_secondary_stop_channel
                0x000000000800bcb4        0xc ./icm20948Lib/Invn/Devices/Drivers/Icm20948/Icm20948AuxTransport.o
                0x000000000800bcb4                inv_icm20948_secondary_stop_channel
 .text.inv_icm20948_secondary_enable_i2c
                0x000000000800bcc0       0x10 ./icm20948Lib/Invn/Devices/Drivers/Icm20948/Icm20948AuxTransport.o
                0x000000000800bcc0                inv_icm20948_secondary_enable_i2c
 .text.inv_icm20948_secondary_disable_i2c
                0x000000000800bcd0       0x10 ./icm20948Lib/Invn/Devices/Drivers/Icm20948/Icm20948AuxTransport.o
                0x000000000800bcd0                inv_icm20948_secondary_disable_i2c
 .text.inv_icm20948_secondary_set_odr
                0x000000000800bce0       0x2c ./icm20948Lib/Invn/Devices/Drivers/Icm20948/Icm20948AuxTransport.o
                0x000000000800bce0                inv_icm20948_secondary_set_odr
 .text.inv_icm20948_ctrl_androidSensor_enabled
                0x000000000800bd0c       0x18 ./icm20948Lib/Invn/Devices/Drivers/Icm20948/Icm20948DataBaseControl.o
                0x000000000800bd0c                inv_icm20948_ctrl_androidSensor_enabled
 .text.inv_icm20948_base_control_init
                0x000000000800bd24       0xe0 ./icm20948Lib/Invn/Devices/Drivers/Icm20948/Icm20948DataBaseControl.o
                0x000000000800bd24                inv_icm20948_base_control_init
 .text.inv_icm20948_ctrl_enable_batch
                0x000000000800be04       0x38 ./icm20948Lib/Invn/Devices/Drivers/Icm20948/Icm20948DataBaseControl.o
                0x000000000800be04                inv_icm20948_ctrl_enable_batch
 .text.inv_icm20948_ctrl_get_batch_mode_status
                0x000000000800be3c        0x8 ./icm20948Lib/Invn/Devices/Drivers/Icm20948/Icm20948DataBaseControl.o
                0x000000000800be3c                inv_icm20948_ctrl_get_batch_mode_status
 .text.inv_icm20948_ctrl_set_batch_timeout_ms
                0x000000000800be44       0xc0 ./icm20948Lib/Invn/Devices/Drivers/Icm20948/Icm20948DataBaseControl.o
                0x000000000800be44                inv_icm20948_ctrl_set_batch_timeout_ms
 .text.inv_icm20948_ctrl_get_activitiy_classifier_on_flag
                0x000000000800bf04        0x8 ./icm20948Lib/Invn/Devices/Drivers/Icm20948/Icm20948DataBaseControl.o
                0x000000000800bf04                inv_icm20948_ctrl_get_activitiy_classifier_on_flag
 *fill*         0x000000000800bf0c        0x4 
 .text.inv_icm20948_ctrl_set_accel_cal_params
                0x000000000800bf10       0xc8 ./icm20948Lib/Invn/Devices/Drivers/Icm20948/Icm20948DataBaseControl.o
                0x000000000800bf10                inv_icm20948_ctrl_set_accel_cal_params
 .text.inv_set_hw_smplrt_dmp_odrs
                0x000000000800bfd8      0xaec ./icm20948Lib/Invn/Devices/Drivers/Icm20948/Icm20948DataBaseControl.o
 .text.inv_icm20948_set_odr
                0x000000000800cac4      0x25c ./icm20948Lib/Invn/Devices/Drivers/Icm20948/Icm20948DataBaseControl.o
                0x000000000800cac4                inv_icm20948_set_odr
 .text.inv_icm20948_ctrl_enable_sensor
                0x000000000800cd20      0x640 ./icm20948Lib/Invn/Devices/Drivers/Icm20948/Icm20948DataBaseControl.o
                0x000000000800cd20                inv_icm20948_ctrl_enable_sensor
 .text.inv_icm20948_ctrl_get_acc_bias
                0x000000000800d360        0x4 ./icm20948Lib/Invn/Devices/Drivers/Icm20948/Icm20948DataBaseControl.o
                0x000000000800d360                inv_icm20948_ctrl_get_acc_bias
 .text.inv_icm20948_ctrl_get_gyr_bias
                0x000000000800d364        0x4 ./icm20948Lib/Invn/Devices/Drivers/Icm20948/Icm20948DataBaseControl.o
                0x000000000800d364                inv_icm20948_ctrl_get_gyr_bias
 .text.inv_icm20948_ctrl_get_mag_bias
                0x000000000800d368        0x4 ./icm20948Lib/Invn/Devices/Drivers/Icm20948/Icm20948DataBaseControl.o
                0x000000000800d368                inv_icm20948_ctrl_get_mag_bias
 .text.inv_icm20948_ctrl_set_acc_bias
                0x000000000800d36c       0x1c ./icm20948Lib/Invn/Devices/Drivers/Icm20948/Icm20948DataBaseControl.o
                0x000000000800d36c                inv_icm20948_ctrl_set_acc_bias
 .text.inv_icm20948_ctrl_set_gyr_bias
                0x000000000800d388       0x1c ./icm20948Lib/Invn/Devices/Drivers/Icm20948/Icm20948DataBaseControl.o
                0x000000000800d388                inv_icm20948_ctrl_set_gyr_bias
 .text.inv_icm20948_ctrl_set_mag_bias
                0x000000000800d3a4       0x1c ./icm20948Lib/Invn/Devices/Drivers/Icm20948/Icm20948DataBaseControl.o
                0x000000000800d3a4                inv_icm20948_ctrl_set_mag_bias
 .text.inv_icm20948_prevent_lpen_control
                0x000000000800d3c0        0x8 ./icm20948Lib/Invn/Devices/Drivers/Icm20948/Icm20948DataBaseDriver.o
                0x000000000800d3c0                inv_icm20948_prevent_lpen_control
 .text.inv_icm20948_allow_lpen_control
                0x000000000800d3c8       0x34 ./icm20948Lib/Invn/Devices/Drivers/Icm20948/Icm20948DataBaseDriver.o
                0x000000000800d3c8                inv_icm20948_allow_lpen_control
 .text.inv_icm20948_set_chip_power_state
                0x000000000800d3fc       0xc4 ./icm20948Lib/Invn/Devices/Drivers/Icm20948/Icm20948DataBaseDriver.o
                0x000000000800d3fc                inv_icm20948_set_chip_power_state
 .text.inv_icm20948_get_chip_power_state
                0x000000000800d4c0        0x4 ./icm20948Lib/Invn/Devices/Drivers/Icm20948/Icm20948DataBaseDriver.o
                0x000000000800d4c0                inv_icm20948_get_chip_power_state
 .text.inv_icm20948_wakeup_mems
                0x000000000800d4c4       0xb8 ./icm20948Lib/Invn/Devices/Drivers/Icm20948/Icm20948DataBaseDriver.o
                0x000000000800d4c4                inv_icm20948_wakeup_mems
 .text.inv_icm20948_sleep_mems
                0x000000000800d57c       0x50 ./icm20948Lib/Invn/Devices/Drivers/Icm20948/Icm20948DataBaseDriver.o
                0x000000000800d57c                inv_icm20948_sleep_mems
 .text.inv_icm20948_set_dmp_address
                0x000000000800d5cc       0x38 ./icm20948Lib/Invn/Devices/Drivers/Icm20948/Icm20948DataBaseDriver.o
                0x000000000800d5cc                inv_icm20948_set_dmp_address
 .text.inv_icm20948_set_secondary
                0x000000000800d604       0x34 ./icm20948Lib/Invn/Devices/Drivers/Icm20948/Icm20948DataBaseDriver.o
                0x000000000800d604                inv_icm20948_set_secondary
 .text.inv_icm20948_enter_duty_cycle_mode
                0x000000000800d638       0x20 ./icm20948Lib/Invn/Devices/Drivers/Icm20948/Icm20948DataBaseDriver.o
                0x000000000800d638                inv_icm20948_enter_duty_cycle_mode
 .text.inv_icm20948_enter_low_noise_mode
                0x000000000800d658       0x24 ./icm20948Lib/Invn/Devices/Drivers/Icm20948/Icm20948DataBaseDriver.o
                0x000000000800d658                inv_icm20948_enter_low_noise_mode
 .text.inv_icm20948_initialize_lower_driver
                0x000000000800d67c      0x240 ./icm20948Lib/Invn/Devices/Drivers/Icm20948/Icm20948DataBaseDriver.o
                0x000000000800d67c                inv_icm20948_initialize_lower_driver
 .text.inv_icm20948_get_compass_availability
                0x000000000800d8bc        0x8 ./icm20948Lib/Invn/Devices/Drivers/Icm20948/Icm20948DataBaseDriver.o
                0x000000000800d8bc                inv_icm20948_get_compass_availability
 .text.inv_icm20948_set_slave_compass_id
                0x000000000800d8c4       0x8c ./icm20948Lib/Invn/Devices/Drivers/Icm20948/Icm20948DataBaseDriver.o
                0x000000000800d8c4                inv_icm20948_set_slave_compass_id
 .text.inv_icm20948_set_gyro_divider
                0x000000000800d950       0x20 ./icm20948Lib/Invn/Devices/Drivers/Icm20948/Icm20948DataBaseDriver.o
                0x000000000800d950                inv_icm20948_set_gyro_divider
 .text.inv_icm20948_get_gyro_divider
                0x000000000800d970        0x4 ./icm20948Lib/Invn/Devices/Drivers/Icm20948/Icm20948DataBaseDriver.o
                0x000000000800d970                inv_icm20948_get_gyro_divider
 .text.inv_icm20948_set_secondary_divider
                0x000000000800d974       0x10 ./icm20948Lib/Invn/Devices/Drivers/Icm20948/Icm20948DataBaseDriver.o
                0x000000000800d974                inv_icm20948_set_secondary_divider
 .text.inv_icm20948_get_secondary_divider
                0x000000000800d984        0x4 ./icm20948Lib/Invn/Devices/Drivers/Icm20948/Icm20948DataBaseDriver.o
                0x000000000800d984                inv_icm20948_get_secondary_divider
 .text.inv_icm20948_set_accel_divider
                0x000000000800d988       0x24 ./icm20948Lib/Invn/Devices/Drivers/Icm20948/Icm20948DataBaseDriver.o
                0x000000000800d988                inv_icm20948_set_accel_divider
 .text.inv_icm20948_get_accel_divider
                0x000000000800d9ac        0x8 ./icm20948Lib/Invn/Devices/Drivers/Icm20948/Icm20948DataBaseDriver.o
                0x000000000800d9ac                inv_icm20948_get_accel_divider
 .text.inv_icm20948_set_gyro_sf
                0x000000000800d9b4       0xd4 ./icm20948Lib/Invn/Devices/Drivers/Icm20948/Icm20948DataBaseDriver.o
                0x000000000800d9b4                inv_icm20948_set_gyro_sf
 .text.inv_icm20948_get_gyro_fullscale
                0x000000000800da88        0x8 ./icm20948Lib/Invn/Devices/Drivers/Icm20948/Icm20948DataBaseDriver.o
                0x000000000800da88                inv_icm20948_get_gyro_fullscale
 .text.inv_icm20948_set_icm20948_gyro_fullscale
                0x000000000800da90       0xe0 ./icm20948Lib/Invn/Devices/Drivers/Icm20948/Icm20948DataBaseDriver.o
                0x000000000800da90                inv_icm20948_set_icm20948_gyro_fullscale
 .text.inv_icm20948_set_gyro_fullscale
                0x000000000800db70       0xf4 ./icm20948Lib/Invn/Devices/Drivers/Icm20948/Icm20948DataBaseDriver.o
                0x000000000800db70                inv_icm20948_set_gyro_fullscale
 .text.inv_icm20948_get_accel_fullscale
                0x000000000800dc64        0x8 ./icm20948Lib/Invn/Devices/Drivers/Icm20948/Icm20948DataBaseDriver.o
                0x000000000800dc64                inv_icm20948_get_accel_fullscale
 .text.inv_icm20948_set_icm20948_accel_fullscale
                0x000000000800dc6c       0xa4 ./icm20948Lib/Invn/Devices/Drivers/Icm20948/Icm20948DataBaseDriver.o
                0x000000000800dc6c                inv_icm20948_set_icm20948_accel_fullscale
 .text.inv_icm20948_set_accel_fullscale
                0x000000000800dd10       0x34 ./icm20948Lib/Invn/Devices/Drivers/Icm20948/Icm20948DataBaseDriver.o
                0x000000000800dd10                inv_icm20948_set_accel_fullscale
 .text.inv_icm20948_enable_hw_sensors
                0x000000000800dd44       0x60 ./icm20948Lib/Invn/Devices/Drivers/Icm20948/Icm20948DataBaseDriver.o
                0x000000000800dd44                inv_icm20948_enable_hw_sensors
 .text.invn_convert_inverse_q15_fxp.part.0
                0x000000000800dda4      0x12c ./icm20948Lib/Invn/Devices/Drivers/Icm20948/Icm20948DataConverter.o
 .text.inv_icm20948_q_mult_q_qi
                0x000000000800ded0      0x108 ./icm20948Lib/Invn/Devices/Drivers/Icm20948/Icm20948DataConverter.o
                0x000000000800ded0                inv_icm20948_q_mult_q_qi
 .text.inv_icm20948_convert_quat_rotate_fxp
                0x000000000800dfd8      0x188 ./icm20948Lib/Invn/Devices/Drivers/Icm20948/Icm20948DataConverter.o
                0x000000000800dfd8                inv_icm20948_convert_quat_rotate_fxp
 .text.inv_icm20948_convert_dmp3_to_body
                0x000000000800e160      0x1a8 ./icm20948Lib/Invn/Devices/Drivers/Icm20948/Icm20948DataConverter.o
                0x000000000800e160                inv_icm20948_convert_dmp3_to_body
 .text.inv_icm20948_convert_mult_q30_fxp
                0x000000000800e308        0xc ./icm20948Lib/Invn/Devices/Drivers/Icm20948/Icm20948DataConverter.o
                0x000000000800e308                inv_icm20948_convert_mult_q30_fxp
 .text.inv_icm20948_convert_compute_scalar_part_fxp
                0x000000000800e314      0x254 ./icm20948Lib/Invn/Devices/Drivers/Icm20948/Icm20948DataConverter.o
                0x000000000800e314                inv_icm20948_convert_compute_scalar_part_fxp
 .text.inv_icm20948_convert_fast_sqrt_fxp
                0x000000000800e568      0x21c ./icm20948Lib/Invn/Devices/Drivers/Icm20948/Icm20948DataConverter.o
                0x000000000800e568                inv_icm20948_convert_fast_sqrt_fxp
 .text.inv_icm20948_convert_rotation_vector
                0x000000000800e784      0x1b4 ./icm20948Lib/Invn/Devices/Drivers/Icm20948/Icm20948DataConverter.o
                0x000000000800e784                inv_icm20948_convert_rotation_vector
 .text.inv_icm20948_convert_matrix_to_quat_flt
                0x000000000800e938      0x29c ./icm20948Lib/Invn/Devices/Drivers/Icm20948/Icm20948DataConverter.o
                0x000000000800e938                inv_icm20948_convert_matrix_to_quat_flt
 .text.inv_icm20948_set_chip_to_body_axis_quaternion
                0x000000000800ebd4      0x228 ./icm20948Lib/Invn/Devices/Drivers/Icm20948/Icm20948DataConverter.o
                0x000000000800ebd4                inv_icm20948_set_chip_to_body_axis_quaternion
 .text.inv_icm20948_convert_mult_qfix_fxp
                0x000000000800edfc       0x20 ./icm20948Lib/Invn/Devices/Drivers/Icm20948/Icm20948DataConverter.o
                0x000000000800edfc                inv_icm20948_convert_mult_qfix_fxp
 .text.inv_icm20948_convert_quat_to_col_major_matrix_fxp
                0x000000000800ee1c      0x128 ./icm20948Lib/Invn/Devices/Drivers/Icm20948/Icm20948DataConverter.o
                0x000000000800ee1c                inv_icm20948_convert_quat_to_col_major_matrix_fxp
 .text.inv_icm20948_math_atan2_q15_fxp
                0x000000000800ef44      0x118 ./icm20948Lib/Invn/Devices/Drivers/Icm20948/Icm20948DataConverter.o
                0x000000000800ef44                inv_icm20948_math_atan2_q15_fxp
 .text.inv_icm20948_convert_int16_to_big8
                0x000000000800f05c        0xc ./icm20948Lib/Invn/Devices/Drivers/Icm20948/Icm20948DataConverter.o
                0x000000000800f05c                inv_icm20948_convert_int16_to_big8
 .text.inv_icm20948_convert_int32_to_big8
                0x000000000800f068       0x18 ./icm20948Lib/Invn/Devices/Drivers/Icm20948/Icm20948DataConverter.o
                0x000000000800f068                inv_icm20948_convert_int32_to_big8
 .text.inv_icm20948_convert_big8_to_int32
                0x000000000800f080        0x8 ./icm20948Lib/Invn/Devices/Drivers/Icm20948/Icm20948DataConverter.o
                0x000000000800f080                inv_icm20948_convert_big8_to_int32
 .text.inv_icm20948_load_firmware
                0x000000000800f088        0x8 ./icm20948Lib/Invn/Devices/Drivers/Icm20948/Icm20948Dmp3Driver.o
                0x000000000800f088                inv_icm20948_load_firmware
 .text.inv_icm20948_get_dmp_start_address
                0x000000000800f090        0x8 ./icm20948Lib/Invn/Devices/Drivers/Icm20948/Icm20948Dmp3Driver.o
                0x000000000800f090                inv_icm20948_get_dmp_start_address
 .text.dmp_icm20948_set_data_output_control1
                0x000000000800f098       0x20 ./icm20948Lib/Invn/Devices/Drivers/Icm20948/Icm20948Dmp3Driver.o
                0x000000000800f098                dmp_icm20948_set_data_output_control1
 .text.dmp_icm20948_set_data_output_control2
                0x000000000800f0b8       0x14 ./icm20948Lib/Invn/Devices/Drivers/Icm20948/Icm20948Dmp3Driver.o
                0x000000000800f0b8                dmp_icm20948_set_data_output_control2
 .text.dmp_icm20948_reset_control_registers
                0x000000000800f0cc       0x54 ./icm20948Lib/Invn/Devices/Drivers/Icm20948/Icm20948Dmp3Driver.o
                0x000000000800f0cc                dmp_icm20948_reset_control_registers
 .text.dmp_icm20948_set_data_interrupt_control
                0x000000000800f120       0x28 ./icm20948Lib/Invn/Devices/Drivers/Icm20948/Icm20948Dmp3Driver.o
                0x000000000800f120                dmp_icm20948_set_data_interrupt_control
 .text.dmp_icm20948_set_FIFO_watermark
                0x000000000800f148       0x28 ./icm20948Lib/Invn/Devices/Drivers/Icm20948/Icm20948Dmp3Driver.o
                0x000000000800f148                dmp_icm20948_set_FIFO_watermark
 .text.dmp_icm20948_set_data_rdy_status
                0x000000000800f170       0x28 ./icm20948Lib/Invn/Devices/Drivers/Icm20948/Icm20948Dmp3Driver.o
                0x000000000800f170                dmp_icm20948_set_data_rdy_status
 .text.dmp_icm20948_set_motion_event_control
                0x000000000800f198       0x20 ./icm20948Lib/Invn/Devices/Drivers/Icm20948/Icm20948Dmp3Driver.o
                0x000000000800f198                dmp_icm20948_set_motion_event_control
 .text.dmp_icm20948_set_sensor_rate
                0x000000000800f1b8       0x3c ./icm20948Lib/Invn/Devices/Drivers/Icm20948/Icm20948Dmp3Driver.o
                0x000000000800f1b8                dmp_icm20948_set_sensor_rate
 .text.dmp_icm20948_set_batchmode_params
                0x000000000800f1f4       0x58 ./icm20948Lib/Invn/Devices/Drivers/Icm20948/Icm20948Dmp3Driver.o
                0x000000000800f1f4                dmp_icm20948_set_batchmode_params
 .text.dmp_icm20948_set_bias_acc
                0x000000000800f24c       0x5c ./icm20948Lib/Invn/Devices/Drivers/Icm20948/Icm20948Dmp3Driver.o
                0x000000000800f24c                dmp_icm20948_set_bias_acc
 .text.dmp_icm20948_set_bias_gyr
                0x000000000800f2a8       0x5c ./icm20948Lib/Invn/Devices/Drivers/Icm20948/Icm20948Dmp3Driver.o
                0x000000000800f2a8                dmp_icm20948_set_bias_gyr
 .text.dmp_icm20948_set_bias_cmp
                0x000000000800f304       0x5c ./icm20948Lib/Invn/Devices/Drivers/Icm20948/Icm20948Dmp3Driver.o
                0x000000000800f304                dmp_icm20948_set_bias_cmp
 .text.dmp_icm20948_get_bias_acc
                0x000000000800f360       0x5c ./icm20948Lib/Invn/Devices/Drivers/Icm20948/Icm20948Dmp3Driver.o
                0x000000000800f360                dmp_icm20948_get_bias_acc
 .text.dmp_icm20948_get_bias_gyr
                0x000000000800f3bc       0x5c ./icm20948Lib/Invn/Devices/Drivers/Icm20948/Icm20948Dmp3Driver.o
                0x000000000800f3bc                dmp_icm20948_get_bias_gyr
 .text.dmp_icm20948_get_bias_cmp
                0x000000000800f418       0x5c ./icm20948Lib/Invn/Devices/Drivers/Icm20948/Icm20948Dmp3Driver.o
                0x000000000800f418                dmp_icm20948_get_bias_cmp
 .text.dmp_icm20948_set_gyro_sf
                0x000000000800f474       0x20 ./icm20948Lib/Invn/Devices/Drivers/Icm20948/Icm20948Dmp3Driver.o
                0x000000000800f474                dmp_icm20948_set_gyro_sf
 .text.dmp_icm20948_set_accel_feedback_gain
                0x000000000800f494       0x24 ./icm20948Lib/Invn/Devices/Drivers/Icm20948/Icm20948Dmp3Driver.o
                0x000000000800f494                dmp_icm20948_set_accel_feedback_gain
 .text.dmp_icm20948_set_accel_cal_params
                0x000000000800f4b8       0x5c ./icm20948Lib/Invn/Devices/Drivers/Icm20948/Icm20948Dmp3Driver.o
                0x000000000800f4b8                dmp_icm20948_set_accel_cal_params
 .text.dmp_icm20948_set_compass_matrix
                0x000000000800f514      0x100 ./icm20948Lib/Invn/Devices/Drivers/Icm20948/Icm20948Dmp3Driver.o
                0x000000000800f514                dmp_icm20948_set_compass_matrix
 .text.dmp_icm20948_get_pedometer_num_of_steps
                0x000000000800f614       0x3c ./icm20948Lib/Invn/Devices/Drivers/Icm20948/Icm20948Dmp3Driver.o
                0x000000000800f614                dmp_icm20948_get_pedometer_num_of_steps
 .text.dmp_icm20948_set_accel_fsr
                0x000000000800f650       0x6c ./icm20948Lib/Invn/Devices/Drivers/Icm20948/Icm20948Dmp3Driver.o
                0x000000000800f650                dmp_icm20948_set_accel_fsr
 .text.dmp_icm20948_set_accel_scale2
                0x000000000800f6bc       0x6c ./icm20948Lib/Invn/Devices/Drivers/Icm20948/Icm20948Dmp3Driver.o
                0x000000000800f6bc                dmp_icm20948_set_accel_scale2
 .text.dmp_icm20948_set_bac_rate
                0x000000000800f728       0x54 ./icm20948Lib/Invn/Devices/Drivers/Icm20948/Icm20948Dmp3Driver.o
                0x000000000800f728                dmp_icm20948_set_bac_rate
 .text.dmp_icm20948_set_b2s_rate
                0x000000000800f77c       0x54 ./icm20948Lib/Invn/Devices/Drivers/Icm20948/Icm20948Dmp3Driver.o
                0x000000000800f77c                dmp_icm20948_set_b2s_rate
 .text.dmp_icm20948_set_B2S_matrix
                0x000000000800f7d0      0x100 ./icm20948Lib/Invn/Devices/Drivers/Icm20948/Icm20948Dmp3Driver.o
                0x000000000800f7d0                dmp_icm20948_set_B2S_matrix
 .text.dmp_icm20948_set_ped_y_ratio
                0x000000000800f8d0       0x24 ./icm20948Lib/Invn/Devices/Drivers/Icm20948/Icm20948Dmp3Driver.o
                0x000000000800f8d0                dmp_icm20948_set_ped_y_ratio
 .text.inv_icm20948_firmware_load
                0x000000000800f8f4       0xb0 ./icm20948Lib/Invn/Devices/Drivers/Icm20948/Icm20948LoadFirmware.o
                0x000000000800f8f4                inv_icm20948_firmware_load
 .text.dmp_reset_fifo.isra.0
                0x000000000800f9a4       0xdc ./icm20948Lib/Invn/Devices/Drivers/Icm20948/Icm20948MPUFifoControl.o
 .text.dmp_get_fifo_all.constprop.0
                0x000000000800fa80       0x94 ./icm20948Lib/Invn/Devices/Drivers/Icm20948/Icm20948MPUFifoControl.o
 .text.inv_icm20948_identify_interrupt
                0x000000000800fb14       0x5c ./icm20948Lib/Invn/Devices/Drivers/Icm20948/Icm20948MPUFifoControl.o
                0x000000000800fb14                inv_icm20948_identify_interrupt
 .text.inv_icm20948_fifo_swmirror
                0x000000000800fb70      0x320 ./icm20948Lib/Invn/Devices/Drivers/Icm20948/Icm20948MPUFifoControl.o
                0x000000000800fb70                inv_icm20948_fifo_swmirror
 .text.inv_icm20948_inv_decode_one_ivory_fifo_packet
                0x000000000800fe90      0x1bc ./icm20948Lib/Invn/Devices/Drivers/Icm20948/Icm20948MPUFifoControl.o
                0x000000000800fe90                inv_icm20948_inv_decode_one_ivory_fifo_packet
 .text.inv_icm20948_fifo_pop
                0x000000000801004c      0x138 ./icm20948Lib/Invn/Devices/Drivers/Icm20948/Icm20948MPUFifoControl.o
                0x000000000801004c                inv_icm20948_fifo_pop
 .text.inv_icm20948_dmp_get_accel
                0x0000000008010184       0x28 ./icm20948Lib/Invn/Devices/Drivers/Icm20948/Icm20948MPUFifoControl.o
                0x0000000008010184                inv_icm20948_dmp_get_accel
 .text.inv_icm20948_dmp_get_raw_gyro
                0x00000000080101ac       0x28 ./icm20948Lib/Invn/Devices/Drivers/Icm20948/Icm20948MPUFifoControl.o
                0x00000000080101ac                inv_icm20948_dmp_get_raw_gyro
 .text.inv_icm20948_dmp_get_gyro_bias
                0x00000000080101d4       0x20 ./icm20948Lib/Invn/Devices/Drivers/Icm20948/Icm20948MPUFifoControl.o
                0x00000000080101d4                inv_icm20948_dmp_get_gyro_bias
 .text.inv_icm20948_dmp_get_calibrated_gyro
                0x00000000080101f4       0x30 ./icm20948Lib/Invn/Devices/Drivers/Icm20948/Icm20948MPUFifoControl.o
                0x00000000080101f4                inv_icm20948_dmp_get_calibrated_gyro
 .text.inv_icm20948_dmp_get_6quaternion
                0x0000000008010224       0x28 ./icm20948Lib/Invn/Devices/Drivers/Icm20948/Icm20948MPUFifoControl.o
                0x0000000008010224                inv_icm20948_dmp_get_6quaternion
 .text.inv_icm20948_dmp_get_9quaternion
                0x000000000801024c       0x28 ./icm20948Lib/Invn/Devices/Drivers/Icm20948/Icm20948MPUFifoControl.o
                0x000000000801024c                inv_icm20948_dmp_get_9quaternion
 .text.inv_icm20948_dmp_get_gmrvquaternion
                0x0000000008010274       0x28 ./icm20948Lib/Invn/Devices/Drivers/Icm20948/Icm20948MPUFifoControl.o
                0x0000000008010274                inv_icm20948_dmp_get_gmrvquaternion
 .text.inv_icm20948_dmp_get_raw_compass
                0x000000000801029c       0x28 ./icm20948Lib/Invn/Devices/Drivers/Icm20948/Icm20948MPUFifoControl.o
                0x000000000801029c                inv_icm20948_dmp_get_raw_compass
 .text.inv_icm20948_dmp_get_calibrated_compass
                0x00000000080102c4       0x28 ./icm20948Lib/Invn/Devices/Drivers/Icm20948/Icm20948MPUFifoControl.o
                0x00000000080102c4                inv_icm20948_dmp_get_calibrated_compass
 .text.inv_icm20948_dmp_get_bac_state
                0x00000000080102ec       0x1c ./icm20948Lib/Invn/Devices/Drivers/Icm20948/Icm20948MPUFifoControl.o
                0x00000000080102ec                inv_icm20948_dmp_get_bac_state
 .text.inv_icm20948_dmp_get_bac_ts
                0x0000000008010308       0x1c ./icm20948Lib/Invn/Devices/Drivers/Icm20948/Icm20948MPUFifoControl.o
                0x0000000008010308                inv_icm20948_dmp_get_bac_ts
 .text.inv_icm20948_dmp_get_flip_pickup_state
                0x0000000008010324       0x1c ./icm20948Lib/Invn/Devices/Drivers/Icm20948/Icm20948MPUFifoControl.o
                0x0000000008010324                inv_icm20948_dmp_get_flip_pickup_state
 .text.inv_icm20948_get_accel_accuracy
                0x0000000008010340        0xc ./icm20948Lib/Invn/Devices/Drivers/Icm20948/Icm20948MPUFifoControl.o
                0x0000000008010340                inv_icm20948_get_accel_accuracy
 .text.inv_icm20948_get_gyro_accuracy
                0x000000000801034c        0xc ./icm20948Lib/Invn/Devices/Drivers/Icm20948/Icm20948MPUFifoControl.o
                0x000000000801034c                inv_icm20948_get_gyro_accuracy
 .text.inv_icm20948_get_mag_accuracy
                0x0000000008010358        0xc ./icm20948Lib/Invn/Devices/Drivers/Icm20948/Icm20948MPUFifoControl.o
                0x0000000008010358                inv_icm20948_get_mag_accuracy
 .text.inv_icm20948_get_gmrv_accuracy
                0x0000000008010364        0xc ./icm20948Lib/Invn/Devices/Drivers/Icm20948/Icm20948MPUFifoControl.o
                0x0000000008010364                inv_icm20948_get_gmrv_accuracy
 .text.inv_icm20948_get_rv_accuracy
                0x0000000008010370        0xc ./icm20948Lib/Invn/Devices/Drivers/Icm20948/Icm20948MPUFifoControl.o
                0x0000000008010370                inv_icm20948_get_rv_accuracy
 .text.inv_do_test_accelgyro
                0x000000000801037c      0x164 ./icm20948Lib/Invn/Devices/Drivers/Icm20948/Icm20948SelfTest.o
 .text.inv_icm20948_run_selftest
                0x00000000080104e0      0x4c4 ./icm20948Lib/Invn/Devices/Drivers/Icm20948/Icm20948SelfTest.o
                0x00000000080104e0                inv_icm20948_run_selftest
 .text.inv_icm20948_sensor_android_2_sensor_type
                0x00000000080109a4       0x14 ./icm20948Lib/Invn/Devices/Drivers/Icm20948/Icm20948Setup.o
                0x00000000080109a4                inv_icm20948_sensor_android_2_sensor_type
 .text.inv_icm20948_get_whoami
                0x00000000080109b8        0xc ./icm20948Lib/Invn/Devices/Drivers/Icm20948/Icm20948Setup.o
                0x00000000080109b8                inv_icm20948_get_whoami
 *fill*         0x00000000080109c4        0x4 
 .text.inv_icm20948_init_matrix
                0x00000000080109c8       0x5c ./icm20948Lib/Invn/Devices/Drivers/Icm20948/Icm20948Setup.o
                0x00000000080109c8                inv_icm20948_init_matrix
 *fill*         0x0000000008010a24        0x4 
 .text.inv_icm20948_init_structure
                0x0000000008010a28       0x5c ./icm20948Lib/Invn/Devices/Drivers/Icm20948/Icm20948Setup.o
                0x0000000008010a28                inv_icm20948_init_structure
 .text.inv_icm20948_initialize
                0x0000000008010a84       0x2c ./icm20948Lib/Invn/Devices/Drivers/Icm20948/Icm20948Setup.o
                0x0000000008010a84                inv_icm20948_initialize
 .text.inv_icm20948_init_scale
                0x0000000008010ab0       0x18 ./icm20948Lib/Invn/Devices/Drivers/Icm20948/Icm20948Setup.o
                0x0000000008010ab0                inv_icm20948_init_scale
 .text.inv_icm20948_set_fsr
                0x0000000008010ac8       0x6c ./icm20948Lib/Invn/Devices/Drivers/Icm20948/Icm20948Setup.o
                0x0000000008010ac8                inv_icm20948_set_fsr
 .text.inv_icm20948_get_fsr
                0x0000000008010b34       0x88 ./icm20948Lib/Invn/Devices/Drivers/Icm20948/Icm20948Setup.o
                0x0000000008010b34                inv_icm20948_get_fsr
 .text.inv_icm20948_set_bias
                0x0000000008010bbc       0x9c ./icm20948Lib/Invn/Devices/Drivers/Icm20948/Icm20948Setup.o
                0x0000000008010bbc                inv_icm20948_set_bias
 .text.inv_icm20948_get_bias
                0x0000000008010c58       0xa0 ./icm20948Lib/Invn/Devices/Drivers/Icm20948/Icm20948Setup.o
                0x0000000008010c58                inv_icm20948_get_bias
 .text.inv_icm20948_set_lowpower_or_highperformance
                0x0000000008010cf8       0x10 ./icm20948Lib/Invn/Devices/Drivers/Icm20948/Icm20948Setup.o
                0x0000000008010cf8                inv_icm20948_set_lowpower_or_highperformance
 .text.inv_icm20948_get_lowpower_or_highperformance
                0x0000000008010d08        0x8 ./icm20948Lib/Invn/Devices/Drivers/Icm20948/Icm20948Setup.o
                0x0000000008010d08                inv_icm20948_get_lowpower_or_highperformance
 .text.inv_icm20948_set_matrix
                0x0000000008010d10      0x1e4 ./icm20948Lib/Invn/Devices/Drivers/Icm20948/Icm20948Setup.o
                0x0000000008010d10                inv_icm20948_set_matrix
 .text.inv_icm20948_initialize_auxiliary
                0x0000000008010ef4       0x14 ./icm20948Lib/Invn/Devices/Drivers/Icm20948/Icm20948Setup.o
                0x0000000008010ef4                inv_icm20948_initialize_auxiliary
 .text.inv_icm20948_soft_reset
                0x0000000008010f08       0x1c ./icm20948Lib/Invn/Devices/Drivers/Icm20948/Icm20948Setup.o
                0x0000000008010f08                inv_icm20948_soft_reset
 .text.inv_icm20948_enable_sensor
                0x0000000008010f24       0x38 ./icm20948Lib/Invn/Devices/Drivers/Icm20948/Icm20948Setup.o
                0x0000000008010f24                inv_icm20948_enable_sensor
 *fill*         0x0000000008010f5c        0x4 
 .text.inv_icm20948_set_sensor_period
                0x0000000008010f60       0x54 ./icm20948Lib/Invn/Devices/Drivers/Icm20948/Icm20948Setup.o
                0x0000000008010f60                inv_icm20948_set_sensor_period
 .text.inv_icm20948_enable_batch_timeout
                0x0000000008010fb4       0x24 ./icm20948Lib/Invn/Devices/Drivers/Icm20948/Icm20948Setup.o
                0x0000000008010fb4                inv_icm20948_enable_batch_timeout
 .text.inv_icm20948_load
                0x0000000008010fd8        0x8 ./icm20948Lib/Invn/Devices/Drivers/Icm20948/Icm20948Setup.o
                0x0000000008010fd8                inv_icm20948_load
 .text.inv_icm20948_poll_sensor
                0x0000000008010fe0      0xbcc ./icm20948Lib/Invn/Devices/Drivers/Icm20948/Icm20948Setup.o
                0x0000000008010fe0                inv_icm20948_poll_sensor
 .text.inv_set_bank.part.0
                0x0000000008011bac       0x54 ./icm20948Lib/Invn/Devices/Drivers/Icm20948/Icm20948Transport.o
 .text.inv_icm20948_read_reg
                0x0000000008011c00       0x38 ./icm20948Lib/Invn/Devices/Drivers/Icm20948/Icm20948Transport.o
                0x0000000008011c00                inv_icm20948_read_reg
 .text.inv_icm20948_write_reg
                0x0000000008011c38       0x38 ./icm20948Lib/Invn/Devices/Drivers/Icm20948/Icm20948Transport.o
                0x0000000008011c38                inv_icm20948_write_reg
 .text.inv_icm20948_sleep_100us
                0x0000000008011c70        0xc ./icm20948Lib/Invn/Devices/Drivers/Icm20948/Icm20948Transport.o
                0x0000000008011c70                inv_icm20948_sleep_100us
 .text.inv_icm20948_transport_init
                0x0000000008011c7c        0xc ./icm20948Lib/Invn/Devices/Drivers/Icm20948/Icm20948Transport.o
                0x0000000008011c7c                inv_icm20948_transport_init
 .text.inv_icm20948_write_mems_reg
                0x0000000008011c88      0x138 ./icm20948Lib/Invn/Devices/Drivers/Icm20948/Icm20948Transport.o
                0x0000000008011c88                inv_icm20948_write_mems_reg
 .text.inv_icm20948_write_single_mems_reg
                0x0000000008011dc0       0xf0 ./icm20948Lib/Invn/Devices/Drivers/Icm20948/Icm20948Transport.o
                0x0000000008011dc0                inv_icm20948_write_single_mems_reg
 .text.inv_icm20948_read_mems_reg