../icm20948Lib/Invn/Devices/DeviceIcm20948.c:114:12:host_serif_read_reg_legacy	4	static
../icm20948Lib/Invn/Devices/DeviceIcm20948.c:125:12:host_serif_write_reg_legacy	4	static
../icm20948Lib/Invn/Devices/DeviceIcm20948.c:190:5:inv_device_icm20948_poll	0	static
../icm20948Lib/Invn/Devices/DeviceIcm20948.c:222:5:inv_device_icm20948_setup	24	static
../icm20948Lib/Invn/Devices/DeviceIcm20948.c:284:5:inv_device_icm20948_load	0	static
../icm20948Lib/Invn/Devices/DeviceIcm20948.c:364:5:inv_device_icm20948_enable_sensor	0	static
../icm20948Lib/Invn/Devices/DeviceIcm20948.c:371:5:inv_device_icm20948_set_sensor_period_us	0	static
../icm20948Lib/Invn/Devices/DeviceIcm20948.c:382:5:inv_device_icm20948_set_sensor_timeout	0	static
../icm20948Lib/Invn/Devices/DeviceIcm20948.c:391:5:inv_device_icm20948_set_sensor_mounting_matrix	0	static
../icm20948Lib/Invn/Devices/DeviceIcm20948.c:399:5:inv_device_icm20948_write_mems_register	0	static
../icm20948Lib/Invn/Devices/DeviceIcm20948.c:409:5:inv_device_icm20948_read_mems_register	0	static
../icm20948Lib/Invn/Devices/DeviceIcm20948.c:197:5:inv_device_icm20948_whoami	8	static
../icm20948Lib/Invn/Devices/DeviceIcm20948.c:331:5:inv_device_icm20948_ping_sensor	8	static
../icm20948Lib/Invn/Devices/DeviceIcm20948.c:427:5:inv_device_icm20948_set_sensor_config	40	static
../icm20948Lib/Invn/Devices/DeviceIcm20948.c:460:5:inv_device_icm20948_get_sensor_config	0	static
../icm20948Lib/Invn/Devices/DeviceIcm20948.c:478:13:data_handler	128	static
../icm20948Lib/Invn/Devices/DeviceIcm20948.c:270:5:inv_device_icm20948_cleanup	32	static
../icm20948Lib/Invn/Devices/DeviceIcm20948.c:206:5:inv_device_icm20948_reset	16	static
../icm20948Lib/Invn/Devices/DeviceIcm20948.c:295:5:inv_device_icm20948_self_test	24	static
../icm20948Lib/Invn/Devices/DeviceIcm20948.c:132:6:inv_device_icm20948_init	48	static
../icm20948Lib/Invn/Devices/DeviceIcm20948.c:149:6:inv_device_icm20948_init2	56	static
../icm20948Lib/Invn/Devices/DeviceIcm20948.c:419:6:inv_device_icm20948_init_aux_compass	0	static
