../icm20948Lib/Invn/Devices/Drivers/Icm20948/Icm20948DataBaseDriver.c:25:6:inv_icm20948_prevent_lpen_control	0	static
../icm20948Lib/Invn/Devices/Drivers/Icm20948/Icm20948DataBaseDriver.c:29:6:inv_icm20948_allow_lpen_control	8	static
../icm20948Lib/Invn/Devices/Drivers/Icm20948/Icm20948DataBaseDriver.c:48:5:inv_icm20948_set_chip_power_state	16	static
../icm20948Lib/Invn/Devices/Drivers/Icm20948/Icm20948DataBaseDriver.c:104:9:inv_icm20948_get_chip_power_state	0	static
../icm20948Lib/Invn/Devices/Drivers/Icm20948/Icm20948DataBaseDriver.c:111:5:inv_icm20948_wakeup_mems	24	static
../icm20948Lib/Invn/Devices/Drivers/Icm20948/Icm20948DataBaseDriver.c:137:5:inv_icm20948_sleep_mems	24	static
../icm20948Lib/Invn/Devices/Drivers/Icm20948/Icm20948DataBaseDriver.c:150:5:inv_icm20948_set_dmp_address	16	static
../icm20948Lib/Invn/Devices/Drivers/Icm20948/Icm20948DataBaseDriver.c:172:5:inv_icm20948_set_secondary	16	static
../icm20948Lib/Invn/Devices/Drivers/Icm20948/Icm20948DataBaseDriver.c:186:5:inv_icm20948_enter_duty_cycle_mode	16	static
../icm20948Lib/Invn/Devices/Drivers/Icm20948/Icm20948DataBaseDriver.c:195:5:inv_icm20948_enter_low_noise_mode	16	static
../icm20948Lib/Invn/Devices/Drivers/Icm20948/Icm20948DataBaseDriver.c:207:5:inv_icm20948_initialize_lower_driver	48	static
../icm20948Lib/Invn/Devices/Drivers/Icm20948/Icm20948DataBaseDriver.c:310:5:inv_icm20948_get_compass_availability	0	static
../icm20948Lib/Invn/Devices/Drivers/Icm20948/Icm20948DataBaseDriver.c:323:5:inv_icm20948_get_proximity_availability	0	static
../icm20948Lib/Invn/Devices/Drivers/Icm20948/Icm20948DataBaseDriver.c:328:5:inv_icm20948_set_slave_compass_id	16	static
../icm20948Lib/Invn/Devices/Drivers/Icm20948/Icm20948DataBaseDriver.c:359:5:inv_icm20948_set_gyro_divider	16	static
../icm20948Lib/Invn/Devices/Drivers/Icm20948/Icm20948DataBaseDriver.c:365:15:inv_icm20948_get_gyro_divider	0	static
../icm20948Lib/Invn/Devices/Drivers/Icm20948/Icm20948DataBaseDriver.c:370:5:inv_icm20948_set_secondary_divider	0	static
../icm20948Lib/Invn/Devices/Drivers/Icm20948/Icm20948DataBaseDriver.c:376:16:inv_icm20948_get_secondary_divider	0	static
../icm20948Lib/Invn/Devices/Drivers/Icm20948/Icm20948DataBaseDriver.c:381:5:inv_icm20948_set_accel_divider	16	static
../icm20948Lib/Invn/Devices/Drivers/Icm20948/Icm20948DataBaseDriver.c:392:7:inv_icm20948_get_accel_divider	0	static
../icm20948Lib/Invn/Devices/Drivers/Icm20948/Icm20948DataBaseDriver.c:402:10:inv_icm20948_get_odr_in_units	24	static
../icm20948Lib/Invn/Devices/Drivers/Icm20948/Icm20948DataBaseDriver.c:454:5:inv_icm20948_set_gyro_sf	24	static
../icm20948Lib/Invn/Devices/Drivers/Icm20948/Icm20948DataBaseDriver.c:503:9:inv_icm20948_get_gyro_fullscale	0	static
../icm20948Lib/Invn/Devices/Drivers/Icm20948/Icm20948DataBaseDriver.c:509:5:inv_icm20948_set_icm20948_gyro_fullscale	24	static
../icm20948Lib/Invn/Devices/Drivers/Icm20948/Icm20948DataBaseDriver.c:493:5:inv_icm20948_set_gyro_fullscale	24	static
../icm20948Lib/Invn/Devices/Drivers/Icm20948/Icm20948DataBaseDriver.c:579:9:inv_icm20948_get_accel_fullscale	0	static
../icm20948Lib/Invn/Devices/Drivers/Icm20948/Icm20948DataBaseDriver.c:585:5:inv_icm20948_set_icm20948_accel_fullscale	32	static
../icm20948Lib/Invn/Devices/Drivers/Icm20948/Icm20948DataBaseDriver.c:569:5:inv_icm20948_set_accel_fullscale	24	static
../icm20948Lib/Invn/Devices/Drivers/Icm20948/Icm20948DataBaseDriver.c:643:5:inv_icm20948_enable_hw_sensors	16	static
../icm20948Lib/Invn/Devices/Drivers/Icm20948/Icm20948DataBaseDriver.c:674:5:inv_icm20948_set_serial_comm	0	static
../icm20948Lib/Invn/Devices/Drivers/Icm20948/Icm20948DataBaseDriver.c:682:5:inv_icm20948_set_int1_assertion	24	static
../icm20948Lib/Invn/Devices/Drivers/Icm20948/Icm20948DataBaseDriver.c:716:5:inv_icm20948_accel_read_hw_reg_data	16	static
