../icm20948Lib/Invn/Devices/Drivers/Icm20948/Icm20948DataConverter.c:766:13:invn_convert_inverse_q15_fxp.part.0	20	static
../icm20948Lib/Invn/Devices/Drivers/Icm20948/Icm20948DataConverter.c:564:6:inv_icm20948_convert_inverse_q30_fxp.part.0	20	static
../icm20948Lib/Invn/Devices/Drivers/Icm20948/Icm20948DataConverter.c:44:6:inv_icm20948_q_mult_q_qi	12	static
../icm20948Lib/Invn/Devices/Drivers/Icm20948/Icm20948DataConverter.c:59:6:inv_icm20948_convert_quat_rotate_fxp	80	static
../icm20948Lib/Invn/Devices/Drivers/Icm20948/Icm20948DataConverter.c:74:6:inv_icm20948_set_chip_to_body	0	static
../icm20948Lib/Invn/Devices/Drivers/Icm20948/Icm20948DataConverter.c:121:6:inv_icm20948_convert_rotation_vector_3	8	static
../icm20948Lib/Invn/Devices/Drivers/Icm20948/Icm20948DataConverter.c:169:6:inv_icm20948_convert_dmp3_to_body	64	static
../icm20948Lib/Invn/Devices/Drivers/Icm20948/Icm20948DataConverter.c:179:16:inv_icm20948_int32_to_little8	0	static
../icm20948Lib/Invn/Devices/Drivers/Icm20948/Icm20948DataConverter.c:188:7:inv_icm20948_convert_deg_to_rad	0	static
../icm20948Lib/Invn/Devices/Drivers/Icm20948/Icm20948DataConverter.c:195:6:inv_icm20948_convert_mult_q30_fxp	0	static
../icm20948Lib/Invn/Devices/Drivers/Icm20948/Icm20948DataConverter.c:204:5:inv_icm20948_convert_compute_scalar_part_fxp	24	static
../icm20948Lib/Invn/Devices/Drivers/Icm20948/Icm20948DataConverter.c:219:6:inv_icm20948_convert_fast_sqrt_fxp	16	static
../icm20948Lib/Invn/Devices/Drivers/Icm20948/Icm20948DataConverter.c:107:6:inv_icm20948_convert_rotation_vector_2	64	static
../icm20948Lib/Invn/Devices/Drivers/Icm20948/Icm20948DataConverter.c:83:6:inv_icm20948_convert_rotation_vector	40	static
../icm20948Lib/Invn/Devices/Drivers/Icm20948/Icm20948DataConverter.c:277:5:inv_icm20948_convert_test_limits_and_scale_fxp	8	static
../icm20948Lib/Invn/Devices/Drivers/Icm20948/Icm20948DataConverter.c:333:9:inv_icm20948_convert_get_highest_bit_position	4	static
../icm20948Lib/Invn/Devices/Drivers/Icm20948/Icm20948DataConverter.c:513:6:inv_icm20948_convert_inv_sqrt_q30_fxp	16	static
../icm20948Lib/Invn/Devices/Drivers/Icm20948/Icm20948DataConverter.c:484:6:inv_icm20948_convert_sqrt_q30_fxp	16	static
../icm20948Lib/Invn/Devices/Drivers/Icm20948/Icm20948DataConverter.c:365:6:inv_icm20948_convert_matrix_to_quat_fxp	56	static
../icm20948Lib/Invn/Devices/Drivers/Icm20948/Icm20948DataConverter.c:564:6:inv_icm20948_convert_inverse_q30_fxp	20	static
../icm20948Lib/Invn/Devices/Drivers/Icm20948/Icm20948DataConverter.c:596:6:inv_icm20948_convert_matrix_to_quat_flt	40	static
../icm20948Lib/Invn/Devices/Drivers/Icm20948/Icm20948DataConverter.c:142:6:inv_icm20948_set_chip_to_body_axis_quaternion	96	static
../icm20948Lib/Invn/Devices/Drivers/Icm20948/Icm20948DataConverter.c:659:6:inv_icm20948_convert_mult_qfix_fxp	0	static
../icm20948Lib/Invn/Devices/Drivers/Icm20948/Icm20948DataConverter.c:678:6:inv_icm20948_convert_quat_to_col_major_matrix_fxp	4	static
../icm20948Lib/Invn/Devices/Drivers/Icm20948/Icm20948DataConverter.c:798:6:inv_icm20948_math_atan2_q15_fxp	24	static
../icm20948Lib/Invn/Devices/Drivers/Icm20948/Icm20948DataConverter.c:850:10:inv_icm20948_convert_int16_to_big8	0	static
../icm20948Lib/Invn/Devices/Drivers/Icm20948/Icm20948DataConverter.c:857:10:inv_icm20948_convert_int32_to_big8	0	static
../icm20948Lib/Invn/Devices/Drivers/Icm20948/Icm20948DataConverter.c:866:9:inv_icm20948_convert_big8_to_int32	0	static
