../icm20948Lib/Invn/Devices/Drivers/Icm20948/Icm20948Transport.c:93:12:inv_set_bank.part.0	24	static
../icm20948Lib/Invn/Devices/Drivers/Icm20948/Icm20948Transport.c:30:5:inv_icm20948_read_reg	8	static
../icm20948Lib/Invn/Devices/Drivers/Icm20948/Icm20948Transport.c:35:5:inv_icm20948_write_reg	8	static
../icm20948Lib/Invn/Devices/Drivers/Icm20948/Icm20948Transport.c:40:6:inv_icm20948_sleep_100us	0	static
../icm20948Lib/Invn/Devices/Drivers/Icm20948/Icm20948Transport.c:45:6:inv_icm20948_get_tick_count	8	static
../icm20948Lib/Invn/Devices/Drivers/Icm20948/Icm20948Transport.c:56:6:inv_icm20948_transport_init	0	static
../icm20948Lib/Invn/Devices/Drivers/Icm20948/Icm20948Transport.c:123:5:inv_icm20948_write_mems_reg	40	static
../icm20948Lib/Invn/Devices/Drivers/Icm20948/Icm20948Transport.c:163:5:inv_icm20948_write_single_mems_reg	32	static
../icm20948Lib/Invn/Devices/Drivers/Icm20948/Icm20948Transport.c:193:5:inv_icm20948_read_mems_reg	64	static
../icm20948Lib/Invn/Devices/Drivers/Icm20948/Icm20948Transport.c:244:5:inv_icm20948_read_mems	64	static
../icm20948Lib/Invn/Devices/Drivers/Icm20948/Icm20948Transport.c:320:5:inv_icm20948_write_mems	48	static
../icm20948Lib/Invn/Devices/Drivers/Icm20948/Icm20948Transport.c:383:5:inv_icm20948_write_single_mems_reg_core	32	static
