C:/Users/mames/Documents/progetti_stm32/skyArm/vl53l1x/platform/vl53l1_platform.c:51:5:_I2CWrite	40	static
C:/Users/mames/Documents/progetti_stm32/skyArm/vl53l1x/platform/vl53l1_platform.c:63:5:_I2CRead	40	static
C:/Users/mames/Documents/progetti_stm32/skyArm/vl53l1x/platform/vl53l1_platform.c:75:8:VL53L1_WriteMulti	32	static
C:/Users/mames/Documents/progetti_stm32/skyArm/vl53l1x/platform/vl53l1_platform.c:96:8:VL53L1_ReadMulti	32	static
C:/Users/mames/Documents/progetti_stm32/skyArm/vl53l1x/platform/vl53l1_platform.c:120:8:VL53L1_WrByte	24	static
C:/Users/mames/Documents/progetti_stm32/skyArm/vl53l1x/platform/vl53l1_platform.c:137:8:VL53L1_WrWord	24	static
C:/Users/mames/Documents/progetti_stm32/skyArm/vl53l1x/platform/vl53l1_platform.c:155:8:VL53L1_WrDWord	24	static
C:/Users/mames/Documents/progetti_stm32/skyArm/vl53l1x/platform/vl53l1_platform.c:174:8:VL53L1_RdByte	24	static
C:/Users/mames/Documents/progetti_stm32/skyArm/vl53l1x/platform/vl53l1_platform.c:198:8:VL53L1_RdWord	24	static
C:/Users/mames/Documents/progetti_stm32/skyArm/vl53l1x/platform/vl53l1_platform.c:225:8:VL53L1_RdDWord	24	static
C:/Users/mames/Documents/progetti_stm32/skyArm/vl53l1x/platform/vl53l1_platform.c:252:8:VL53L1_WaitMs	16	static
